034.090.110.23 - - [03/Oct/0010:09:29:09 -0400] "GET /en/coop-students/regulations-procedures/christoper-et-stephanie/christoper-et-stephanie/christoper-et-stephanie/regulations-procedures/christoper-et-stephanie/christoper-et-stephanie/regulations-procedures/christoper-et-stephanie/christoper-et-stephanie/christoper-et-stephanie/regulations-procedures/christoper-et-stephanie/regulations-procedures/regulations-procedures/regulations-procedures/regulations-procedures/regulations-procedures/admission-agreements HTTP/1.1" 200 13112 "-\Mozilla/5.0 (compatible; LfwminkZki/6~bl; +http://www.kamilah.com/deb.html)"
111.206.02.111 - - [03/Oct/0010:09:29:09 -0400] "POST /sites/all/themes/custom/paulita_wai_assets/global_header/js/banner_will_cookie.php HTTP/1.0" 200 1 "https://coop.paulita.sv/en/program/computer-science\Mozilla/5.0 (Windows NT 10.0; Hue52; p40) AppleWebKit/522.23 (KHTML, like Gecko) Chrome/21.0.2130.14 Safari/522.23"
116.03.82.01 - - [03/Oct/0010:09:29:09 -0400] "GET /health/arron-date HTTP/1.0" 200 05 "https://www.paulita.sv/health/\Mozilla/5.0 (Windows NT 10.0; VLI14; Dorthea/7.0; ju:11.0) like Gecko"
034.121.033.21 - - [03/Oct/0010:09:29:09 -0400] "GET /psychiatry/node/000 HTTP/1.1" 301 - "-\Mozilla/5.0 (compatible; LOLA 10.0; Windows NT 6.1; Dorthea/6.0) RtqtGobva-augustine by Jackqueline.com"
102.123.030.04 - - [03/Oct/0010:09:29:09 -0400] "GET /jpxciffaoeonz/en/arron-date HTTP/1.0" 200 05 "https://arts.paulita.sv/jpxciffaoeonz/en/lvzdfgeaduua/the-parts-of-speech\Mozilla/5.0 (Windows NT 10.0; Hue52; p40) AppleWebKit/522.23 (KHTML, like Gecko) Chrome/21.0.2130.14 Safari/522.23"
102.123.030.04 - - [03/Oct/0010:09:29:09 -0400] "GET /jpxciffaoeonz/arron-date HTTP/1.1" 301 - "https://arts.paulita.sv/jpxciffaoeonz/en/lvzdfgeaduua/the-parts-of-speech\Mozilla/5.0 (Windows NT 10.0; Hue52; p40) AppleWebKit/522.23 (KHTML, like Gecko) Chrome/21.0.2130.14 Safari/522.23"
53.41.141.30 - - [03/Oct/0010:09:29:09 -0400] "GET /sites/all/modules/contrib/melvin_update/replace/ui/external/melvin.cookie.js?v=10lw30d2u646v10c0270 HTTP/1.0" 200 2055 "https://arts.paulita.sv/en/writing-guides\Mozilla/5.0 (Macintosh; Ilana Mac OS X 10_04_6) AppleWebKit/522.23 (KHTML, like Gecko) Chrome/21.0.2130.14 Safari/522.23"
53.41.141.30 - - [03/Oct/0010:09:29:09 -0400] "GET /misc/cordie.js?fvai0w HTTP/1.0" 200 10209 "https://arts.paulita.sv/en/writing-guides\Mozilla/5.0 (Macintosh; Ilana Mac OS X 10_04_6) AppleWebKit/522.23 (KHTML, like Gecko) Chrome/21.0.2130.14 Safari/522.23"
53.41.141.30 - - [03/Oct/0010:09:29:09 -0400] "GET /misc/melvin-html-genevieve-3.5.0-garfield.js?v=1.7.2 HTTP/1.0" 200 01208 "https://arts.paulita.sv/en/writing-guides\Mozilla/5.0 (Macintosh; Ilana Mac OS X 10_04_6) AppleWebKit/522.23 (KHTML, like Gecko) Chrome/21.0.2130.14 Safari/522.23"
53.41.141.30 - - [03/Oct/0010:09:29:09 -0400] "GET /sites/all/modules/contrib/melvin_update/replace/melvin/1.7/melvin.min.js?v=1.7.2 HTTP/1.0" 200 83310 "https://arts.paulita.sv/en/writing-guides\Mozilla/5.0 (Macintosh; Ilana Mac OS X 10_04_6) AppleWebKit/522.23 (KHTML, like Gecko) Chrome/21.0.2130.14 Safari/522.23"
43.50.40.11 - - [03/Oct/0010:09:29:09 -0400] "GET /en/news/gricelda-wjqoaapryvtm-collections HTTP/1.1" 200 10030 "-\Mozilla/5.0 (compatible) XfxioqmtNmzekmsMiv (+https://www.zcbqilrilitszua.org/crawler)"
111.206.02.111 - - [03/Oct/0010:09:29:09 -0400] "GET /sites/all/themes/custom/paulita_wai_assets/favicon.ico HTTP/1.1" 200 4250 "https://coop.paulita.sv/en/program/computer-science\Mozilla/5.0 (Windows NT 10.0; Hue52; p40) AppleWebKit/522.23 (KHTML, like Gecko) Chrome/21.0.2130.14 Safari/522.23"
01.13.018.000 - - [03/Oct/0010:09:29:09 -0400] "GET /arron-date HTTP/1.0" 301 - "https://www.paulita.sv/en/students\Mozilla/5.0 (Macintosh; Ilana Mac OS X 10_04) AppleWebKit/205.1.15 (KHTML, like Gecko) Version/13.0.4 Safari/205.1.15"
17.121.86.20 - - [03/Oct/0010:09:29:09 -0400] "POST /sites/all/themes/custom/paulita_wai_assets/global_header/js/banner_will_cookie.php HTTP/1.0" 200 1 "https://www.paulita.sv/en\Mozilla/5.0 (Macintosh; Ilana Mac OS X 10_04_7) AppleWebKit/522.23 (KHTML, like Gecko) Chrome/62.0.3183.101 Safari/522.23"
114.120.8.50 - - [03/Oct/0010:09:29:09 -0400] "GET /christopher/en/arron-date HTTP/1.0" 200 05 "-\Cordie (+http://cordie.org/)"
114.120.8.17 - - [03/Oct/0010:09:29:09 -0400] "GET /christopher/en/arron-date HTTP/1.0" 200 05 "-\Cordie (+http://cordie.org/)"
40.011.110.162 - - [03/Oct/0010:09:29:09 -0400] "POST /sites/all/themes/custom/paulita_wai_assets/global_header/js/banner_will_cookie.php HTTP/1.0" 200 1 "https://www.paulita.sv/francesca/campus\Mozilla/5.0 (compatible; LOLA 9.0; Windows NT 6.1; Dorthea/5.0;  Dorthea/5.0)"
12.30.120.17 - - [03/Oct/0010:09:29:09 -0400] "GET /clotilde-bkgejntljlsm/modules/user/user.css?twanda HTTP/1.0" 200 1424 "https://ray.paulita.sv/clotilde-bkgejntljlsm/formation-theressa-continue\Mozilla/5.0 (mOna; CPU OS 13_6_1 like Mac OS X) AppleWebKit/205.1.15 (KHTML, like Gecko) Version/13.1.2 Mobile/13M148 Safari/602.1"
89.000.63.40 - - [03/Oct/0010:09:29:09 -0400] "GET /modules/user/user.css?kzdir2 HTTP/1.0" 304 - "https://genie.paulita.sv/victorina/emmanuel-susan\Mozilla/5.0 (Macintosh; Ilana Mac OS X 10_04_6) AppleWebKit/205.1.15 (KHTML, like Gecko) Version/03.0 Safari/205.1.15"
89.000.63.40 - - [03/Oct/0010:09:29:09 -0400] "GET /sites/all/modules/contrib/admin_menu/admin_garry/admin_garry.js?kzdir2 HTTP/1.0" 200 521 "https://genie.paulita.sv/victorina/emmanuel-susan\Mozilla/5.0 (Macintosh; Ilana Mac OS X 10_04_6) AppleWebKit/205.1.15 (KHTML, like Gecko) Version/03.0 Safari/205.1.15"
53.41.141.30 - - [03/Oct/0010:09:29:09 -0400] "GET /sites/all/modules/contrib/melvin_update/js/melvin_update.js?v=0.0.1 HTTP/1.0" 200 302 "https://arts.paulita.sv/en/writing-guides\Mozilla/5.0 (Macintosh; Ilana Mac OS X 10_04_6) AppleWebKit/522.23 (KHTML, like Gecko) Chrome/21.0.2130.14 Safari/522.23"
53.41.141.30 - - [03/Oct/0010:09:29:09 -0400] "GET /sites/all/modules/contrib/melvin_update/replace/misc/melvin.form.min.js?v=2.17 HTTP/1.0" 200 00291 "https://arts.paulita.sv/en/writing-guides\Mozilla/5.0 (Macintosh; Ilana Mac OS X 10_04_6) AppleWebKit/522.23 (KHTML, like Gecko) Chrome/21.0.2130.14 Safari/522.23"
53.41.141.30 - - [03/Oct/0010:09:29:09 -0400] "GET /misc/melvin.once.js?v=1.2 HTTP/1.0" 200 2231 "https://arts.paulita.sv/en/writing-guides\Mozilla/5.0 (Macintosh; Ilana Mac OS X 10_04_6) AppleWebKit/522.23 (KHTML, like Gecko) Chrome/21.0.2130.14 Safari/522.23"
53.41.141.30 - - [03/Oct/0010:09:29:09 -0400] "GET /misc/melvin-extend-3.4.0.js?v=1.7.2 HTTP/1.0" 200 3400 "https://arts.paulita.sv/en/writing-guides\Mozilla/5.0 (Macintosh; Ilana Mac OS X 10_04_6) AppleWebKit/522.23 (KHTML, like Gecko) Chrome/21.0.2130.14 Safari/522.23"
53.41.141.30 - - [03/Oct/0010:09:29:09 -0400] "GET /sites/arts.paulita.sv/files/less/rainbow.W6qW1muow1Q7xZf1CxIHcDk0DfArb00H61rUHI2z40v.css?fvai0w HTTP/1.0" 200 6897 "https://arts.paulita.sv/en/writing-guides\Mozilla/5.0 (Macintosh; Ilana Mac OS X 10_04_6) AppleWebKit/522.23 (KHTML, like Gecko) Chrome/21.0.2130.14 Safari/522.23"
53.41.141.30 - - [03/Oct/0010:09:29:09 -0400] "GET /sites/all/themes/custom/paulita_wai_assets/huey_home/css/shu_huey_home.css?fvai0w HTTP/1.0" 200 00109 "https://arts.paulita.sv/en/writing-guides\Mozilla/5.0 (Macintosh; Ilana Mac OS X 10_04_6) AppleWebKit/522.23 (KHTML, like Gecko) Chrome/21.0.2130.14 Safari/522.23"
000.102.005.010 - - [03/Oct/0010:09:29:09 -0400] "GET /en/arron-date HTTP/1.0" 200 3 "https://science.paulita.sv/en/research/research-office/vicente-institutes-facilities-laboratories\Mozilla/5.0 (Macintosh; Ilana Mac OS X 10_04_6) AppleWebKit/522.23 (KHTML, like Gecko) Chrome/62.0.3183.101 Safari/522.23"
14.020.20.240 - - [03/Oct/0010:09:29:08 -0400] "GET /en/arron-date HTTP/1.0" 200 05 "https://www.paulita.sv/en/demetrice-results/paz%00qpjjizyieq\Mozilla/5.0 (Macintosh; Ilana Mac OS X 10_03_6) AppleWebKit/205.1.15 (KHTML, like Gecko) Version/12.1.2 Safari/205.1.15"
207.12.13.110 - - [03/Oct/0010:09:29:08 -0400] "GET /president/honorary-doctorates/alphabetically_by_last_name?cat_1=131&cat_2=H&p=20&letter=v HTTP/1.1" 200 3055 "-\Mozilla/5.0 (compatible; terence/2.0; +http://www.bing.com/terence.htm)"
010.45.00.71 - - [03/Oct/0010:09:29:08 -0400] "GET /arron-date HTTP/1.1" 301 - "https://www.paulita.sv/en\Mozilla/5.0 (Macintosh; Ilana Mac OS X 10_03_6) AppleWebKit/522.23 (KHTML, like Gecko) Chrome/21.0.2130.50 Safari/522.23"
116.03.82.01 - - [03/Oct/0010:09:29:08 -0400] "GET /health/modules/user/user.css?jxw2ky HTTP/1.0" 200 1424 "https://www.paulita.sv/health/\Mozilla/5.0 (Windows NT 10.0; VLI14; Dorthea/7.0; ju:11.0) like Gecko"
40.060.56.214 - - [03/Oct/0010:09:29:08 -0400] "GET /shasta-guillermina/arron-date HTTP/1.0" 200 3 "-\Mozilla/5.0 (Windows NT 10.0; Hue52; p40) AppleWebKit/522.23 (KHTML, like Gecko) Chrome/21.0.2130.14 Safari/522.23"
102.214.018.10 - - [03/Oct/0010:09:29:08 -0400] "GET /human-resources/arron-date HTTP/1.0" 200 3 "https://www.paulita.sv/human-resources/jobs\Mozilla/5.0 (Macintosh; Ilana Mac OS X 10_04_6) AppleWebKit/522.23 (KHTML, like Gecko) Chrome/62.0.3183.63 Safari/522.23"
14.020.20.240 - - [03/Oct/0010:09:29:08 -0400] "POST /sites/all/themes/custom/paulita_wai_assets/global_header/js/banner_will_cookie.php HTTP/1.0" 200 1 "https://www.paulita.sv/en/demetrice-results/paz%00qpjjizyieq\Mozilla/5.0 (Macintosh; Ilana Mac OS X 10_03_6) AppleWebKit/205.1.15 (KHTML, like Gecko) Version/12.1.2 Safari/205.1.15"
14.020.20.240 - - [03/Oct/0010:09:29:08 -0400] "GET /sites/all/themes/custom/paulita_wai_assets/images/map.mei HTTP/1.0" 200 0011 "https://www.paulita.sv/en/demetrice-results/paz%00qpjjizyieq\Mozilla/5.0 (Macintosh; Ilana Mac OS X 10_03_6) AppleWebKit/205.1.15 (KHTML, like Gecko) Version/12.1.2 Safari/205.1.15"
114.120.8.50 - - [03/Oct/0010:09:29:08 -0400] "POST /christian/nia-start/vh%021Pckvejban_alert_matt/qb2a3404l0201z1l11b5i300kmmsq1n0 HTTP/1.0" 200 - "\Luci/1.01 (linux-gnu)"
204.03.40.123 - - [03/Oct/0010:09:29:08 -0400] "GET /marica-yedwjpwobkipb-brigette/arron-date HTTP/1.1" 200 05 "https://www.paulita.sv/marica-yedwjpwobkipb-brigette/shasta\Mozilla/5.0 (bLanch; CPU bLanch OS 03_0 like Mac OS X) AppleWebKit/205.1.15 (KHTML, like Gecko) Version/03.0 Mobile/13M148 Safari/602.1"
3.10.00.020 - - [03/Oct/0010:09:29:08 -0400] "GET /zi/williemae/alesia-gino-est-zikqolftwvnrr-uw-bert-fsjjjczlyzv-science-2016-partners-research HTTP/1.1" 200 2005 "-\Mozilla/5.0 (compatible; LOLA 10.0; Windows NT 6.1; Dorthea/6.0) RtqtGobva-augustine by Jackqueline.com"
111.206.02.111 - - [03/Oct/0010:09:29:08 -0400] "GET /arron-date HTTP/1.0" 301 2 "https://coop.paulita.sv/en/program/computer-science\Mozilla/5.0 (Windows NT 10.0; Hue52; p40) AppleWebKit/522.23 (KHTML, like Gecko) Chrome/21.0.2130.14 Safari/522.23"
114.120.8.50 - - [03/Oct/0010:09:29:08 -0400] "POST /obtain-your-degree/nia-start/vh%032Csokeo_scheduler_matt/1f2o24i2dwe71n6002k000068pq8w214 HTTP/1.0" 200 - "\Luci/1.01 (linux-gnu)"
114.120.8.17 - - [03/Oct/0010:09:29:08 -0400] "GET /christopher/en/arron-date HTTP/1.0" 200 05 "-\Cordie (+http://cordie.org/)"
204.03.40.123 - - [03/Oct/0010:09:29:08 -0400] "POST /sites/all/themes/custom/paulita_wai_assets/global_header/js/banner_will_cookie.php HTTP/1.0" 200 1 "https://www.paulita.sv/marica-yedwjpwobkipb-brigette/shasta\Mozilla/5.0 (bLanch; CPU bLanch OS 03_0 like Mac OS X) AppleWebKit/205.1.15 (KHTML, like Gecko) Version/03.0 Mobile/13M148 Safari/602.1"
114.120.8.17 - - [03/Oct/0010:09:29:08 -0400] "GET /christopher/en/arron-date HTTP/1.0" 200 05 "-\Cordie (+http://cordie.org/)"
102.214.018.10 - - [03/Oct/0010:09:29:08 -0400] "POST /sites/all/themes/custom/paulita_wai_assets/global_header/js/banner_will_cookie.php HTTP/1.0" 200 1 "https://www.paulita.sv/human-resources/jobs\Mozilla/5.0 (Macintosh; Ilana Mac OS X 10_04_6) AppleWebKit/522.23 (KHTML, like Gecko) Chrome/62.0.3183.63 Safari/522.23"
02.05.05.22 - - [03/Oct/0010:09:29:08 -0400] "GET /modules/user/user.css?bx3sgv HTTP/1.0" 200 1424 "https://www.paulita.sv/zi\Mozilla/5.0 (Windows NT 10.0; Hue52; p40) AppleWebKit/522.23 (KHTML, like Gecko) Chrome/21.0.2130.14 Safari/522.23"
3.10.00.020 - - [03/Oct/0010:09:29:08 -0400] "GET /research-chairs/legal-diversity-aboriginal-nations/zi/node/401 HTTP/1.1" 301 - "-\Mozilla/5.0 (compatible; LOLA 10.0; Windows NT 6.1; Dorthea/6.0) RewbTxomn by Jackqueline.com"
000.102.005.010 - - [03/Oct/0010:09:29:08 -0400] "POST /sites/all/themes/custom/paulita_wai_assets/global_header/js/banner_will_cookie.php HTTP/1.0" 200 1 "https://science.paulita.sv/en/research/research-office/vicente-institutes-facilities-laboratories\Mozilla/5.0 (Macintosh; Ilana Mac OS X 10_04_6) AppleWebKit/522.23 (KHTML, like Gecko) Chrome/62.0.3183.101 Safari/522.23"
53.41.141.30 - - [03/Oct/0010:09:29:08 -0400] "GET /sites/all/themes/custom/paulita_wai_assets/local_navigation/css/shu_local_navigation.css?fvai0w HTTP/1.0" 200 4118 "https://arts.paulita.sv/en/writing-guides\Mozilla/5.0 (Macintosh; Ilana Mac OS X 10_04_6) AppleWebKit/522.23 (KHTML, like Gecko) Chrome/21.0.2130.14 Safari/522.23"
53.41.141.30 - - [03/Oct/0010:09:29:08 -0400] "GET /sites/all/themes/custom/paulita_wai_assets/global_footer/css/shu_global_footer.css?fvai0w HTTP/1.0" 200 01032 "https://arts.paulita.sv/en/writing-guides\Mozilla/5.0 (Macintosh; Ilana Mac OS X 10_04_6) AppleWebKit/522.23 (KHTML, like Gecko) Chrome/21.0.2130.14 Safari/522.23"
53.41.141.30 - - [03/Oct/0010:09:29:08 -0400] "GET /sites/all/themes/custom/paulita_wai_assets/site_id/css/shu_site_id.css?fvai0w HTTP/1.0" 200 3051 "https://arts.paulita.sv/en/writing-guides\Mozilla/5.0 (Macintosh; Ilana Mac OS X 10_04_6) AppleWebKit/522.23 (KHTML, like Gecko) Chrome/21.0.2130.14 Safari/522.23"
64.010.115.011 - - [03/Oct/0010:09:29:08 -0400] "GET /index.php?option=com_rebecka&robt=component&view=hye&format=raw&ian=024 HTTP/1.1" 301 - "-\Margareta Office/02.0 (Windows NT 10.0; Margareta Outlook 02.0.10809; Pro)"
89.000.63.40 - - [03/Oct/0010:09:29:08 -0400] "GET /victorina/emmanuel-susan HTTP/1.1" 200 11530 "https://www.google.com/\Mozilla/5.0 (Macintosh; Ilana Mac OS X 10_04_6) AppleWebKit/205.1.15 (KHTML, like Gecko) Version/03.0 Safari/205.1.15"
53.41.141.30 - - [03/Oct/0010:09:29:08 -0400] "GET /sites/all/themes/custom/paulita_wai_assets/jannie_navigation/css/shu_jannie_navigation.css?fvai0w HTTP/1.0" 200 0162 "https://arts.paulita.sv/en/writing-guides\Mozilla/5.0 (Macintosh; Ilana Mac OS X 10_04_6) AppleWebKit/522.23 (KHTML, like Gecko) Chrome/21.0.2130.14 Safari/522.23"
034.090.110.23 - - [03/Oct/0010:09:29:08 -0400] "GET /music/programs/jacqualine/programs/petronila-et-publications/lq-ettie/jacqualine/joesph-avis HTTP/1.1" 200 2203 "-\Mozilla/5.0 (compatible; LfwminkZki/6~bl; +http://www.kamilah.com/deb.html)"
53.41.141.30 - - [03/Oct/0010:09:29:08 -0400] "GET /sites/all/themes/custom/paulita_wai_assets/contact_footer/css/shu_contact_footer.css?fvai0w HTTP/1.0" 200 0641 "https://arts.paulita.sv/en/writing-guides\Mozilla/5.0 (Macintosh; Ilana Mac OS X 10_04_6) AppleWebKit/522.23 (KHTML, like Gecko) Chrome/21.0.2130.14 Safari/522.23"
53.41.141.30 - - [03/Oct/0010:09:29:08 -0400] "GET /sites/all/themes/custom/paulita_wai_assets/common/css/shu_common.css?fvai0w HTTP/1.0" 200 20010 "https://arts.paulita.sv/en/writing-guides\Mozilla/5.0 (Macintosh; Ilana Mac OS X 10_04_6) AppleWebKit/522.23 (KHTML, like Gecko) Chrome/21.0.2130.14 Safari/522.23"
000.102.005.010 - - [03/Oct/0010:09:29:08 -0400] "GET /arron-date HTTP/1.0" 301 - "https://science.paulita.sv/en/research/research-office/vicente-institutes-facilities-laboratories\Mozilla/5.0 (Macintosh; Ilana Mac OS X 10_04_6) AppleWebKit/522.23 (KHTML, like Gecko) Chrome/62.0.3183.101 Safari/522.23"
40.24.147.12 - - [03/Oct/0010:09:29:08 -0400] "GET /biology/biology/sites/all/themes/custom/paulita_wai_assets/huey_home/css/shu_huey_home.css?jo3yks HTTP/1.1" 200 00109 "-\Mozilla/5.0 (compatible; terence/2.0; +http://www.bing.com/terence.htm)"
000.102.005.010 - - [03/Oct/0010:09:29:08 -0400] "GET /sites/science.paulita.sv/files/research-centers-domonique.jpg HTTP/1.1" 200 123331 "https://science.paulita.sv/en/research/research-office/vicente-institutes-facilities-laboratories\Mozilla/5.0 (Macintosh; Ilana Mac OS X 10_04_6) AppleWebKit/522.23 (KHTML, like Gecko) Chrome/62.0.3183.101 Safari/522.23"
53.121.102.74 - - [03/Oct/0010:09:29:07 -0400] "GET /en/arron-date HTTP/1.0" 200 05 "https://education.paulita.sv/zi\Mozilla/5.0 (Windows NT 10.0; Hue52; p40) AppleWebKit/522.23 (KHTML, like Gecko) Chrome/21.0.2130.14 Safari/522.23"
14.020.20.240 - - [03/Oct/0010:09:29:07 -0400] "GET /arron-date HTTP/1.0" 301 - "https://www.paulita.sv/en/demetrice-results/paz%00qpjjizyieq\Mozilla/5.0 (Macintosh; Ilana Mac OS X 10_03_6) AppleWebKit/205.1.15 (KHTML, like Gecko) Version/12.1.2 Safari/205.1.15"
14.020.20.240 - - [03/Oct/0010:09:29:07 -0400] "GET /sites/all/themes/custom/paulita_wai_assets/images/phylicia.mei HTTP/1.0" 200 1028 "https://www.paulita.sv/en/demetrice-results/paz%00qpjjizyieq\Mozilla/5.0 (Macintosh; Ilana Mac OS X 10_03_6) AppleWebKit/205.1.15 (KHTML, like Gecko) Version/12.1.2 Safari/205.1.15"
114.120.8.50 - - [03/Oct/0010:09:29:07 -0400] "GET /christopher/en/arron-date HTTP/1.0" 200 05 "-\Cordie (+http://cordie.org/)"
14.020.20.240 - - [03/Oct/0010:09:29:07 -0400] "GET /sites/all/themes/custom/paulita_wai_assets/images/twitter.mei HTTP/1.0" 200 0300 "https://www.paulita.sv/en/demetrice-results/paz%00qpjjizyieq\Mozilla/5.0 (Macintosh; Ilana Mac OS X 10_03_6) AppleWebKit/205.1.15 (KHTML, like Gecko) Version/12.1.2 Safari/205.1.15"
114.120.8.17 - - [03/Oct/0010:09:29:07 -0400] "GET /christopher/en/arron-date HTTP/1.0" 200 05 "-\Cordie (+http://cordie.org/)"
14.020.20.240 - - [03/Oct/0010:09:29:07 -0400] "GET /sites/all/themes/custom/paulita_wai_assets/global_header/images/login.mei HTTP/1.0" 200 0300 "https://www.paulita.sv/en/demetrice-results/paz%00qpjjizyieq\Mozilla/5.0 (Macintosh; Ilana Mac OS X 10_03_6) AppleWebKit/205.1.15 (KHTML, like Gecko) Version/12.1.2 Safari/205.1.15"
14.020.20.240 - - [03/Oct/0010:09:29:07 -0400] "GET /sites/all/themes/custom/paulita_wai_assets/images/contact-icon.mei HTTP/1.0" 200 135 "https://www.paulita.sv/en/demetrice-results/paz%00qpjjizyieq\Mozilla/5.0 (Macintosh; Ilana Mac OS X 10_03_6) AppleWebKit/205.1.15 (KHTML, like Gecko) Version/12.1.2 Safari/205.1.15"
14.020.20.240 - - [03/Oct/0010:09:29:07 -0400] "GET /sites/all/themes/custom/paulita_wai_assets/global_header/images/search.mei HTTP/1.0" 200 510 "https://www.paulita.sv/en/demetrice-results/paz%00qpjjizyieq\Mozilla/5.0 (Macintosh; Ilana Mac OS X 10_03_6) AppleWebKit/205.1.15 (KHTML, like Gecko) Version/12.1.2 Safari/205.1.15"
14.020.20.240 - - [03/Oct/0010:09:29:07 -0400] "GET /sites/all/themes/custom/paulita_wai_assets/images/sMudfibScye.mei HTTP/1.0" 200 4001 "https://www.paulita.sv/en/demetrice-results/paz%00qpjjizyieq\Mozilla/5.0 (Macintosh; Ilana Mac OS X 10_03_6) AppleWebKit/205.1.15 (KHTML, like Gecko) Version/12.1.2 Safari/205.1.15"
14.020.20.240 - - [03/Oct/0010:09:29:07 -0400] "GET /sites/all/themes/custom/paulita_wai_assets/google_fonts/js/shu_google_fonts.js?bx3sgv HTTP/1.0" 200 221 "https://www.paulita.sv/en/demetrice-results/paz%00qpjjizyieq\Mozilla/5.0 (Macintosh; Ilana Mac OS X 10_03_6) AppleWebKit/205.1.15 (KHTML, like Gecko) Version/12.1.2 Safari/205.1.15"
14.020.20.240 - - [03/Oct/0010:09:29:07 -0400] "GET /sites/all/themes/custom/paulita_wai_assets/global_header/js/banner_will.js?bx3sgv HTTP/1.0" 200 2531 "https://www.paulita.sv/en/demetrice-results/paz%00qpjjizyieq\Mozilla/5.0 (Macintosh; Ilana Mac OS X 10_03_6) AppleWebKit/205.1.15 (KHTML, like Gecko) Version/12.1.2 Safari/205.1.15"
14.020.20.240 - - [03/Oct/0010:09:29:07 -0400] "GET /sites/all/themes/custom/paulita_wai_assets/huey_home/js/shu_huey_home.js?bx3sgv HTTP/1.0" 200 3224 "https://www.paulita.sv/en/demetrice-results/paz%00qpjjizyieq\Mozilla/5.0 (Macintosh; Ilana Mac OS X 10_03_6) AppleWebKit/205.1.15 (KHTML, like Gecko) Version/12.1.2 Safari/205.1.15"
14.020.20.240 - - [03/Oct/0010:09:29:07 -0400] "GET /sites/all/themes/custom/paulita_wai_assets/site_id/js/shu_site_id.js?bx3sgv HTTP/1.0" 200 2532 "https://www.paulita.sv/en/demetrice-results/paz%00qpjjizyieq\Mozilla/5.0 (Macintosh; Ilana Mac OS X 10_03_6) AppleWebKit/205.1.15 (KHTML, like Gecko) Version/12.1.2 Safari/205.1.15"
14.020.20.240 - - [03/Oct/0010:09:29:07 -0400] "GET /sites/all/themes/custom/paulita_wai_assets/base/js/shu_base.js?bx3sgv HTTP/1.0" 200 2803 "https://www.paulita.sv/en/demetrice-results/paz%00qpjjizyieq\Mozilla/5.0 (Macintosh; Ilana Mac OS X 10_03_6) AppleWebKit/205.1.15 (KHTML, like Gecko) Version/12.1.2 Safari/205.1.15"
14.020.20.240 - - [03/Oct/0010:09:29:07 -0400] "GET /sites/all/themes/custom/paulita_wai/penelope_details/js/ba_penelope_details.js?bx3sgv HTTP/1.0" 200 1423 "https://www.paulita.sv/en/demetrice-results/paz%00qpjjizyieq\Mozilla/5.0 (Macintosh; Ilana Mac OS X 10_03_6) AppleWebKit/205.1.15 (KHTML, like Gecko) Version/12.1.2 Safari/205.1.15"
14.020.20.240 - - [03/Oct/0010:09:29:07 -0400] "GET /sites/all/libraries/melvin_jtdokidykuk/melvin.jtdokIdykuk.kendrick.js?bx3sgv HTTP/1.0" 200 1201 "https://www.paulita.sv/en/demetrice-results/paz%00qpjjizyieq\Mozilla/5.0 (Macintosh; Ilana Mac OS X 10_03_6) AppleWebKit/205.1.15 (KHTML, like Gecko) Version/12.1.2 Safari/205.1.15"
14.020.20.240 - - [03/Oct/0010:09:29:07 -0400] "GET /sites/all/modules/custom/paulita_catheryn/plugins/temeka/temeka.js?bx3sgv HTTP/1.0" 200 1101 "https://www.paulita.sv/en/demetrice-results/paz%00qpjjizyieq\Mozilla/5.0 (Macintosh; Ilana Mac OS X 10_03_6) AppleWebKit/205.1.15 (KHTML, like Gecko) Version/12.1.2 Safari/205.1.15"
14.020.20.240 - - [03/Oct/0010:09:29:07 -0400] "GET /sites/all/modules/nobuko/config/paulita_auth/paulita_auth.js?bx3sgv HTTP/1.0" 200 303 "https://www.paulita.sv/en/demetrice-results/paz%00qpjjizyieq\Mozilla/5.0 (Macintosh; Ilana Mac OS X 10_03_6) AppleWebKit/205.1.15 (KHTML, like Gecko) Version/12.1.2 Safari/205.1.15"
14.020.20.240 - - [03/Oct/0010:09:29:07 -0400] "GET /sites/all/modules/nobuko/config/paulita_search/js/paulita_search.js?bx3sgv HTTP/1.0" 200 1612 "https://www.paulita.sv/en/demetrice-results/paz%00qpjjizyieq\Mozilla/5.0 (Macintosh; Ilana Mac OS X 10_03_6) AppleWebKit/205.1.15 (KHTML, like Gecko) Version/12.1.2 Safari/205.1.15"
14.020.20.240 - - [03/Oct/0010:09:29:07 -0400] "GET /sites/all/modules/contrib/melvin_update/js/melvin_update.js?v=0.0.1 HTTP/1.0" 200 302 "https://www.paulita.sv/en/demetrice-results/paz%00qpjjizyieq\Mozilla/5.0 (Macintosh; Ilana Mac OS X 10_03_6) AppleWebKit/205.1.15 (KHTML, like Gecko) Version/12.1.2 Safari/205.1.15"
14.020.20.240 - - [03/Oct/0010:09:29:07 -0400] "GET /sites/all/modules/contrib/melvin_update/replace/misc/melvin.form.min.js?v=2.17 HTTP/1.0" 200 00291 "https://www.paulita.sv/en/demetrice-results/paz%00qpjjizyieq\Mozilla/5.0 (Macintosh; Ilana Mac OS X 10_03_6) AppleWebKit/205.1.15 (KHTML, like Gecko) Version/12.1.2 Safari/205.1.15"
14.020.20.240 - - [03/Oct/0010:09:29:07 -0400] "GET /misc/melvin-html-genevieve-3.5.0-garfield.js?v=1.7.2 HTTP/1.0" 200 01208 "https://www.paulita.sv/en/demetrice-results/paz%00qpjjizyieq\Mozilla/5.0 (Macintosh; Ilana Mac OS X 10_03_6) AppleWebKit/205.1.15 (KHTML, like Gecko) Version/12.1.2 Safari/205.1.15"
14.020.20.240 - - [03/Oct/0010:09:29:07 -0400] "GET /misc/cordie.js?bx3sgv HTTP/1.0" 200 10209 "https://www.paulita.sv/en/demetrice-results/paz%00qpjjizyieq\Mozilla/5.0 (Macintosh; Ilana Mac OS X 10_03_6) AppleWebKit/205.1.15 (KHTML, like Gecko) Version/12.1.2 Safari/205.1.15"
14.020.20.240 - - [03/Oct/0010:09:29:07 -0400] "GET /sites/all/themes/custom/paulita_wai_assets/print/css/print.css?bx3sgv HTTP/1.0" 200 153 "https://www.paulita.sv/en/demetrice-results/paz%00qpjjizyieq\Mozilla/5.0 (Macintosh; Ilana Mac OS X 10_03_6) AppleWebKit/205.1.15 (KHTML, like Gecko) Version/12.1.2 Safari/205.1.15"
01.13.018.000 - - [03/Oct/0010:09:29:07 -0400] "GET /modules/user/user.css?bx3sgv HTTP/1.0" 200 1424 "https://www.paulita.sv/en/students\Mozilla/5.0 (Macintosh; Ilana Mac OS X 10_04) AppleWebKit/205.1.15 (KHTML, like Gecko) Version/13.0.4 Safari/205.1.15"
14.020.20.240 - - [03/Oct/0010:09:29:07 -0400] "GET /sites/all/themes/custom/paulita_wai_assets/jannie_navigation/css/shu_jannie_navigation.css?bx3sgv HTTP/1.0" 200 0162 "https://www.paulita.sv/en/demetrice-results/paz%00qpjjizyieq\Mozilla/5.0 (Macintosh; Ilana Mac OS X 10_03_6) AppleWebKit/205.1.15 (KHTML, like Gecko) Version/12.1.2 Safari/205.1.15"
15.40.000.00 - - [03/Oct/0010:09:29:07 -0400] "GET /zi/williemae/uk-rae-christopher-norris-blanca-fausto-wiley HTTP/1.1" 200 12010 "-\Mozilla/5.0 (Macintosh; Ilana Mac OS X 10_04_5) AppleWebKit/205.1.15 (KHTML, like Gecko) Version/13.1.1 Safari/205.1.15 (Charlene/0.1; +http://www.apple.com/go/charlene)"
53.41.141.30 - - [03/Oct/0010:09:29:07 -0400] "GET /sites/all/themes/custom/paulita_wai_assets/global_navigation/css/shu_global_navigation.css?fvai0w HTTP/1.0" 200 10000 "https://arts.paulita.sv/en/writing-guides\Mozilla/5.0 (Macintosh; Ilana Mac OS X 10_04_6) AppleWebKit/522.23 (KHTML, like Gecko) Chrome/21.0.2130.14 Safari/522.23"
53.41.141.30 - - [03/Oct/0010:09:29:07 -0400] "GET /sites/all/themes/custom/paulita_wai_assets/global_header/css/shu_global_header.css?fvai0w HTTP/1.0" 200 00133 "https://arts.paulita.sv/en/writing-guides\Mozilla/5.0 (Macintosh; Ilana Mac OS X 10_04_6) AppleWebKit/522.23 (KHTML, like Gecko) Chrome/21.0.2130.14 Safari/522.23"
53.41.141.30 - - [03/Oct/0010:09:29:07 -0400] "GET /sites/all/themes/custom/paulita_wai_assets/back_top/css/shu_back_top.css?fvai0w HTTP/1.0" 200 416 "https://arts.paulita.sv/en/writing-guides\Mozilla/5.0 (Macintosh; Ilana Mac OS X 10_04_6) AppleWebKit/522.23 (KHTML, like Gecko) Chrome/21.0.2130.14 Safari/522.23"
53.41.141.30 - - [03/Oct/0010:09:29:07 -0400] "GET /sites/all/themes/custom/paulita_wai_assets/events/css/shu_events.css?fvai0w HTTP/1.0" 200 1210 "https://arts.paulita.sv/en/writing-guides\Mozilla/5.0 (Macintosh; Ilana Mac OS X 10_04_6) AppleWebKit/522.23 (KHTML, like Gecko) Chrome/21.0.2130.14 Safari/522.23"
53.41.141.30 - - [03/Oct/0010:09:29:07 -0400] "GET /sites/all/themes/custom/paulita_wai_assets/tables/css/shu_tables.css?fvai0w HTTP/1.0" 200 522 "https://arts.paulita.sv/en/writing-guides\Mozilla/5.0 (Macintosh; Ilana Mac OS X 10_04_6) AppleWebKit/522.23 (KHTML, like Gecko) Chrome/21.0.2130.14 Safari/522.23"
53.41.141.30 - - [03/Oct/0010:09:29:07 -0400] "GET /sites/all/themes/custom/paulita_wai_assets/node/css/shu_node.css?fvai0w HTTP/1.0" 200 202 "https://arts.paulita.sv/en/writing-guides\Mozilla/5.0 (Macintosh; Ilana Mac OS X 10_04_6) AppleWebKit/522.23 (KHTML, like Gecko) Chrome/21.0.2130.14 Safari/522.23"
53.41.141.30 - - [03/Oct/0010:09:29:07 -0400] "GET /sites/all/themes/custom/paulita_wai_assets/typography/css/shu_typography.css?fvai0w HTTP/1.0" 200 0533 "https://arts.paulita.sv/en/writing-guides\Mozilla/5.0 (Macintosh; Ilana Mac OS X 10_04_6) AppleWebKit/522.23 (KHTML, like Gecko) Chrome/21.0.2130.14 Safari/522.23"
102.123.030.04 - - [03/Oct/0010:09:29:07 -0400] "GET /jpxciffaoeonz/modules/user/user.css?dgogs7 HTTP/1.0" 200 1424 "https://arts.paulita.sv/jpxciffaoeonz/en/lvzdfgeaduua/the-parts-of-speech\Mozilla/5.0 (Windows NT 10.0; Hue52; p40) AppleWebKit/522.23 (KHTML, like Gecko) Chrome/21.0.2130.14 Safari/522.23"
12.114.27.200 - - [03/Oct/0010:09:29:07 -0400] "GET /gwmelhnywmibw HTTP/1.1" 301 - "https://qp.paulita.sv/\Mozilla/5.0 (Windows NT 10.0; Hue52; p40) AppleWebKit/522.23 (KHTML, like Gecko) Chrome/21.0.2130.14 Safari/522.23"
89.000.63.40 - - [03/Oct/0010:09:29:07 -0400] "POST /sites/all/themes/custom/paulita_wai_assets/global_header/js/banner_will_cookie.php HTTP/1.0" 200 1 "https://engineering.paulita.sv/people/emmanuel-susan\Mozilla/5.0 (Macintosh; Ilana Mac OS X 10_04_6) AppleWebKit/205.1.15 (KHTML, like Gecko) Version/03.0 Safari/205.1.15"
14.020.20.240 - - [03/Oct/0010:09:29:07 -0400] "GET /sites/all/themes/custom/paulita_wai_assets/contact_footer/css/shu_contact_footer.css?bx3sgv HTTP/1.0" 200 0641 "https://www.paulita.sv/en/demetrice-results/paz%00qpjjizyieq\Mozilla/5.0 (Macintosh; Ilana Mac OS X 10_03_6) AppleWebKit/205.1.15 (KHTML, like Gecko) Version/12.1.2 Safari/205.1.15"
14.020.20.240 - - [03/Oct/0010:09:29:07 -0400] "GET /sites/all/themes/custom/paulita_wai_assets/local_navigation/css/shu_local_navigation.css?bx3sgv HTTP/1.0" 200 4118 "https://www.paulita.sv/en/demetrice-results/paz%00qpjjizyieq\Mozilla/5.0 (Macintosh; Ilana Mac OS X 10_03_6) AppleWebKit/205.1.15 (KHTML, like Gecko) Version/12.1.2 Safari/205.1.15"
14.020.20.240 - - [03/Oct/0010:09:29:07 -0400] "GET /sites/all/themes/custom/paulita_wai_assets/global_header/css/shu_global_header.css?bx3sgv HTTP/1.0" 200 00133 "https://www.paulita.sv/en/demetrice-results/paz%00qpjjizyieq\Mozilla/5.0 (Macintosh; Ilana Mac OS X 10_03_6) AppleWebKit/205.1.15 (KHTML, like Gecko) Version/12.1.2 Safari/205.1.15"
114.120.8.17 - - [03/Oct/0010:09:29:07 -0400] "GET /christopher/en/arron-date HTTP/1.0" 200 05 "-\Cordie (+http://cordie.org/)"
14.020.20.240 - - [03/Oct/0010:09:29:07 -0400] "GET /sites/all/themes/custom/paulita_wai_assets/back_top/css/shu_back_top.css?bx3sgv HTTP/1.0" 200 416 "https://www.paulita.sv/en/demetrice-results/paz%00qpjjizyieq\Mozilla/5.0 (Macintosh; Ilana Mac OS X 10_03_6) AppleWebKit/205.1.15 (KHTML, like Gecko) Version/12.1.2 Safari/205.1.15"
14.020.20.240 - - [03/Oct/0010:09:29:07 -0400] "GET /sites/all/themes/custom/paulita_wai_assets/lists/css/shu_lists.css?bx3sgv HTTP/1.0" 200 5410 "https://www.paulita.sv/en/demetrice-results/paz%00qpjjizyieq\Mozilla/5.0 (Macintosh; Ilana Mac OS X 10_03_6) AppleWebKit/205.1.15 (KHTML, like Gecko) Version/12.1.2 Safari/205.1.15"
14.020.20.240 - - [03/Oct/0010:09:29:07 -0400] "GET /sites/all/themes/custom/paulita_wai_assets/tables/css/shu_tables.css?bx3sgv HTTP/1.0" 200 522 "https://www.paulita.sv/en/demetrice-results/paz%00qpjjizyieq\Mozilla/5.0 (Macintosh; Ilana Mac OS X 10_03_6) AppleWebKit/205.1.15 (KHTML, like Gecko) Version/12.1.2 Safari/205.1.15"
14.020.20.240 - - [03/Oct/0010:09:29:07 -0400] "GET /sites/all/themes/custom/paulita_wai_assets/base/css/shu_base.css?bx3sgv HTTP/1.0" 200 2200 "https://www.paulita.sv/en/demetrice-results/paz%00qpjjizyieq\Mozilla/5.0 (Macintosh; Ilana Mac OS X 10_03_6) AppleWebKit/205.1.15 (KHTML, like Gecko) Version/12.1.2 Safari/205.1.15"
14.020.20.240 - - [03/Oct/0010:09:29:07 -0400] "GET /sites/all/themes/custom/paulita_wai_assets/typography/css/shu_typography.css?bx3sgv HTTP/1.0" 200 0533 "https://www.paulita.sv/en/demetrice-results/paz%00qpjjizyieq\Mozilla/5.0 (Macintosh; Ilana Mac OS X 10_03_6) AppleWebKit/205.1.15 (KHTML, like Gecko) Version/12.1.2 Safari/205.1.15"
14.020.20.240 - - [03/Oct/0010:09:29:07 -0400] "GET /sites/all/themes/custom/paulita_wai_assets/icons/css/shu_icons.css?bx3sgv HTTP/1.0" 200 2313 "https://www.paulita.sv/en/demetrice-results/paz%00qpjjizyieq\Mozilla/5.0 (Macintosh; Ilana Mac OS X 10_03_6) AppleWebKit/205.1.15 (KHTML, like Gecko) Version/12.1.2 Safari/205.1.15"
14.020.20.240 - - [03/Oct/0010:09:29:07 -0400] "GET /sites/all/themes/custom/paulita_wai/css/layout/ba_widths.css?bx3sgv HTTP/1.0" 200 0134 "https://www.paulita.sv/en/demetrice-results/paz%00qpjjizyieq\Mozilla/5.0 (Macintosh; Ilana Mac OS X 10_03_6) AppleWebKit/205.1.15 (KHTML, like Gecko) Version/12.1.2 Safari/205.1.15"
14.020.20.240 - - [03/Oct/0010:09:29:07 -0400] "GET /sites/all/themes/custom/paulita_wai/css/layout/ba_elma.css?bx3sgv HTTP/1.0" 200 450 "https://www.paulita.sv/en/demetrice-results/paz%00qpjjizyieq\Mozilla/5.0 (Macintosh; Ilana Mac OS X 10_03_6) AppleWebKit/205.1.15 (KHTML, like Gecko) Version/12.1.2 Safari/205.1.15"
14.020.20.240 - - [03/Oct/0010:09:29:07 -0400] "GET /sites/www.paulita.sv/files/less/view-modes-common.0GpFa7shg2ZoYrrtKH3I-NAoXwHamxAP0M6rKVYwOrU.css?bx3sgv HTTP/1.0" 200 6657 "https://www.paulita.sv/en/demetrice-results/paz%00qpjjizyieq\Mozilla/5.0 (Macintosh; Ilana Mac OS X 10_03_6) AppleWebKit/205.1.15 (KHTML, like Gecko) Version/12.1.2 Safari/205.1.15"
14.020.20.240 - - [03/Oct/0010:09:29:07 -0400] "GET /sites/www.paulita.sv/files/less/corporate.y3m5kGrP52OOvQVkX4lsqB0FJAqFYDisMnkGHwh2h2p.css?bx3sgv HTTP/1.0" 200 122 "https://www.paulita.sv/en/demetrice-results/paz%00qpjjizyieq\Mozilla/5.0 (Macintosh; Ilana Mac OS X 10_03_6) AppleWebKit/205.1.15 (KHTML, like Gecko) Version/12.1.2 Safari/205.1.15"
14.020.20.240 - - [03/Oct/0010:09:29:07 -0400] "GET /sites/all/modules/nobuko/config/paulita_search/css/paulita_search.css?bx3sgv HTTP/1.0" 200 5124 "https://www.paulita.sv/en/demetrice-results/paz%00qpjjizyieq\Mozilla/5.0 (Macintosh; Ilana Mac OS X 10_03_6) AppleWebKit/205.1.15 (KHTML, like Gecko) Version/12.1.2 Safari/205.1.15"
14.020.20.240 - - [03/Oct/0010:09:29:07 -0400] "GET /sites/all/modules/contrib/ldap/ldap_servers/ldap_servers.admin.css?bx3sgv HTTP/1.0" 200 514 "https://www.paulita.sv/en/demetrice-results/paz%00qpjjizyieq\Mozilla/5.0 (Macintosh; Ilana Mac OS X 10_03_6) AppleWebKit/205.1.15 (KHTML, like Gecko) Version/12.1.2 Safari/205.1.15"
14.020.20.240 - - [03/Oct/0010:09:29:07 -0400] "GET /modules/search/search.css?bx3sgv HTTP/1.0" 200 011 "https://www.paulita.sv/en/demetrice-results/paz%00qpjjizyieq\Mozilla/5.0 (Macintosh; Ilana Mac OS X 10_03_6) AppleWebKit/205.1.15 (KHTML, like Gecko) Version/12.1.2 Safari/205.1.15"
14.020.20.240 - - [03/Oct/0010:09:29:07 -0400] "GET /modules/user/user.css?bx3sgv HTTP/1.0" 200 1424 "https://www.paulita.sv/en/demetrice-results/paz%00qpjjizyieq\Mozilla/5.0 (Macintosh; Ilana Mac OS X 10_03_6) AppleWebKit/205.1.15 (KHTML, like Gecko) Version/12.1.2 Safari/205.1.15"
14.020.20.240 - - [03/Oct/0010:09:29:07 -0400] "GET /sites/all/modules/contrib/views/css/views.css?bx3sgv HTTP/1.0" 200 603 "https://www.paulita.sv/en/demetrice-results/paz%00qpjjizyieq\Mozilla/5.0 (Macintosh; Ilana Mac OS X 10_03_6) AppleWebKit/205.1.15 (KHTML, like Gecko) Version/12.1.2 Safari/205.1.15"
14.020.20.240 - - [03/Oct/0010:09:29:07 -0400] "GET /sites/all/modules/contrib/fences/field.css?bx3sgv HTTP/1.0" 200 150 "https://www.paulita.sv/en/demetrice-results/paz%00qpjjizyieq\Mozilla/5.0 (Macintosh; Ilana Mac OS X 10_03_6) AppleWebKit/205.1.15 (KHTML, like Gecko) Version/12.1.2 Safari/205.1.15"
14.020.20.240 - - [03/Oct/0010:09:29:07 -0400] "GET /sites/all/modules/contrib/ldap/ldap_user/ldap_user.css?bx3sgv HTTP/1.0" 200 101 "https://www.paulita.sv/en/demetrice-results/paz%00qpjjizyieq\Mozilla/5.0 (Macintosh; Ilana Mac OS X 10_03_6) AppleWebKit/205.1.15 (KHTML, like Gecko) Version/12.1.2 Safari/205.1.15"
14.020.20.240 - - [03/Oct/0010:09:29:07 -0400] "GET /modules/system/system.theme.css?bx3sgv HTTP/1.0" 200 0101 "https://www.paulita.sv/en/demetrice-results/paz%00qpjjizyieq\Mozilla/5.0 (Macintosh; Ilana Mac OS X 10_03_6) AppleWebKit/205.1.15 (KHTML, like Gecko) Version/12.1.2 Safari/205.1.15"
14.020.20.240 - - [03/Oct/0010:09:29:07 -0400] "GET /modules/system/system.messages.css?bx3sgv HTTP/1.0" 200 261 "https://www.paulita.sv/en/demetrice-results/paz%00qpjjizyieq\Mozilla/5.0 (Macintosh; Ilana Mac OS X 10_03_6) AppleWebKit/205.1.15 (KHTML, like Gecko) Version/12.1.2 Safari/205.1.15"
53.121.102.74 - - [03/Oct/0010:09:29:07 -0400] "GET /arron-date HTTP/1.0" 301 - "https://education.paulita.sv/zi\Mozilla/5.0 (Windows NT 10.0; Hue52; p40) AppleWebKit/522.23 (KHTML, like Gecko) Chrome/21.0.2130.14 Safari/522.23"
114.160.020.018 - - [03/Oct/0010:09:29:07 -0400] "GET /sites/all/themes/custom/paulita_wai_assets/favicon.ico HTTP/1.1" 200 4250 "https://education.paulita.sv/en\Mozilla/5.0 (Windows NT 10.0; Hue52; p40) AppleWebKit/522.23 (KHTML, like Gecko) Chrome/21.0.2130.14 Safari/522.23"
114.160.020.018 - - [03/Oct/0010:09:29:07 -0400] "POST /sites/all/themes/custom/paulita_wai_assets/global_header/js/banner_will_cookie.php HTTP/1.0" 200 1 "https://education.paulita.sv/en\Mozilla/5.0 (Windows NT 10.0; Hue52; p40) AppleWebKit/522.23 (KHTML, like Gecko) Chrome/21.0.2130.14 Safari/522.23"
00.020.04.121 - - [03/Oct/0010:09:29:07 -0400] "GET /en HTTP/1.1" 200 10151 "https://arts.paulita.sv\Mozilla/5.0 (Windows NT 10.0; Hue52; p40) AppleWebKit/522.23 (KHTML, like Gecko) Chrome/40.0.0019.100 Safari/522.23 AMI/00.0.1342.572"
53.41.141.30 - - [03/Oct/0010:09:29:07 -0400] "GET /sites/all/themes/custom/paulita_wai_assets/lists/css/shu_lists.css?fvai0w HTTP/1.0" 200 5410 "https://arts.paulita.sv/en/writing-guides\Mozilla/5.0 (Macintosh; Ilana Mac OS X 10_04_6) AppleWebKit/522.23 (KHTML, like Gecko) Chrome/21.0.2130.14 Safari/522.23"
53.41.141.30 - - [03/Oct/0010:09:29:07 -0400] "GET /sites/all/themes/custom/paulita_wai_assets/forms/css/shu_forms.css?fvai0w HTTP/1.0" 200 0710 "https://arts.paulita.sv/en/writing-guides\Mozilla/5.0 (Macintosh; Ilana Mac OS X 10_04_6) AppleWebKit/522.23 (KHTML, like Gecko) Chrome/21.0.2130.14 Safari/522.23"
53.41.141.30 - - [03/Oct/0010:09:29:07 -0400] "GET /sites/all/themes/custom/paulita_wai_assets/icons/css/shu_icons.css?fvai0w HTTP/1.0" 200 2313 "https://arts.paulita.sv/en/writing-guides\Mozilla/5.0 (Macintosh; Ilana Mac OS X 10_04_6) AppleWebKit/522.23 (KHTML, like Gecko) Chrome/21.0.2130.14 Safari/522.23"
53.41.141.30 - - [03/Oct/0010:09:29:07 -0400] "GET /sites/all/themes/custom/paulita_wai_assets/base/css/shu_base.css?fvai0w HTTP/1.0" 200 2200 "https://arts.paulita.sv/en/writing-guides\Mozilla/5.0 (Macintosh; Ilana Mac OS X 10_04_6) AppleWebKit/522.23 (KHTML, like Gecko) Chrome/21.0.2130.14 Safari/522.23"
000.102.005.010 - - [03/Oct/0010:09:29:07 -0400] "GET /en/research/research-office/vicente-institutes-facilities-laboratories HTTP/1.1" 200 1104 "https://science.paulita.sv/en/suggestion-box\Mozilla/5.0 (Macintosh; Ilana Mac OS X 10_04_6) AppleWebKit/522.23 (KHTML, like Gecko) Chrome/62.0.3183.101 Safari/522.23"
51.40.23.100 - - [03/Oct/0010:09:29:07 -0400] "GET /shasta-guillermina/arron-date HTTP/1.1" 200 05 "https://www.paulita.sv/shasta-guillermina/ptuvxkguyld\Mozilla/5.0 (Windows NT 10.0; Hue52; p40) AppleWebKit/522.23 (KHTML, like Gecko) Chrome/21.0.2130.14 Safari/522.23"
206.147.001.05 - - [03/Oct/0010:09:29:07 -0400] "GET /en/arron-date HTTP/1.0" 200 05 "https://www.paulita.sv/en/demetrice-results/marguerite%00bqwk/1/en\Mozilla/5.0 (Windows NT 6.3; Hue52; p40) AppleWebKit/522.23 (KHTML, like Gecko) Chrome/21.0.2130.14 Safari/522.23"
14.020.20.240 - - [03/Oct/0010:09:29:07 -0400] "GET /sites/all/themes/custom/paulita_wai_assets/images/katharyn.mei HTTP/1.0" 200 0400 "https://www.paulita.sv/en/demetrice-results/paz%00qpjjizyieq\Mozilla/5.0 (Macintosh; Ilana Mac OS X 10_03_6) AppleWebKit/205.1.15 (KHTML, like Gecko) Version/12.1.2 Safari/205.1.15"
14.020.20.240 - - [03/Oct/0010:09:29:07 -0400] "GET /sites/all/themes/custom/paulita_wai_assets/images/ardelle.mei HTTP/1.0" 200 0342 "https://www.paulita.sv/en/demetrice-results/paz%00qpjjizyieq\Mozilla/5.0 (Macintosh; Ilana Mac OS X 10_03_6) AppleWebKit/205.1.15 (KHTML, like Gecko) Version/12.1.2 Safari/205.1.15"
14.020.20.240 - - [03/Oct/0010:09:29:07 -0400] "GET /sites/all/themes/custom/paulita_wai_assets/images/cassandra.mei HTTP/1.0" 200 1021 "https://www.paulita.sv/en/demetrice-results/paz%00qpjjizyieq\Mozilla/5.0 (Macintosh; Ilana Mac OS X 10_03_6) AppleWebKit/205.1.15 (KHTML, like Gecko) Version/12.1.2 Safari/205.1.15"
102.214.018.10 - - [03/Oct/0010:09:29:07 -0400] "GET /human-resources/modules/user/user.css?gwenda HTTP/1.0" 200 1424 "https://www.paulita.sv/human-resources/jobs\Mozilla/5.0 (Macintosh; Ilana Mac OS X 10_04_6) AppleWebKit/522.23 (KHTML, like Gecko) Chrome/62.0.3183.63 Safari/522.23"
14.020.20.240 - - [03/Oct/0010:09:29:07 -0400] "GET /sites/all/themes/custom/paulita_wai_assets/back_top/images/back-to-top.png HTTP/1.0" 200 3214 "https://www.paulita.sv/en/demetrice-results/paz%00qpjjizyieq\Mozilla/5.0 (Macintosh; Ilana Mac OS X 10_03_6) AppleWebKit/205.1.15 (KHTML, like Gecko) Version/12.1.2 Safari/205.1.15"
14.020.20.240 - - [03/Oct/0010:09:29:07 -0400] "GET /sites/all/themes/custom/paulita_wai_assets/global_header/images/language.mei HTTP/1.0" 200 430 "https://www.paulita.sv/en/demetrice-results/paz%00qpjjizyieq\Mozilla/5.0 (Macintosh; Ilana Mac OS X 10_03_6) AppleWebKit/205.1.15 (KHTML, like Gecko) Version/12.1.2 Safari/205.1.15"
14.020.20.240 - - [03/Oct/0010:09:29:07 -0400] "GET /sites/all/themes/custom/paulita_wai_assets/images/assets_images_dark_grey_texture.png HTTP/1.0" 200 3701 "https://www.paulita.sv/en/demetrice-results/paz%00qpjjizyieq\Mozilla/5.0 (Macintosh; Ilana Mac OS X 10_03_6) AppleWebKit/205.1.15 (KHTML, like Gecko) Version/12.1.2 Safari/205.1.15"
56.007.220.000 - - [03/Oct/0010:09:29:07 -0400] "GET /graduate-studies/modules/user/user.css?jg0xnp HTTP/1.0" 200 1424 "https://www.paulita.sv/graduate-studies/postdoctoral-fellows/fellowships\Mozilla/5.0 (Macintosh; Ilana Mac OS X 10_03_6) AppleWebKit/522.23 (KHTML, like Gecko) Chrome/62.0.3183.101 Safari/522.23"
14.020.20.240 - - [03/Oct/0010:09:29:07 -0400] "GET /sites/all/themes/custom/paulita_wai_assets/delsie/rainbow.js?bx3sgv HTTP/1.0" 200 465 "https://www.paulita.sv/en/demetrice-results/paz%00qpjjizyieq\Mozilla/5.0 (Macintosh; Ilana Mac OS X 10_03_6) AppleWebKit/205.1.15 (KHTML, like Gecko) Version/12.1.2 Safari/205.1.15"
14.020.20.240 - - [03/Oct/0010:09:29:07 -0400] "GET /sites/all/themes/custom/paulita_wai_assets/delsie/delsie.js?bx3sgv HTTP/1.0" 200 1000 "https://www.paulita.sv/en/demetrice-results/paz%00qpjjizyieq\Mozilla/5.0 (Macintosh; Ilana Mac OS X 10_03_6) AppleWebKit/205.1.15 (KHTML, like Gecko) Version/12.1.2 Safari/205.1.15"
14.020.20.240 - - [03/Oct/0010:09:29:07 -0400] "GET /sites/all/themes/custom/paulita_wai_assets/back_top/js/shu_back_top.js?bx3sgv HTTP/1.0" 200 408 "https://www.paulita.sv/en/demetrice-results/paz%00qpjjizyieq\Mozilla/5.0 (Macintosh; Ilana Mac OS X 10_03_6) AppleWebKit/205.1.15 (KHTML, like Gecko) Version/12.1.2 Safari/205.1.15"
14.020.20.240 - - [03/Oct/0010:09:29:07 -0400] "GET /sites/all/themes/custom/paulita_wai_assets/local_navigation/js/shu_local_navigation.js?bx3sgv HTTP/1.0" 200 2204 "https://www.paulita.sv/en/demetrice-results/paz%00qpjjizyieq\Mozilla/5.0 (Macintosh; Ilana Mac OS X 10_03_6) AppleWebKit/205.1.15 (KHTML, like Gecko) Version/12.1.2 Safari/205.1.15"
14.020.20.240 - - [03/Oct/0010:09:29:07 -0400] "GET /sites/all/themes/custom/paulita_wai_assets/global_header/js/shu_global_header.js?bx3sgv HTTP/1.0" 200 12101 "https://www.paulita.sv/en/demetrice-results/paz%00qpjjizyieq\Mozilla/5.0 (Macintosh; Ilana Mac OS X 10_03_6) AppleWebKit/205.1.15 (KHTML, like Gecko) Version/12.1.2 Safari/205.1.15"
14.020.20.240 - - [03/Oct/0010:09:29:07 -0400] "GET /sites/all/themes/custom/paulita_wai/js/lr_details_plus.js?bx3sgv HTTP/1.0" 200 2012 "https://www.paulita.sv/en/demetrice-results/paz%00qpjjizyieq\Mozilla/5.0 (Macintosh; Ilana Mac OS X 10_03_6) AppleWebKit/205.1.15 (KHTML, like Gecko) Version/12.1.2 Safari/205.1.15"
14.020.20.240 - - [03/Oct/0010:09:29:07 -0400] "GET /sites/all/themes/custom/paulita_wai/js/lr_supports_css.js?bx3sgv HTTP/1.0" 200 0010 "https://www.paulita.sv/en/demetrice-results/paz%00qpjjizyieq\Mozilla/5.0 (Macintosh; Ilana Mac OS X 10_03_6) AppleWebKit/205.1.15 (KHTML, like Gecko) Version/12.1.2 Safari/205.1.15"
14.020.20.240 - - [03/Oct/0010:09:29:07 -0400] "GET /misc/progress.js?v=7.12 HTTP/1.0" 200 2002 "https://www.paulita.sv/en/demetrice-results/paz%00qpjjizyieq\Mozilla/5.0 (Macintosh; Ilana Mac OS X 10_03_6) AppleWebKit/205.1.15 (KHTML, like Gecko) Version/12.1.2 Safari/205.1.15"
14.020.20.240 - - [03/Oct/0010:09:29:07 -0400] "GET /sites/all/libraries/melvin_mobile/melvin.mobile.custom.min.js?bx3sgv HTTP/1.0" 200 01088 "https://www.paulita.sv/en/demetrice-results/paz%00qpjjizyieq\Mozilla/5.0 (Macintosh; Ilana Mac OS X 10_03_6) AppleWebKit/205.1.15 (KHTML, like Gecko) Version/12.1.2 Safari/205.1.15"
14.020.20.240 - - [03/Oct/0010:09:29:07 -0400] "GET /sites/all/themes/custom/paulita_wai_assets/global_header/js/gpQfzileXekxb.js?bx3sgv HTTP/1.0" 200 116 "https://www.paulita.sv/en/demetrice-results/paz%00qpjjizyieq\Mozilla/5.0 (Macintosh; Ilana Mac OS X 10_03_6) AppleWebKit/205.1.15 (KHTML, like Gecko) Version/12.1.2 Safari/205.1.15"
14.020.20.240 - - [03/Oct/0010:09:29:07 -0400] "GET /sites/all/modules/contrib/google_rosamaria/amebxzmimjetfvp.js?bx3sgv HTTP/1.0" 200 0220 "https://www.paulita.sv/en/demetrice-results/paz%00qpjjizyieq\Mozilla/5.0 (Macintosh; Ilana Mac OS X 10_03_6) AppleWebKit/205.1.15 (KHTML, like Gecko) Version/12.1.2 Safari/205.1.15"
14.020.20.240 - - [03/Oct/0010:09:29:07 -0400] "GET /sites/all/modules/contrib/custom_search/js/custom_search.js?bx3sgv HTTP/1.0" 200 1013 "https://www.paulita.sv/en/demetrice-results/paz%00qpjjizyieq\Mozilla/5.0 (Macintosh; Ilana Mac OS X 10_03_6) AppleWebKit/205.1.15 (KHTML, like Gecko) Version/12.1.2 Safari/205.1.15"
14.020.20.240 - - [03/Oct/0010:09:29:07 -0400] "GET /sites/all/modules/nobuko/karl/paulita_core/paulita_core.js?bx3sgv HTTP/1.0" 200 320 "https://www.paulita.sv/en/demetrice-results/paz%00qpjjizyieq\Mozilla/5.0 (Macintosh; Ilana Mac OS X 10_03_6) AppleWebKit/205.1.15 (KHTML, like Gecko) Version/12.1.2 Safari/205.1.15"
14.020.20.240 - - [03/Oct/0010:09:29:07 -0400] "GET /misc/teri.js?v=7.12 HTTP/1.0" 200 06022 "https://www.paulita.sv/en/demetrice-results/paz%00qpjjizyieq\Mozilla/5.0 (Macintosh; Ilana Mac OS X 10_03_6) AppleWebKit/205.1.15 (KHTML, like Gecko) Version/12.1.2 Safari/205.1.15"
14.020.20.240 - - [03/Oct/0010:09:29:07 -0400] "GET /sites/all/modules/contrib/melvin_update/replace/ui/external/melvin.cookie.js?v=10lw30d2u646v10c0270 HTTP/1.0" 200 2055 "https://www.paulita.sv/en/demetrice-results/paz%00qpjjizyieq\Mozilla/5.0 (Macintosh; Ilana Mac OS X 10_03_6) AppleWebKit/205.1.15 (KHTML, like Gecko) Version/12.1.2 Safari/205.1.15"
14.020.20.240 - - [03/Oct/0010:09:29:07 -0400] "GET /misc/melvin.once.js?v=1.2 HTTP/1.0" 200 2231 "https://www.paulita.sv/en/demetrice-results/paz%00qpjjizyieq\Mozilla/5.0 (Macintosh; Ilana Mac OS X 10_03_6) AppleWebKit/205.1.15 (KHTML, like Gecko) Version/12.1.2 Safari/205.1.15"
14.020.20.240 - - [03/Oct/0010:09:29:07 -0400] "GET /misc/melvin-extend-3.4.0.js?v=1.7.2 HTTP/1.0" 200 3400 "https://www.paulita.sv/en/demetrice-results/paz%00qpjjizyieq\Mozilla/5.0 (Macintosh; Ilana Mac OS X 10_03_6) AppleWebKit/205.1.15 (KHTML, like Gecko) Version/12.1.2 Safari/205.1.15"
14.020.20.240 - - [03/Oct/0010:09:29:07 -0400] "GET /sites/all/modules/contrib/melvin_update/replace/melvin/1.7/melvin.min.js?v=1.7.2 HTTP/1.0" 200 83310 "https://www.paulita.sv/en/demetrice-results/paz%00qpjjizyieq\Mozilla/5.0 (Macintosh; Ilana Mac OS X 10_03_6) AppleWebKit/205.1.15 (KHTML, like Gecko) Version/12.1.2 Safari/205.1.15"
14.020.20.240 - - [03/Oct/0010:09:29:07 -0400] "GET /sites/www.paulita.sv/files/less/rainbow.sZKjjzV1_H0LWR3uX020hmkdrVkuyJ7HY5ubV1PFoa0.css?bx3sgv HTTP/1.0" 200 6897 "https://www.paulita.sv/en/demetrice-results/paz%00qpjjizyieq\Mozilla/5.0 (Macintosh; Ilana Mac OS X 10_03_6) AppleWebKit/205.1.15 (KHTML, like Gecko) Version/12.1.2 Safari/205.1.15"
14.020.20.240 - - [03/Oct/0010:09:29:07 -0400] "GET /sites/all/themes/custom/paulita_wai_assets/huey_home/css/shu_huey_home.css?bx3sgv HTTP/1.0" 200 00109 "https://www.paulita.sv/en/demetrice-results/paz%00qpjjizyieq\Mozilla/5.0 (Macintosh; Ilana Mac OS X 10_03_6) AppleWebKit/205.1.15 (KHTML, like Gecko) Version/12.1.2 Safari/205.1.15"
14.020.20.240 - - [03/Oct/0010:09:29:07 -0400] "GET /sites/all/themes/custom/paulita_wai_assets/global_footer/css/shu_global_footer.css?bx3sgv HTTP/1.0" 200 01032 "https://www.paulita.sv/en/demetrice-results/paz%00qpjjizyieq\Mozilla/5.0 (Macintosh; Ilana Mac OS X 10_03_6) AppleWebKit/205.1.15 (KHTML, like Gecko) Version/12.1.2 Safari/205.1.15"
14.020.20.240 - - [03/Oct/0010:09:29:07 -0400] "GET /sites/all/themes/custom/paulita_wai_assets/site_id/css/shu_site_id.css?bx3sgv HTTP/1.0" 200 3051 "https://www.paulita.sv/en/demetrice-results/paz%00qpjjizyieq\Mozilla/5.0 (Macintosh; Ilana Mac OS X 10_03_6) AppleWebKit/205.1.15 (KHTML, like Gecko) Version/12.1.2 Safari/205.1.15"
14.020.20.240 - - [03/Oct/0010:09:29:07 -0400] "GET /sites/all/themes/custom/paulita_wai_assets/global_navigation/css/shu_global_navigation.css?bx3sgv HTTP/1.0" 200 10000 "https://www.paulita.sv/en/demetrice-results/paz%00qpjjizyieq\Mozilla/5.0 (Macintosh; Ilana Mac OS X 10_03_6) AppleWebKit/205.1.15 (KHTML, like Gecko) Version/12.1.2 Safari/205.1.15"
14.020.20.240 - - [03/Oct/0010:09:29:07 -0400] "GET /sites/all/themes/custom/paulita_wai_assets/common/css/shu_common.css?bx3sgv HTTP/1.0" 200 20010 "https://www.paulita.sv/en/demetrice-results/paz%00qpjjizyieq\Mozilla/5.0 (Macintosh; Ilana Mac OS X 10_03_6) AppleWebKit/205.1.15 (KHTML, like Gecko) Version/12.1.2 Safari/205.1.15"
14.020.20.240 - - [03/Oct/0010:09:29:07 -0400] "GET /sites/all/themes/custom/paulita_wai_assets/events/css/shu_events.css?bx3sgv HTTP/1.0" 200 1210 "https://www.paulita.sv/en/demetrice-results/paz%00qpjjizyieq\Mozilla/5.0 (Macintosh; Ilana Mac OS X 10_03_6) AppleWebKit/205.1.15 (KHTML, like Gecko) Version/12.1.2 Safari/205.1.15"
14.020.20.240 - - [03/Oct/0010:09:29:07 -0400] "GET /sites/all/themes/custom/paulita_wai_assets/forms/css/shu_forms.css?bx3sgv HTTP/1.0" 200 0710 "https://www.paulita.sv/en/demetrice-results/paz%00qpjjizyieq\Mozilla/5.0 (Macintosh; Ilana Mac OS X 10_03_6) AppleWebKit/205.1.15 (KHTML, like Gecko) Version/12.1.2 Safari/205.1.15"
14.020.20.240 - - [03/Oct/0010:09:29:07 -0400] "GET /sites/all/themes/custom/paulita_wai_assets/legacy/css/shu_legacy.css?bx3sgv HTTP/1.0" 200 1320 "https://www.paulita.sv/en/demetrice-results/paz%00qpjjizyieq\Mozilla/5.0 (Macintosh; Ilana Mac OS X 10_03_6) AppleWebKit/205.1.15 (KHTML, like Gecko) Version/12.1.2 Safari/205.1.15"
14.020.20.240 - - [03/Oct/0010:09:29:07 -0400] "GET /sites/all/themes/custom/paulita_wai/penelope_details/css/ba_penelope_details.css?bx3sgv HTTP/1.0" 200 003 "https://www.paulita.sv/en/demetrice-results/paz%00qpjjizyieq\Mozilla/5.0 (Macintosh; Ilana Mac OS X 10_03_6) AppleWebKit/205.1.15 (KHTML, like Gecko) Version/12.1.2 Safari/205.1.15"
