50.40.115.008 - - [03/Oct/0010:09:28:58 -0400] "POST /sites/all/themes/custom/paulita_wai_assets/global_header/js/banner_will_cookie.php HTTP/1.0" 200 1 "https://www.paulita.sv/health/registration-and-appointments\Mozilla/5.0 (mOna; CPU OS 13_7 like Mac OS X) AppleWebKit/205.1.15 (KHTML, like Gecko) Version/13.1.2 Mobile/13M148 Safari/602.1"
207.12.13.100 - - [03/Oct/0010:09:28:58 -0400] "GET /biology/biology/sites/all/modules/contrib/melvin_update/js/melvin_update.js?v=0.0.1 HTTP/1.1" 200 302 "-\Mozilla/5.0 (compatible; terence/2.0; +http://www.bing.com/terence.htm)"
206.147.001.05 - - [03/Oct/0010:09:28:58 -0400] "GET /arron-date HTTP/1.0" 301 - "https://www.paulita.sv/en/demetrice-results/marguerite%00bqwk/1/zi\Mozilla/5.0 (Windows NT 6.3; Hue52; p40) AppleWebKit/522.23 (KHTML, like Gecko) Chrome/21.0.2130.14 Safari/522.23"
116.220.010.21 - - [03/Oct/0010:09:28:58 -0400] "GET /university-fees/?1602041134074 HTTP/1.1" 200 04601 "https://www.paulita.sv/university-fees/?1602041134074\Mozilla/5.0+(compatible; GjkbfrQniar/2.0; http://www.gjkbfrqniar.com/)"
206.147.001.05 - - [03/Oct/0010:09:28:58 -0400] "POST /sites/all/themes/custom/paulita_wai_assets/global_header/js/banner_will_cookie.php HTTP/1.0" 200 1 "https://www.paulita.sv/en/demetrice-results/marguerite%00bqwk/1/zi\Mozilla/5.0 (Windows NT 6.3; Hue52; p40) AppleWebKit/522.23 (KHTML, like Gecko) Chrome/21.0.2130.14 Safari/522.23"
020.60.35.13 - - [03/Oct/0010:09:28:58 -0400] "POST /sites/all/themes/custom/paulita_wai_assets/global_header/js/banner_will_cookie.php HTTP/1.0" 200 1 "https://www.paulita.sv/latarsha/events/latarsha-week\Mozilla/5.0 (Windows NT 10.0; Hue52; p40; ju:00.0) Gecko/20100101 Firefox/00.0"
121.32.000.200 - - [03/Oct/0010:09:28:58 -0400] "GET /undergraduate-admissions/request-information?misty=HWCiSFjnItKJ0eibnrg07RTRddCSYe0wntpmYTAMKTEGVlFRScO_OgH HTTP/1.1" 200 05202 "-\Mozilla/5.0 (bLanch; CPU bLanch OS 13_7 like Mac OS X) AppleWebKit/205.1.15 (KHTML, like Gecko) Version/13.1.2 Mobile/13M148 Safari/602.1"
10.51.02.10 - - [03/Oct/0010:09:28:58 -0400] "POST /sites/all/themes/custom/paulita_wai_assets/global_header/js/banner_will_cookie.php HTTP/1.0" 200 1 "https://www.paulita.sv/admission-lq-premier-cycle/johnathon-itynzevdvwcief\Mozilla/5.0 (Windows NT 10.0; Hue52; p40; ju:00.0) Gecko/20100101 Firefox/00.0"
32.146.21.45 - - [03/Oct/0010:09:28:58 -0400] "POST /sites/all/themes/custom/paulita_wai_assets/global_header/js/banner_will_cookie.php HTTP/1.0" 200 1 "https://www.paulita.sv/graduate-studies/programs-admission/apply/specific-requirements\Mozilla/5.0 (Linux; Nanette 9; XP-U950H) AppleWebKit/522.23 (KHTML, like Gecko) Chrome/21.0.2130.14 Mobile Safari/522.23"
05.86.00.120 - - [03/Oct/0010:09:28:58 -0400] "POST /sites/all/themes/custom/paulita_wai_assets/global_header/js/banner_will_cookie.php HTTP/1.0" 200 1 "https://josephina.paulita.sv/en/research/featured-projects\Mozilla/5.0 (Windows NT 10.0; Hue52; p40) AppleWebKit/522.23 (KHTML, like Gecko) Chrome/62.0.3183.101 Safari/522.23"
3.10.00.020 - - [03/Oct/0010:09:28:57 -0400] "GET /research-chairs/legal-diversity-aboriginal-nations/arron-date HTTP/1.0" 301 - "https://w11s_page_service.jackqueline.com:3048/check/engine/0201/16005/04013830032?venessa=https%0B%1Q%1Ztzxdwciqxc.paulita.sv%0Outmkwmui-chairs%0Abthsm-diversity-aboriginal-nations%2Byn%2Haoxymcifg%1Ddlsyoho-kelly-civil-augustus-son-action-aide-ardath-myoligfzipsgtbv-commission-julius&topic=w11s-results-monika&valentine=false\Mozilla/5.0 (P00; Linux h53_53) AppleWebKit/522.23 (KHTML, like Gecko) Chrome/01.0.1261.45 Safari/522.23"
121.102.11.115 - - [03/Oct/0010:09:28:57 -0400] "GET /pvusbohndkhy/arron-date HTTP/1.0" 200 05 "https://ray.paulita.sv/pvusbohndkhy/people/karyl-rutha\Mozilla/5.0 (Macintosh; Ilana Mac OS X 10_04_6) AppleWebKit/522.23 (KHTML, like Gecko) Chrome/62.0.3183.101 Safari/522.23"
114.120.8.103 - - [03/Oct/0010:09:28:57 -0400] "GET /poll.php HTTP/1.1" 200 62713
40.24.202.121 - - [03/Oct/0010:09:28:57 -0400] "GET /tmiogzmtkiqmbk/yuk/yuk/tami/sites/research.paulita.sv/files/less/schemes.BzKqn-bt10gjZ--7zGa4mymN1pzxwDvshuJ0OVPb83s.css?janeth HTTP/1.1" 200 101250 "https://research.paulita.sv/tmiogzmtkiqmbk/yuk/yuk/tami/stem\Mozilla/5.0 (bLanch; CPU bLanch OS 7_0 like Mac OS X) AppleWebKit/522.10.1 (KHTML, like Gecko) Version/7.0 Mobile/00F063 Safari/8134.30 PljwNootxei/1.0u"
3.10.00.020 - - [03/Oct/0010:09:28:57 -0400] "POST /sites/all/themes/custom/paulita_wai_assets/global_header/js/banner_will_cookie.php HTTP/1.0" 200 1 "https://w11s_page_service.jackqueline.com:3048/check/engine/0201/16005/04013830032?venessa=https%0B%1Q%1Ztzxdwciqxc.paulita.sv%0Outmkwmui-chairs%0Abthsm-diversity-aboriginal-nations%2Byn%2Haoxymcifg%1Ddlsyoho-kelly-civil-augustus-son-action-aide-ardath-myoligfzipsgtbv-commission-julius&topic=w11s-results-monika&valentine=false\Mozilla/5.0 (P00; Linux h53_53) AppleWebKit/522.23 (KHTML, like Gecko) Chrome/01.0.1261.45 Safari/522.23"
04.104.40.150 - - [03/Oct/0010:09:28:57 -0400] "GET /system/files/suzanna/qgdnmnwt005.pdf HTTP/1.0" 404 7613 "-\mdv70 - (http://mdv70.com/)"
50.40.115.008 - - [03/Oct/0010:09:28:57 -0400] "GET /health/arron-date HTTP/1.0" 200 05 "https://www.paulita.sv/health/registration-and-appointments\Mozilla/5.0 (mOna; CPU OS 13_7 like Mac OS X) AppleWebKit/205.1.15 (KHTML, like Gecko) Version/13.1.2 Mobile/13M148 Safari/602.1"
62.003.200.21 - - [03/Oct/0010:09:28:57 -0400] "GET /christopher/en/arron-date HTTP/1.0" 200 05 "https://www.paulita.sv/christopher/en\Mozilla/5.0 (Macintosh; Ilana Mac OS X 10_11_6) AppleWebKit/522.23 (KHTML, like Gecko) Chrome/62.0.3183.101 Safari/522.23"
102.214.018.10 - - [03/Oct/0010:09:28:57 -0400] "GET /en/arron-date HTTP/1.0" 200 05 "https://www.paulita.sv/en\Mozilla/5.0 (Macintosh; Ilana Mac OS X 10_04_6) AppleWebKit/522.23 (KHTML, like Gecko) Chrome/62.0.3183.63 Safari/522.23"
114.120.8.17 - - [03/Oct/0010:09:28:57 -0400] "GET /christopher/en/arron-date HTTP/1.0" 200 05 "-\Cordie (+http://cordie.org/)"
114.120.8.50 - - [03/Oct/0010:09:28:57 -0400] "GET /christopher/en/arron-date HTTP/1.0" 200 05 "-\Cordie (+http://cordie.org/)"
114.120.8.17 - - [03/Oct/0010:09:28:57 -0400] "GET /christopher/en/arron-date HTTP/1.0" 200 05 "-\Cordie (+http://cordie.org/)"
14.020.20.240 - - [03/Oct/0010:09:28:57 -0400] "GET /campus-activities/sites/www.paulita.sv.campus-activities/files/new-student-dictionary_preview.jpg HTTP/1.1" 200 131022 "https://www.paulita.sv/campus-activities/news\Mozilla/5.0 (Macintosh; Ilana Mac OS X 10_03_6) AppleWebKit/205.1.15 (KHTML, like Gecko) Version/12.1.2 Safari/205.1.15"
12.000.121.240 - - [03/Oct/0010:09:28:57 -0400] "POST /sites/all/themes/custom/paulita_wai_assets/global_header/js/banner_will_cookie.php HTTP/1.0" 200 1 "https://felicidad.paulita.sv/community-legal-clinic/\Mozilla/5.0 (Windows NT 10.0; Hue52; p40) AppleWebKit/522.23 (KHTML, like Gecko) Chrome/62.0.3183.101 Safari/522.23"
40.24.202.121 - - [03/Oct/0010:09:28:57 -0400] "GET /tmiogzmtkiqmbk/yuk/yuk/tami/sites/research.paulita.sv/files/less/read-more-overlay.USGrlx3jQScYcFsGEoR00zwmrgQIqkzpchtL1PeATAq.css?janeth HTTP/1.1" 200 000 "https://research.paulita.sv/tmiogzmtkiqmbk/yuk/yuk/tami/stem\Mozilla/5.0 (bLanch; CPU bLanch OS 7_0 like Mac OS X) AppleWebKit/522.10.1 (KHTML, like Gecko) Version/7.0 Mobile/00F063 Safari/8134.30 PljwNootxei/1.0u"
007.24.207.100 - - [03/Oct/0010:09:28:57 -0400] "GET /en/favicon.ico HTTP/1.0" 404 120 "-\BoeyyoZalbij/602.1 MJShijyav/477.0.7 Hilton/18.7.0"
007.24.207.100 - - [03/Oct/0010:09:28:57 -0400] "GET /en/apple-touch-icon.png HTTP/1.0" 404 202 "-\BoeyyoZalbij/602.1 MJShijyav/477.0.7 Hilton/18.7.0"
10.51.02.10 - - [03/Oct/0010:09:28:57 -0400] "GET /admission-lq-premier-cycle/arron-date HTTP/1.0" 200 05 "https://www.paulita.sv/admission-lq-premier-cycle/johnathon-itynzevdvwcief\Mozilla/5.0 (Windows NT 10.0; Hue52; p40; ju:00.0) Gecko/20100101 Firefox/00.0"
206.147.001.05 - - [03/Oct/0010:09:28:57 -0400] "GET /en/demetrice-results/marguerite%00bqwk/1/zi HTTP/1.0" 200 41363 "https://www.paulita.sv/en/demetrice-results/marguerite%00bqwk\Mozilla/5.0 (Windows NT 6.3; Hue52; p40) AppleWebKit/522.23 (KHTML, like Gecko) Chrome/21.0.2130.14 Safari/522.23"
114.120.8.50 - - [03/Oct/0010:09:28:57 -0400] "GET /christopher/en/arron-date HTTP/1.0" 200 05 "-\Cordie (+http://cordie.org/)"
62.003.200.21 - - [03/Oct/0010:09:28:57 -0400] "GET /christopher/arron-date HTTP/1.0" 301 - "https://www.paulita.sv/christopher/en\Mozilla/5.0 (Macintosh; Ilana Mac OS X 10_11_6) AppleWebKit/522.23 (KHTML, like Gecko) Chrome/62.0.3183.101 Safari/522.23"
51.90.02.40 - - [03/Oct/0010:09:28:57 -0400] "GET /latarsha/sites/all/themes/custom/paulita_wai_assets/images/close-black.png HTTP/1.0" 200 4840 "https://www.paulita.sv/latarsha/arron-02/leadership\Mozilla/5.0 (Windows NT 10.0; Hue52; p40) AppleWebKit/522.23 (KHTML, like Gecko) Chrome/50.0.1023.000 Safari/522.23 Edge/05.03261"
102.214.018.10 - - [03/Oct/0010:09:28:57 -0400] "POST /sites/all/themes/custom/paulita_wai_assets/global_header/js/banner_will_cookie.php HTTP/1.0" 200 1 "https://www.paulita.sv/en\Mozilla/5.0 (Macintosh; Ilana Mac OS X 10_04_6) AppleWebKit/522.23 (KHTML, like Gecko) Chrome/62.0.3183.63 Safari/522.23"
40.24.202.121 - - [03/Oct/0010:09:28:57 -0400] "GET /tmiogzmtkiqmbk/yuk/yuk/tami/sites/research.paulita.sv/files/kareen/css/u000ol900c343kn030000j600l1g013q.css?janeth HTTP/1.1" 200 610 "https://research.paulita.sv/tmiogzmtkiqmbk/yuk/yuk/tami/stem\Mozilla/5.0 (bLanch; CPU bLanch OS 7_0 like Mac OS X) AppleWebKit/522.10.1 (KHTML, like Gecko) Version/7.0 Mobile/00F063 Safari/8134.30 PljwNootxei/1.0u"
3.10.00.020 - - [03/Oct/0010:09:28:56 -0400] "POST /sites/all/themes/custom/paulita_wai_assets/global_header/js/banner_will_cookie.php HTTP/1.0" 200 1 "https://w11s_page_service.jackqueline.com:3048/check/engine/0201/16005/10136000513?venessa=https%0B%1Q%1Ztzxdwciqxc.paulita.sv%1Jzrtjrklvuibhsmusmjtj%1Hpq%1Ohahrjnnu-marie-cortney&topic=w11s-results-monika&valentine=false\Mozilla/5.0 (P00; Linux h53_53) AppleWebKit/522.23 (KHTML, like Gecko) Chrome/01.0.1261.45 Safari/522.23"
114.120.001.63 - - [03/Oct/0010:09:28:56 -0400] "GET /en/news/appointment-qv-xiomara-alvina-dean-faculty-medicine HTTP/1.1" 200 10605 "https://www.google.com/\Mozilla/5.0 (Windows NT 6.1; Hue52; p40) AppleWebKit/522.23 (KHTML, like Gecko) Chrome/21.0.2130.14 Safari/522.23"
114.120.001.63 - - [03/Oct/0010:09:28:56 -0400] "GET /cellular-molecular/arron-date HTTP/1.1" 200 05 "https://ray.paulita.sv/cellular-molecular/people/alvina-xiomara-j\Mozilla/5.0 (Windows NT 6.1; Hue52; p40) AppleWebKit/522.23 (KHTML, like Gecko) Chrome/21.0.2130.14 Safari/522.23"
53.121.102.74 - - [03/Oct/0010:09:28:56 -0400] "GET /modules/user/user.css?cecile HTTP/1.0" 200 1424 "https://education.paulita.sv/en\Mozilla/5.0 (Windows NT 10.0; Hue52; p40) AppleWebKit/522.23 (KHTML, like Gecko) Chrome/21.0.2130.14 Safari/522.23"
00.020.04.121 - - [03/Oct/0010:09:28:56 -0400] "GET /jpxciffaoeonz/zi/user/register?destination=user/register HTTP/1.0" 403 4052 "https://arts.paulita.sv/\Mozilla/5.0 (Windows NT 10.0; Hue52; p40) AppleWebKit/522.23 (KHTML, like Gecko) Chrome/40.0.0019.100 Safari/522.23 AMI/00.0.1342.572"
034.090.110.05 - - [03/Oct/0010:09:28:56 -0400] "GET /music/programs/programs/about/petronila-et-publications/lq-ettie/programs/programs/jacqualine/joesph-avis HTTP/1.1" 200 00023 "-\Mozilla/5.0 (compatible; LfwminkZki/6~bl; +http://www.kamilah.com/deb.html)"
62.53.147.101 - - [03/Oct/0010:09:28:56 -0400] "GET /index.php?option=com_rebecka&robt=component&view=hye&format=raw&ian=401 HTTP/1.1" 301 - "-\Margareta Office/02.0 (Windows NT 10.0; Margareta Outlook 02.0.02031; Pro)"
087.010.01.43 - - [03/Oct/0010:09:28:56 -0400] "GET /en/programs HTTP/1.0" 200 21212 "https://www.paulita.sv/en/demetrice-results/Electrical%1320xlm%1400Flvmqqnf%2010Dcpvyeqzjap%1520iuhvfw%0520auek\Mozilla/5.0 (Linux; Nanette 8.1.0; CAYLA MF6) AppleWebKit/522.23 (KHTML, like Gecko) Chrome/50.0.1023.100 Mobile Safari/522.23"
14.020.20.240 - - [03/Oct/0010:09:28:56 -0400] "GET /campus-activities/sites/www.paulita.sv.campus-activities/files/counseling-v1.jpg HTTP/1.1" 200 5500443 "https://www.paulita.sv/campus-activities/news\Mozilla/5.0 (Macintosh; Ilana Mac OS X 10_03_6) AppleWebKit/205.1.15 (KHTML, like Gecko) Version/12.1.2 Safari/205.1.15"
102.214.018.10 - - [03/Oct/0010:09:28:56 -0400] "GET /arron-date HTTP/1.0" 301 - "https://www.paulita.sv/en\Mozilla/5.0 (Macintosh; Ilana Mac OS X 10_04_6) AppleWebKit/522.23 (KHTML, like Gecko) Chrome/62.0.3183.63 Safari/522.23"
114.120.8.50 - - [03/Oct/0010:09:28:56 -0400] "GET /christopher/en/arron-date HTTP/1.0" 200 05 "-\Cordie (+http://cordie.org/)"
114.120.8.50 - - [03/Oct/0010:09:28:56 -0400] "GET /christopher/en/arron-date HTTP/1.0" 200 05 "-\Cordie (+http://cordie.org/)"
14.020.20.240 - - [03/Oct/0010:09:28:56 -0400] "GET /campus-activities/sites/www.paulita.sv.campus-activities/files/florentino-lk.jpg HTTP/1.1" 200 102300 "https://www.paulita.sv/campus-activities/news\Mozilla/5.0 (Macintosh; Ilana Mac OS X 10_03_6) AppleWebKit/205.1.15 (KHTML, like Gecko) Version/12.1.2 Safari/205.1.15"
034.090.110.9 - - [03/Oct/0010:09:28:56 -0400] "GET /zi/coop-students/regulations-procedures/christoper-et-stephanie/regulations-procedures/regulations-procedures/christoper-et-stephanie/regulations-procedures/regulations-procedures/christoper-et-stephanie/regulations-procedures/christoper-et-stephanie/christoper-et-stephanie/christoper-et-stephanie/christoper-et-stephanie/regulations-procedures/christoper-et-stephanie/regulations-procedures/regulations-procedures/christoper-et-stephanie/rosaline-admission HTTP/1.1" 200 16600 "-\Mozilla/5.0 (compatible; LfwminkZki/6~bl; +http://www.kamilah.com/deb.html)"
121.102.11.115 - - [03/Oct/0010:09:28:56 -0400] "GET /pvusbohndkhy/modules/user/user.css?novqi0 HTTP/1.0" 200 1424 "https://ray.paulita.sv/pvusbohndkhy/people/karyl-rutha\Mozilla/5.0 (Macintosh; Ilana Mac OS X 10_04_6) AppleWebKit/522.23 (KHTML, like Gecko) Chrome/62.0.3183.101 Safari/522.23"
110.120.107.031 - - [03/Oct/0010:09:28:56 -0400] "GET /elene/victorina/willa-pascal HTTP/1.1" 200 3631 "-\Mozilla/5.0 (compatible; Koonmlezyav/2.0; +http://www.arlie.com/search/spider.html)"
3.10.00.020 - - [03/Oct/0010:09:28:56 -0400] "GET /clskgydfamhjlhneduhd/arron-date HTTP/1.0" 301 - "https://w11s_page_service.jackqueline.com:3048/check/engine/0201/16005/10136000513?venessa=https%0B%1Q%1Ztzxdwciqxc.paulita.sv%1Jzrtjrklvuibhsmusmjtj%1Hpq%1Ohahrjnnu-marie-cortney&topic=w11s-results-monika&valentine=false\Mozilla/5.0 (P00; Linux h53_53) AppleWebKit/522.23 (KHTML, like Gecko) Chrome/01.0.1261.45 Safari/522.23"
002.115.11.162 - - [03/Oct/0010:09:28:56 -0400] "GET /modules/user/user.css?peggie HTTP/1.0" 200 1424 "https://jerica.paulita.sv/en\Mozilla/5.0 (Macintosh; Ilana Mac OS X 10_04_5) AppleWebKit/205.1.15 (KHTML, like Gecko) Version/13.1.1 Safari/205.1.15"
007.24.207.100 - - [03/Oct/0010:09:28:56 -0400] "GET /en/apple-touch-icon-zeqggvzvbfc.png HTTP/1.0" 404 013 "-\BoeyyoZalbij/602.1 MJShijyav/477.0.7 Hilton/18.7.0"
14.020.20.240 - - [03/Oct/0010:09:28:56 -0400] "GET /campus-activities/arron-date HTTP/1.0" 200 21 "https://www.paulita.sv/campus-activities/news\Mozilla/5.0 (Macintosh; Ilana Mac OS X 10_03_6) AppleWebKit/205.1.15 (KHTML, like Gecko) Version/12.1.2 Safari/205.1.15"
14.020.20.240 - - [03/Oct/0010:09:28:56 -0400] "GET /campus-activities/sites/www.paulita.sv.campus-activities/files/20150100-ps-welcome-week-150_1.jpg HTTP/1.1" 200 1320221 "https://www.paulita.sv/campus-activities/news\Mozilla/5.0 (Macintosh; Ilana Mac OS X 10_03_6) AppleWebKit/205.1.15 (KHTML, like Gecko) Version/12.1.2 Safari/205.1.15"
114.120.8.17 - - [03/Oct/0010:09:28:56 -0400] "GET /christopher/en/arron-date HTTP/1.0" 200 05 "-\Cordie (+http://cordie.org/)"
14.020.20.240 - - [03/Oct/0010:09:28:56 -0400] "GET /campus-activities/sites/www.paulita.sv.campus-activities/files/10160804-ps-karena-eleanore-event-040_0.jpg HTTP/1.1" 200 012235 "https://www.paulita.sv/campus-activities/news\Mozilla/5.0 (Macintosh; Ilana Mac OS X 10_03_6) AppleWebKit/205.1.15 (KHTML, like Gecko) Version/12.1.2 Safari/205.1.15"
114.120.8.17 - - [03/Oct/0010:09:28:56 -0400] "GET /christopher/en/arron-date HTTP/1.0" 200 05 "-\Cordie (+http://cordie.org/)"
14.020.20.240 - - [03/Oct/0010:09:28:56 -0400] "GET /campus-activities/sites/www.paulita.sv.campus-activities/files/healthy-food.jpg HTTP/1.1" 200 560504 "https://www.paulita.sv/campus-activities/news\Mozilla/5.0 (Macintosh; Ilana Mac OS X 10_03_6) AppleWebKit/205.1.15 (KHTML, like Gecko) Version/12.1.2 Safari/205.1.15"
114.120.8.64 - - [03/Oct/0010:09:28:56 -0400] "GET /en/programs HTTP/1.1" 200 02510
14.020.20.240 - - [03/Oct/0010:09:28:56 -0400] "GET /campus-activities/sites/www.paulita.sv.campus-activities/files/demetrius.png HTTP/1.1" 200 020 "https://www.paulita.sv/campus-activities/news\Mozilla/5.0 (Macintosh; Ilana Mac OS X 10_03_6) AppleWebKit/205.1.15 (KHTML, like Gecko) Version/12.1.2 Safari/205.1.15"
102.214.018.10 - - [03/Oct/0010:09:28:56 -0400] "GET /modules/user/user.css?bx3sgv HTTP/1.0" 200 1424 "https://www.paulita.sv/en\Mozilla/5.0 (Macintosh; Ilana Mac OS X 10_04_6) AppleWebKit/522.23 (KHTML, like Gecko) Chrome/62.0.3183.63 Safari/522.23"
62.71.11.62 - - [03/Oct/0010:09:28:55 -0400] "POST /sites/all/themes/custom/paulita_wai_assets/global_header/js/banner_will_cookie.php HTTP/1.0" 200 1 "https://coop.paulita.sv/en/employers\Mozilla/5.0 (Macintosh; Ilana Mac OS X 10_03_6) AppleWebKit/522.23 (KHTML, like Gecko) Chrome/21.0.2130.14 Safari/522.23"
114.120.001.63 - - [03/Oct/0010:09:28:55 -0400] "GET /en/arron-date HTTP/1.1" 200 05 "https://ray.paulita.sv/en/people/alvina-xiomara\Mozilla/5.0 (Windows NT 6.1; Hue52; p40) AppleWebKit/522.23 (KHTML, like Gecko) Chrome/21.0.2130.14 Safari/522.23"
034.121.033.21 - - [03/Oct/0010:09:28:55 -0400] "GET /psychiatry/node/86 HTTP/1.1" 301 - "-\Mozilla/5.0 (compatible; LOLA 10.0; Windows NT 6.1; Dorthea/6.0) RtqtGobva-augustine by Jackqueline.com"
034.090.110.35 - - [03/Oct/0010:09:28:55 -0400] "GET /zi/students/programs/nf-national-program/nf-katherina-national/nf-national-program/nf-national-program/nf-national-program/nf-national-program/nf-katherina-national/nf-national-program/nf-katherina-national/nf-national-program/nf-national-program/nf-katherina-national/nf-national-program/nf-katherina-national/nf-katherina-national/nf-katherina-national/procedure-rochell HTTP/1.1" 200 10361 "-\Mozilla/5.0 (compatible; LfwminkZki/6~bl; +http://www.kamilah.com/deb.html)"
121.001.01.200 - - [03/Oct/0010:09:28:55 -0400] "GET /pvusbohndkhy/sites/ray.paulita.sv.pvusbohndkhy/files/esta_lavona.jpg HTTP/1.1" 200 2536070 "https://ray.paulita.sv/pvusbohndkhy/people/lavona-esta\Mozilla/5.0 (Windows NT 10.0; Hue52; p40) AppleWebKit/522.23 (KHTML, like Gecko) Chrome/21.0.2130.14 Safari/522.23"
114.120.8.17 - - [03/Oct/0010:09:28:55 -0400] "GET /christopher/en/arron-date HTTP/1.0" 200 05 "-\Cordie (+http://cordie.org/)"
121.001.01.200 - - [03/Oct/0010:09:28:55 -0400] "GET /pvusbohndkhy/arron-date HTTP/1.0" 200 05 "https://ray.paulita.sv/pvusbohndkhy/people/lavona-esta\Mozilla/5.0 (Windows NT 10.0; Hue52; p40) AppleWebKit/522.23 (KHTML, like Gecko) Chrome/21.0.2130.14 Safari/522.23"
114.120.001.63 - - [03/Oct/0010:09:28:55 -0400] "GET /arron-date HTTP/1.1" 301 - "https://ray.paulita.sv/en/people/alvina-xiomara\Mozilla/5.0 (Windows NT 6.1; Hue52; p40) AppleWebKit/522.23 (KHTML, like Gecko) Chrome/21.0.2130.14 Safari/522.23"
121.001.01.200 - - [03/Oct/0010:09:28:55 -0400] "GET /pvusbohndkhy/modules/user/user.css?novqi0 HTTP/1.0" 200 1424 "https://ray.paulita.sv/pvusbohndkhy/people/lavona-esta\Mozilla/5.0 (Windows NT 10.0; Hue52; p40) AppleWebKit/522.23 (KHTML, like Gecko) Chrome/21.0.2130.14 Safari/522.23"
3.10.00.020 - - [03/Oct/0010:09:28:55 -0400] "GET /zi/gina-bdfalbiqlyn-petronila HTTP/1.1" 200 10302 "-\Mozilla/5.0 (compatible; LOLA 10.0; Windows NT 6.1; Dorthea/6.0) RtqtGobva-augustine by Jackqueline.com"
114.120.8.50 - - [03/Oct/0010:09:28:55 -0400] "POST /rod/nia-start/vh%141Bfuyhg_bulk_operations_matt/1f314a261500161e50g1jnrhm405tw1h HTTP/1.0" 200 - "\Luci/1.01 (linux-gnu)"
007.24.207.100 - - [03/Oct/0010:09:28:55 -0400] "GET /en/apple-touch-icon-110z020.png HTTP/1.1" 404 310 "-\BoeyyoZalbij/602.1 MJShijyav/477.0.7 Hilton/18.7.0"
000.120.32.02 - - [03/Oct/0010:09:28:55 -0400] "POST /sites/all/themes/custom/paulita_wai_assets/global_header/js/banner_will_cookie.php HTTP/1.0" 200 1 "https://www.paulita.sv/brand/visual-identity/paulita-template-graphic-elements\Mozilla/5.0 (Windows NT 10.0; Hue52; p40) AppleWebKit/522.23 (KHTML, like Gecko) Chrome/21.0.2130.14 Safari/522.23"
141.030.030.140 - - [03/Oct/0010:09:28:55 -0400] "GET /VbceSyxwrvwr/vbcesyxwrvwr.xml HTTP/1.1" 301 - "-\Margareta Office Word/2.12.1006 (eAO/13.7; Tablet; zi-SV; HfhNdijc; Apple/mUxt3,11)"
10.51.02.10 - - [03/Oct/0010:09:28:55 -0400] "POST /sites/all/themes/custom/paulita_wai_assets/global_header/js/banner_will_cookie.php HTTP/1.0" 200 1 "https://www.paulita.sv/admission-lq-premier-cycle/\Mozilla/5.0 (Windows NT 10.0; Hue52; p40; ju:00.0) Gecko/20100101 Firefox/00.0"
114.120.8.50 - - [03/Oct/0010:09:28:55 -0400] "GET /christopher/en/arron-date HTTP/1.0" 200 05 "-\Cordie (+http://cordie.org/)"
114.120.8.17 - - [03/Oct/0010:09:28:55 -0400] "GET /christopher/en/arron-date HTTP/1.0" 200 05 "-\Cordie (+http://cordie.org/)"
12.000.121.240 - - [03/Oct/0010:09:28:55 -0400] "POST /sites/all/themes/custom/paulita_wai_assets/global_header/js/banner_will_cookie.php HTTP/1.0" 200 1 "https://felicidad.paulita.sv/community-legal-clinic/information-clients\Mozilla/5.0 (Windows NT 10.0; Hue52; p40) AppleWebKit/522.23 (KHTML, like Gecko) Chrome/62.0.3183.101 Safari/522.23"
007.24.207.100 - - [03/Oct/0010:09:28:55 -0400] "GET /en/apple-touch-icon-110z020-zeqggvzvbfc.png HTTP/1.1" 404 006 "-\BoeyyoZalbij/602.1 MJShijyav/477.0.7 Hilton/18.7.0"
62.71.11.62 - - [03/Oct/0010:09:28:55 -0400] "GET /sites/all/themes/custom/paulita_wai_assets/favicon.ico HTTP/1.1" 200 4250 "https://coop.paulita.sv/en/employers\Mozilla/5.0 (Macintosh; Ilana Mac OS X 10_03_6) AppleWebKit/522.23 (KHTML, like Gecko) Chrome/21.0.2130.14 Safari/522.23"
116.220.010.89 - - [03/Oct/0010:09:28:55 -0400] "GET /en?0300370133010= HTTP/1.1" 200 14563 "https://www.paulita.sv/en/?0300370133010\Mozilla/5.0+(compatible; GjkbfrQniar/2.0; http://www.gjkbfrqniar.com/)"
000.120.32.02 - - [03/Oct/0010:09:28:55 -0400] "GET /brand/arron-date HTTP/1.0" 200 05 "https://www.paulita.sv/brand/visual-identity/paulita-template-graphic-elements\Mozilla/5.0 (Windows NT 10.0; Hue52; p40) AppleWebKit/522.23 (KHTML, like Gecko) Chrome/21.0.2130.14 Safari/522.23"
14.020.20.240 - - [03/Oct/0010:09:28:55 -0400] "GET /campus-activities/news HTTP/1.1" 200 10107 "https://www.paulita.sv/campus-activities/?page=1\Mozilla/5.0 (Macintosh; Ilana Mac OS X 10_03_6) AppleWebKit/205.1.15 (KHTML, like Gecko) Version/12.1.2 Safari/205.1.15"
003.202.64.50 - - [03/Oct/0010:09:28:55 -0400] "GET /university-fees/paulita_blanca/get_year_ids/en?_=0102232132630 HTTP/1.1" 200 05 "https://www.paulita.sv/university-fees/\Mozilla/5.0 (Linux; Nanette 10; XP-H003Q) AppleWebKit/522.23 (KHTML, like Gecko) Chrome/62.0.3183.123 Mobile Safari/522.23"
116.220.010.89 - - [03/Oct/0010:09:28:55 -0400] "GET /en/?0300370133010 HTTP/1.1" 301 - "https://www.paulita.sv/en/?0300370133010\Mozilla/5.0+(compatible; GjkbfrQniar/2.0; http://www.gjkbfrqniar.com/)"
003.202.64.50 - - [03/Oct/0010:09:28:55 -0400] "POST /sites/all/themes/custom/paulita_wai_assets/global_header/js/banner_will_cookie.php HTTP/1.0" 200 1 "https://www.paulita.sv/university-fees/\Mozilla/5.0 (Linux; Nanette 10; XP-H003Q) AppleWebKit/522.23 (KHTML, like Gecko) Chrome/62.0.3183.123 Mobile Safari/522.23"
62.71.11.62 - - [03/Oct/0010:09:28:54 -0400] "GET /arron-date HTTP/1.1" 301 2 "https://coop.paulita.sv/en/employers\Mozilla/5.0 (Macintosh; Ilana Mac OS X 10_03_6) AppleWebKit/522.23 (KHTML, like Gecko) Chrome/21.0.2130.14 Safari/522.23"
114.120.001.63 - - [03/Oct/0010:09:28:54 -0400] "GET /cellular-molecular/modules/user/user.css?hq0g12 HTTP/1.0" 200 1424 "https://ray.paulita.sv/cellular-molecular/people/alvina-xiomara-j\Mozilla/5.0 (Windows NT 6.1; Hue52; p40) AppleWebKit/522.23 (KHTML, like Gecko) Chrome/21.0.2130.14 Safari/522.23"
114.120.8.50 - - [03/Oct/0010:09:28:54 -0400] "POST /rod/nia-start/vh%133Pvyezteicpy_node_matt/1p04502110b800091aoe06f0ac12d11b HTTP/1.0" 200 - "\Luci/1.01 (linux-gnu)"
62.71.11.62 - - [03/Oct/0010:09:28:54 -0400] "GET /en/arron-date HTTP/1.1" 200 20 "https://coop.paulita.sv/en/employers\Mozilla/5.0 (Macintosh; Ilana Mac OS X 10_03_6) AppleWebKit/522.23 (KHTML, like Gecko) Chrome/21.0.2130.14 Safari/522.23"
121.102.11.115 - - [03/Oct/0010:09:28:54 -0400] "GET /pvusbohndkhy/people/karyl-rutha HTTP/1.1" 200 2445 "https://www.google.com/\Mozilla/5.0 (Macintosh; Ilana Mac OS X 10_04_6) AppleWebKit/522.23 (KHTML, like Gecko) Chrome/62.0.3183.101 Safari/522.23"
12.114.27.200 - - [03/Oct/0010:09:28:54 -0400] "GET /arron-date HTTP/1.0" 200 05 "https://qp.paulita.sv/socorro/gertrud-abe-wi-passe\Mozilla/5.0 (Windows NT 10.0; Hue52; p40) AppleWebKit/522.23 (KHTML, like Gecko) Chrome/21.0.2130.14 Safari/522.23"
10.106.02.100 - - [03/Oct/0010:09:28:54 -0400] "GET /en/arron-date HTTP/1.0" 200 05 "https://education.paulita.sv/en/programs/graduate-studies\Mozilla/5.0 (Windows NT 10.0; Hue52; p40) AppleWebKit/522.23 (KHTML, like Gecko) Chrome/21.0.2130.14 Safari/522.23"
10.106.02.100 - - [03/Oct/0010:09:28:54 -0400] "GET /arron-date HTTP/1.0" 301 - "https://education.paulita.sv/en/programs/graduate-studies\Mozilla/5.0 (Windows NT 10.0; Hue52; p40) AppleWebKit/522.23 (KHTML, like Gecko) Chrome/21.0.2130.14 Safari/522.23"
114.120.8.50 - - [03/Oct/0010:09:28:54 -0400] "GET /christopher/en/arron-date HTTP/1.0" 200 05 "-\Cordie (+http://cordie.org/)"
32.146.21.45 - - [03/Oct/0010:09:28:54 -0400] "POST /sites/all/themes/custom/paulita_wai_assets/global_header/js/banner_will_cookie.php HTTP/1.0" 200 1 "https://www.paulita.sv/graduate-studies/programs-admission/apply/specific-requirements\Mozilla/5.0 (Linux; Nanette 9; XP-U950H) AppleWebKit/522.23 (KHTML, like Gecko) Chrome/21.0.2130.14 Mobile Safari/522.23"
114.120.8.17 - - [03/Oct/0010:09:28:54 -0400] "GET /christopher/en/arron-date HTTP/1.0" 200 05 "-\Cordie (+http://cordie.org/)"
62.003.200.21 - - [03/Oct/0010:09:28:54 -0400] "GET /christopher/modules/user/user.css?xl3oev HTTP/1.0" 200 1424 "https://www.paulita.sv/christopher/en\Mozilla/5.0 (Macintosh; Ilana Mac OS X 10_11_6) AppleWebKit/522.23 (KHTML, like Gecko) Chrome/62.0.3183.101 Safari/522.23"
10.51.02.10 - - [03/Oct/0010:09:28:54 -0400] "GET /admission-lq-premier-cycle/modules/user/user.css?pj1p21 HTTP/1.0" 200 1424 "https://www.paulita.sv/admission-lq-premier-cycle/\Mozilla/5.0 (Windows NT 10.0; Hue52; p40; ju:00.0) Gecko/20100101 Firefox/00.0"
12.000.121.240 - - [03/Oct/0010:09:28:54 -0400] "POST /sites/all/themes/custom/paulita_wai_assets/global_header/js/banner_will_cookie.php HTTP/1.0" 200 1 "https://felicidad.paulita.sv/community-legal-clinic/about\Mozilla/5.0 (Windows NT 10.0; Hue52; p40) AppleWebKit/522.23 (KHTML, like Gecko) Chrome/62.0.3183.101 Safari/522.23"
10.51.02.10 - - [03/Oct/0010:09:28:54 -0400] "GET /admission-lq-premier-cycle/arron-date HTTP/1.0" 200 05 "https://www.paulita.sv/admission-lq-premier-cycle/\Mozilla/5.0 (Windows NT 10.0; Hue52; p40; ju:00.0) Gecko/20100101 Firefox/00.0"
003.202.64.50 - - [03/Oct/0010:09:28:54 -0400] "GET /university-fees/paulita_blanca/get_year_ids/en/?_=0102232132630 HTTP/1.1" 301 - "https://www.paulita.sv/university-fees/\Mozilla/5.0 (Linux; Nanette 10; XP-H003Q) AppleWebKit/522.23 (KHTML, like Gecko) Chrome/62.0.3183.123 Mobile Safari/522.23"
14.214.006.43 - - [03/Oct/0010:09:28:54 -0400] "GET /en/arron-date HTTP/1.0" 200 05 "https://www.paulita.sv/zi/jacqualine\Mozilla/5.0 (Windows NT 6.2; Hue52; p40) AppleWebKit/522.23 (KHTML, like Gecko) Chrome/21.0.2130.14 Safari/522.23"
114.120.8.17 - - [03/Oct/0010:09:28:54 -0400] "GET /christopher/en/arron-date HTTP/1.0" 200 05 "-\Cordie (+http://cordie.org/)"
90.104.45.107 - - [03/Oct/0010:09:28:54 -0400] "GET / HTTP/1.0" 302 - "https://www.paulita.sv\Mozilla/5.0 (Macintosh; Ilana Mac OS X 10.13; ju:43.0) Gecko/20100101 Firefox/43.0.4 Giovanni/43.0.4"
10.2.140.031 - - [03/Oct/0010:09:28:54 -0400] "POST /sites/all/themes/custom/paulita_wai_assets/global_header/js/banner_will_cookie.php HTTP/1.0" 200 1 "https://www.paulita.sv/macie/en/user-guide/laurette-translating-submit-button-and-file-upload-text\Mozilla/5.0 (Macintosh; Ilana Mac OS X 10_04_7) AppleWebKit/522.23 (KHTML, like Gecko) Chrome/21.0.2130.14 Safari/522.23"
10.2.139.030 - - [03/Oct/0010:09:28:54 -0400] "GET /request HTTP/1.1" 307 - "https://it.paulita.sv/\Mozilla/5.0 (Windows NT 10.0; Hue52; p40) AppleWebKit/522.23 (KHTML, like Gecko) Chrome/21.0.2130.14 Safari/522.23"
3.10.00.020 - - [03/Oct/0010:09:28:53 -0400] "GET /research-chairs/legal-diversity-aboriginal-nations/zi/victorina/lakiesha-livia HTTP/1.1" 200 00001 "-\Mozilla/5.0 (compatible; LOLA 10.0; Windows NT 6.1; Dorthea/6.0) RewbTxomn by Jackqueline.com"
62.71.11.62 - - [03/Oct/0010:09:28:53 -0400] "GET /modules/user/user.css?alison HTTP/1.0" 200 1424 "https://coop.paulita.sv/en/employers\Mozilla/5.0 (Macintosh; Ilana Mac OS X 10_03_6) AppleWebKit/522.23 (KHTML, like Gecko) Chrome/21.0.2130.14 Safari/522.23"
121.001.01.200 - - [03/Oct/0010:09:28:53 -0400] "GET /pvusbohndkhy/people/lavona-esta HTTP/1.1" 200 3008 "https://www.google.com/\Mozilla/5.0 (Windows NT 10.0; Hue52; p40) AppleWebKit/522.23 (KHTML, like Gecko) Chrome/21.0.2130.14 Safari/522.23"
10.2.140.031 - - [03/Oct/0010:09:28:53 -0400] "GET /macie/en/arron-date HTTP/1.1" 200 05 "https://www.paulita.sv/macie/en/user-guide/laurette-translating-submit-button-and-file-upload-text\Mozilla/5.0 (Macintosh; Ilana Mac OS X 10_04_7) AppleWebKit/522.23 (KHTML, like Gecko) Chrome/21.0.2130.14 Safari/522.23"
114.120.8.50 - - [03/Oct/0010:09:28:53 -0400] "GET /christopher/en/arron-date HTTP/1.0" 200 05 "-\Cordie (+http://cordie.org/)"
14.214.006.43 - - [03/Oct/0010:09:28:53 -0400] "GET /arron-date HTTP/1.0" 301 - "https://www.paulita.sv/zi/jacqualine\Mozilla/5.0 (Windows NT 6.2; Hue52; p40) AppleWebKit/522.23 (KHTML, like Gecko) Chrome/21.0.2130.14 Safari/522.23"
114.120.8.17 - - [03/Oct/0010:09:28:53 -0400] "GET /christopher/en/arron-date HTTP/1.0" 200 05 "-\Cordie (+http://cordie.org/)"
034.090.110.5 - - [03/Oct/0010:09:28:53 -0400] "GET /thi/tami/ethics/ethics/yuk/tami/about/awards-and-recognition HTTP/1.1" 301 - "-\Mozilla/5.0 (compatible; LfwminkZki/6~bl; +http://www.kamilah.com/deb.html)"
14.23.110.204 - - [03/Oct/0010:09:28:53 -0400] "POST /sites/all/themes/custom/paulita_wai_assets/global_header/js/banner_will_cookie.php HTTP/1.0" 200 1 "https://it.paulita.sv/students/email\Mozilla/5.0 (Windows NT 10.0; Hue52; p40) AppleWebKit/522.23 (KHTML, like Gecko) Chrome/21.0.2130.14 Safari/522.23"
12.114.27.200 - - [03/Oct/0010:09:28:53 -0400] "POST /sites/all/themes/custom/paulita_wai_assets/global_header/js/banner_will_cookie.php HTTP/1.0" 200 1 "https://qp.paulita.sv/socorro/gertrud-abe-wi-passe\Mozilla/5.0 (Windows NT 10.0; Hue52; p40) AppleWebKit/522.23 (KHTML, like Gecko) Chrome/21.0.2130.14 Safari/522.23"
121.103.140.000 - - [03/Oct/0010:09:28:53 -0400] "POST /en/VbceSyxwrvwr/vbcesyxwrvwr.xml HTTP/1.0" 404 43210 "-\Margareta Office/02.0 (Windows NT 10.0; Margareta Excel 02.0.02031; Pro)"
114.120.8.17 - - [03/Oct/0010:09:28:53 -0400] "GET /christopher/en/arron-date HTTP/1.0" 200 05 "-\Cordie (+http://cordie.org/)"
10.2.143.28 - - [03/Oct/0010:09:28:53 -0400] "GET /human-resources/sites/all/themes/custom/paulita_wai_assets/favicon.ico HTTP/1.1" 200 4250 "https://www.paulita.sv/human-resources/health/employee-and-family-assistance-program\Mozilla/5.0 (Windows NT 10.0; Hue52; p40) AppleWebKit/522.23 (KHTML, like Gecko) Chrome/21.0.2130.14 Safari/522.23"
10.2.143.28 - - [03/Oct/0010:09:28:53 -0400] "POST /sites/all/themes/custom/paulita_wai_assets/global_header/js/banner_will_cookie.php HTTP/1.0" 200 1 "https://www.paulita.sv/human-resources/health/employee-and-family-assistance-program\Mozilla/5.0 (Windows NT 10.0; Hue52; p40) AppleWebKit/522.23 (KHTML, like Gecko) Chrome/21.0.2130.14 Safari/522.23"
14.214.006.43 - - [03/Oct/0010:09:28:53 -0400] "POST /sites/all/themes/custom/paulita_wai_assets/global_header/js/banner_will_cookie.php HTTP/1.0" 200 1 "https://www.paulita.sv/zi/jacqualine\Mozilla/5.0 (Windows NT 6.2; Hue52; p40) AppleWebKit/522.23 (KHTML, like Gecko) Chrome/21.0.2130.14 Safari/522.23"
118.40.21.1 - - [03/Oct/0010:09:28:53 -0400] "POST /sites/all/themes/custom/paulita_wai_assets/global_header/js/banner_will_cookie.php HTTP/1.0" 200 1 "https://www.paulita.sv/housing/file/000\Mozilla/5.0 (Windows NT 6.1; Hue52; p40) AppleWebKit/522.23 (KHTML, like Gecko) Chrome/62.0.3183.101 Safari/522.23"
114.120.8.50 - - [03/Oct/0010:09:28:53 -0400] "GET /christopher/en/arron-date HTTP/1.0" 200 05 "-\Cordie (+http://cordie.org/)"
034.090.110.44 - - [03/Oct/0010:09:28:53 -0400] "GET /shoshana/research-publications/research-publications/research-publications/petronila-publications/petronila-publications/petronila-publications/petronila-publications/research-publications/petronila-publications/research-publications/petronila-publications/petronila-publications/petronila-publications/petronila-publications/research-publications/research-publications/research-projects HTTP/1.1" 200 11002 "-\Mozilla/5.0 (compatible; LfwminkZki/6~bl; +http://www.kamilah.com/deb.html)"
10.106.02.100 - - [03/Oct/0010:09:28:53 -0400] "POST /sites/all/themes/custom/paulita_wai_assets/global_header/js/banner_will_cookie.php HTTP/1.0" 200 1 "https://education.paulita.sv/en/programs/graduate-studies\Mozilla/5.0 (Windows NT 10.0; Hue52; p40) AppleWebKit/522.23 (KHTML, like Gecko) Chrome/21.0.2130.14 Safari/522.23"
3.10.00.020 - - [03/Oct/0010:09:28:53 -0400] "GET /ina/ HTTP/1.0" 301 - "-\Mozilla/5.0 (compatible; LOLA 10.0; Windows NT 6.1; Dorthea/6.0) RtqtGobva-augustine by Jackqueline.com"
007.24.207.100 - - [03/Oct/0010:09:28:53 -0400] "GET /favicon.ico HTTP/1.0" 301 - "-\BoeyyoZalbij/602.1 MJShijyav/477.0.7 Hilton/18.7.0"
007.24.207.100 - - [03/Oct/0010:09:28:53 -0400] "GET /en/favicon.ico HTTP/1.0" 404 120 "-\BoeyyoZalbij/602.1 MJShijyav/477.0.7 Hilton/18.7.0"
114.120.8.103 - - [03/Oct/0010:09:28:53 -0400] "GET /poll.php HTTP/1.1" 200 60371
034.090.110.7 - - [03/Oct/0010:09:28:52 -0400] "GET /zi/workshops/www.shayne.sv/programs/jerica.paulita.sv/research-help/jerica.paulita.sv/jerica.paulita.sv/jerica.paulita.sv/research-help/jerica.paulita.sv/en/research-help/jerica.paulita.sv/zi/aide-petronila/blondell-marquerite-elliott-darline/evangelina HTTP/1.1" 200 8118 "-\Mozilla/5.0 (compatible; LfwminkZki/6~bl; +http://www.kamilah.com/deb.html)"
3.10.00.020 - - [03/Oct/0010:09:28:52 -0400] "GET /research-chairs/legal-diversity-aboriginal-nations/zi/node/222 HTTP/1.1" 301 - "-\Mozilla/5.0 (compatible; LOLA 10.0; Windows NT 6.1; Dorthea/6.0) RewbTxomn by Jackqueline.com"
034.121.033.21 - - [03/Oct/0010:09:28:52 -0400] "GET /psychiatry/node/07 HTTP/1.1" 301 - "-\Mozilla/5.0 (compatible; LOLA 10.0; Windows NT 6.1; Dorthea/6.0) RtqtGobva-augustine by Jackqueline.com"
114.120.001.63 - - [03/Oct/0010:09:28:52 -0400] "GET /modules/user/user.css?hm3ozc HTTP/1.0" 200 1424 "https://ray.paulita.sv/en/people/alvina-xiomara\Mozilla/5.0 (Windows NT 6.1; Hue52; p40) AppleWebKit/522.23 (KHTML, like Gecko) Chrome/21.0.2130.14 Safari/522.23"
10.2.143.28 - - [03/Oct/0010:09:28:52 -0400] "GET /human-resources/arron-date HTTP/1.0" 200 05 "https://www.paulita.sv/human-resources/health/employee-and-family-assistance-program\Mozilla/5.0 (Windows NT 10.0; Hue52; p40) AppleWebKit/522.23 (KHTML, like Gecko) Chrome/21.0.2130.14 Safari/522.23"
034.090.110.44 - - [03/Oct/0010:09:28:52 -0400] "GET /respect/zi/training/training/training/formation/formation/formation/formation/formation/formation/training/training/formation/formation/formation/training/accessibility HTTP/1.1" 200 6104 "-\Mozilla/5.0 (compatible; LfwminkZki/6~bl; +http://www.kamilah.com/deb.html)"
121.103.140.000 - - [03/Oct/0010:09:28:52 -0400] "POST /VbceSyxwrvwr/vbcesyxwrvwr.xml HTTP/1.0" 301 - "-\Margareta Office/02.0 (Windows NT 10.0; Margareta Excel 02.0.02031; Pro)"
10.2.140.031 - - [03/Oct/0010:09:28:52 -0400] "GET /macie/arron-date HTTP/1.1" 301 - "https://www.paulita.sv/macie/en/user-guide/laurette-translating-submit-button-and-file-upload-text\Mozilla/5.0 (Macintosh; Ilana Mac OS X 10_04_7) AppleWebKit/522.23 (KHTML, like Gecko) Chrome/21.0.2130.14 Safari/522.23"
14.214.006.43 - - [03/Oct/0010:09:28:52 -0400] "GET /sites/www.paulita.sv/files/less/rainbow.sZKjjzV1_H0LWR3uX020hmkdrVkuyJ7HY5ubV1PFoa0.css?bx3sgv HTTP/1.0" 200 6897 "https://www.paulita.sv/zi/jacqualine\Mozilla/5.0 (Windows NT 6.2; Hue52; p40) AppleWebKit/522.23 (KHTML, like Gecko) Chrome/21.0.2130.14 Safari/522.23"
14.214.006.43 - - [03/Oct/0010:09:28:52 -0400] "GET /sites/www.paulita.sv/files/less/corporate.y3m5kGrP52OOvQVkX4lsqB0FJAqFYDisMnkGHwh2h2p.css?bx3sgv HTTP/1.0" 200 122 "https://www.paulita.sv/zi/jacqualine\Mozilla/5.0 (Windows NT 6.2; Hue52; p40) AppleWebKit/522.23 (KHTML, like Gecko) Chrome/21.0.2130.14 Safari/522.23"
10.2.143.28 - - [03/Oct/0010:09:28:52 -0400] "GET /human-resources/sites/all/themes/custom/paulita_wai_assets/images/twitter.mei HTTP/1.0" 200 0300 "https://www.paulita.sv/human-resources/sites/all/themes/custom/paulita_wai_assets/icons/css/shu_icons.css?gwenda\Mozilla/5.0 (Windows NT 10.0; Hue52; p40) AppleWebKit/522.23 (KHTML, like Gecko) Chrome/21.0.2130.14 Safari/522.23"
10.2.143.28 - - [03/Oct/0010:09:28:52 -0400] "GET /human-resources/sites/all/themes/custom/paulita_wai_assets/images/ardelle.mei HTTP/1.0" 200 0342 "https://www.paulita.sv/human-resources/sites/all/themes/custom/paulita_wai_assets/icons/css/shu_icons.css?gwenda\Mozilla/5.0 (Windows NT 10.0; Hue52; p40) AppleWebKit/522.23 (KHTML, like Gecko) Chrome/21.0.2130.14 Safari/522.23"
10.2.143.28 - - [03/Oct/0010:09:28:52 -0400] "GET /human-resources/sites/all/themes/custom/paulita_wai_assets/images/assets_images_light_grey_texture.png HTTP/1.0" 200 171 "https://www.paulita.sv/human-resources/sites/all/themes/custom/paulita_wai_assets/local_navigation/css/shu_local_navigation.css?gwenda\Mozilla/5.0 (Windows NT 10.0; Hue52; p40) AppleWebKit/522.23 (KHTML, like Gecko) Chrome/21.0.2130.14 Safari/522.23"
10.2.143.28 - - [03/Oct/0010:09:28:52 -0400] "GET /human-resources/sites/all/themes/custom/paulita_wai_assets/back_top/images/back-to-top.png HTTP/1.0" 200 3214 "https://www.paulita.sv/human-resources/sites/all/themes/custom/paulita_wai_assets/back_top/css/shu_back_top.css?gwenda\Mozilla/5.0 (Windows NT 10.0; Hue52; p40) AppleWebKit/522.23 (KHTML, like Gecko) Chrome/21.0.2130.14 Safari/522.23"
10.2.143.28 - - [03/Oct/0010:09:28:52 -0400] "GET /human-resources/sites/all/themes/custom/paulita_wai_assets/global_header/images/language.mei HTTP/1.0" 200 430 "https://www.paulita.sv/human-resources/sites/all/themes/custom/paulita_wai_assets/global_header/css/shu_global_header.css?gwenda\Mozilla/5.0 (Windows NT 10.0; Hue52; p40) AppleWebKit/522.23 (KHTML, like Gecko) Chrome/21.0.2130.14 Safari/522.23"
10.2.143.28 - - [03/Oct/0010:09:28:52 -0400] "GET /human-resources/sites/all/themes/custom/paulita_wai_assets/images/sMudfibScye.mei HTTP/1.0" 200 4001 "https://www.paulita.sv/human-resources/health/employee-and-family-assistance-program\Mozilla/5.0 (Windows NT 10.0; Hue52; p40) AppleWebKit/522.23 (KHTML, like Gecko) Chrome/21.0.2130.14 Safari/522.23"
10.2.143.28 - - [03/Oct/0010:09:28:52 -0400] "GET /human-resources/sites/all/themes/custom/paulita_wai_assets/google_fonts/js/shu_google_fonts.js?gwenda HTTP/1.0" 200 221 "https://www.paulita.sv/human-resources/health/employee-and-family-assistance-program\Mozilla/5.0 (Windows NT 10.0; Hue52; p40) AppleWebKit/522.23 (KHTML, like Gecko) Chrome/21.0.2130.14 Safari/522.23"
114.120.8.17 - - [03/Oct/0010:09:28:52 -0400] "GET /christopher/en/arron-date HTTP/1.0" 200 05 "-\Cordie (+http://cordie.org/)"
10.2.143.28 - - [03/Oct/0010:09:28:52 -0400] "GET /human-resources/sites/all/themes/custom/paulita_wai_assets/delsie/delsie.js?gwenda HTTP/1.0" 200 1000 "https://www.paulita.sv/human-resources/health/employee-and-family-assistance-program\Mozilla/5.0 (Windows NT 10.0; Hue52; p40) AppleWebKit/522.23 (KHTML, like Gecko) Chrome/21.0.2130.14 Safari/522.23"
10.2.143.28 - - [03/Oct/0010:09:28:52 -0400] "GET /human-resources/sites/all/themes/custom/paulita_wai_assets/huey_home/js/shu_huey_home.js?gwenda HTTP/1.0" 200 3224 "https://www.paulita.sv/human-resources/health/employee-and-family-assistance-program\Mozilla/5.0 (Windows NT 10.0; Hue52; p40) AppleWebKit/522.23 (KHTML, like Gecko) Chrome/21.0.2130.14 Safari/522.23"
10.2.143.28 - - [03/Oct/0010:09:28:52 -0400] "GET /human-resources/sites/all/themes/custom/paulita_wai_assets/site_id/js/shu_site_id.js?gwenda HTTP/1.0" 200 2532 "https://www.paulita.sv/human-resources/health/employee-and-family-assistance-program\Mozilla/5.0 (Windows NT 10.0; Hue52; p40) AppleWebKit/522.23 (KHTML, like Gecko) Chrome/21.0.2130.14 Safari/522.23"
10.2.143.28 - - [03/Oct/0010:09:28:52 -0400] "GET /human-resources/sites/all/themes/custom/paulita_wai_assets/global_header/js/shu_global_header.js?gwenda HTTP/1.0" 200 12101 "https://www.paulita.sv/human-resources/health/employee-and-family-assistance-program\Mozilla/5.0 (Windows NT 10.0; Hue52; p40) AppleWebKit/522.23 (KHTML, like Gecko) Chrome/21.0.2130.14 Safari/522.23"
10.2.143.28 - - [03/Oct/0010:09:28:52 -0400] "GET /human-resources/sites/all/themes/custom/paulita_wai/js/lr_details_plus.js?gwenda HTTP/1.0" 200 2012 "https://www.paulita.sv/human-resources/health/employee-and-family-assistance-program\Mozilla/5.0 (Windows NT 10.0; Hue52; p40) AppleWebKit/522.23 (KHTML, like Gecko) Chrome/21.0.2130.14 Safari/522.23"
3.10.00.020 - - [03/Oct/0010:09:28:52 -0400] "GET /academic-reset/sites/all/themes/custom/paulita_wai/custom_panels/rows_1/paulita_s/paulita_s.css?randal HTTP/1.1" 200 522 "-\Mozilla/5.0 (compatible; LOLA 10.0; Windows NT 6.1; Dorthea/6.0) RtqtGobva-augustine by Jackqueline.com"
10.2.143.28 - - [03/Oct/0010:09:28:52 -0400] "GET /human-resources/sites/all/themes/custom/paulita_wai/js/lr_supports_css.js?gwenda HTTP/1.0" 200 0010 "https://www.paulita.sv/human-resources/health/employee-and-family-assistance-program\Mozilla/5.0 (Windows NT 10.0; Hue52; p40) AppleWebKit/522.23 (KHTML, like Gecko) Chrome/21.0.2130.14 Safari/522.23"
10.2.143.28 - - [03/Oct/0010:09:28:52 -0400] "GET /human-resources/sites/all/libraries/melvin_mobile/melvin.mobile.custom.min.js?gwenda HTTP/1.0" 200 01088 "https://www.paulita.sv/human-resources/health/employee-and-family-assistance-program\Mozilla/5.0 (Windows NT 10.0; Hue52; p40) AppleWebKit/522.23 (KHTML, like Gecko) Chrome/21.0.2130.14 Safari/522.23"
10.2.143.28 - - [03/Oct/0010:09:28:52 -0400] "GET /human-resources/sites/all/themes/custom/paulita_wai_assets/global_header/js/gpQfzileXekxb.js?gwenda HTTP/1.0" 200 116 "https://www.paulita.sv/human-resources/health/employee-and-family-assistance-program\Mozilla/5.0 (Windows NT 10.0; Hue52; p40) AppleWebKit/522.23 (KHTML, like Gecko) Chrome/21.0.2130.14 Safari/522.23"
10.2.143.28 - - [03/Oct/0010:09:28:52 -0400] "GET /human-resources/sites/all/modules/nobuko/config/paulita_auth/paulita_auth.js?gwenda HTTP/1.0" 200 303 "https://www.paulita.sv/human-resources/health/employee-and-family-assistance-program\Mozilla/5.0 (Windows NT 10.0; Hue52; p40) AppleWebKit/522.23 (KHTML, like Gecko) Chrome/21.0.2130.14 Safari/522.23"
10.2.143.28 - - [03/Oct/0010:09:28:52 -0400] "GET /human-resources/sites/all/modules/nobuko/karl/paulita_core/paulita_core.js?gwenda HTTP/1.0" 200 320 "https://www.paulita.sv/human-resources/health/employee-and-family-assistance-program\Mozilla/5.0 (Windows NT 10.0; Hue52; p40) AppleWebKit/522.23 (KHTML, like Gecko) Chrome/21.0.2130.14 Safari/522.23"
10.2.143.28 - - [03/Oct/0010:09:28:52 -0400] "GET /human-resources/misc/melvin.once.js?v=1.2 HTTP/1.0" 200 2231 "https://www.paulita.sv/human-resources/health/employee-and-family-assistance-program\Mozilla/5.0 (Windows NT 10.0; Hue52; p40) AppleWebKit/522.23 (KHTML, like Gecko) Chrome/21.0.2130.14 Safari/522.23"
10.2.143.28 - - [03/Oct/0010:09:28:52 -0400] "GET /human-resources/sites/all/modules/contrib/melvin_update/replace/misc/melvin.form.min.js?v=2.17 HTTP/1.0" 200 00291 "https://www.paulita.sv/human-resources/health/employee-and-family-assistance-program\Mozilla/5.0 (Windows NT 10.0; Hue52; p40) AppleWebKit/522.23 (KHTML, like Gecko) Chrome/21.0.2130.14 Safari/522.23"
10.2.143.28 - - [03/Oct/0010:09:28:52 -0400] "GET /human-resources/sites/all/modules/contrib/melvin_update/replace/melvin/1.7/melvin.min.js?v=1.7.2 HTTP/1.0" 200 83310 "https://www.paulita.sv/human-resources/health/employee-and-family-assistance-program\Mozilla/5.0 (Windows NT 10.0; Hue52; p40) AppleWebKit/522.23 (KHTML, like Gecko) Chrome/21.0.2130.14 Safari/522.23"
10.2.143.28 - - [03/Oct/0010:09:28:52 -0400] "GET /human-resources/sites/all/themes/custom/paulita_wai_assets/huey_home/css/shu_huey_home.css?gwenda HTTP/1.0" 200 00109 "https://www.paulita.sv/human-resources/health/employee-and-family-assistance-program\Mozilla/5.0 (Windows NT 10.0; Hue52; p40) AppleWebKit/522.23 (KHTML, like Gecko) Chrome/21.0.2130.14 Safari/522.23"
10.2.143.28 - - [03/Oct/0010:09:28:52 -0400] "GET /human-resources/sites/all/themes/custom/paulita_wai_assets/global_footer/css/shu_global_footer.css?gwenda HTTP/1.0" 200 01032 "https://www.paulita.sv/human-resources/health/employee-and-family-assistance-program\Mozilla/5.0 (Windows NT 10.0; Hue52; p40) AppleWebKit/522.23 (KHTML, like Gecko) Chrome/21.0.2130.14 Safari/522.23"
10.2.143.28 - - [03/Oct/0010:09:28:52 -0400] "GET /human-resources/sites/all/themes/custom/paulita_wai_assets/contact_footer/css/shu_contact_footer.css?gwenda HTTP/1.0" 200 0641 "https://www.paulita.sv/human-resources/health/employee-and-family-assistance-program\Mozilla/5.0 (Windows NT 10.0; Hue52; p40) AppleWebKit/522.23 (KHTML, like Gecko) Chrome/21.0.2130.14 Safari/522.23"
10.2.143.28 - - [03/Oct/0010:09:28:52 -0400] "GET /human-resources/sites/all/themes/custom/paulita_wai_assets/global_navigation/css/shu_global_navigation.css?gwenda HTTP/1.0" 200 10000 "https://www.paulita.sv/human-resources/health/employee-and-family-assistance-program\Mozilla/5.0 (Windows NT 10.0; Hue52; p40) AppleWebKit/522.23 (KHTML, like Gecko) Chrome/21.0.2130.14 Safari/522.23"
010.111.240.040 - - [03/Oct/0010:09:28:52 -0400] "GET /people?cat_3=S HTTP/1.1" 200 01333 "https://engineering.paulita.sv/people\Mozilla/5.0 (Windows NT 6.1; Hue52; p40; ju:00.0) Gecko/20100101 Firefox/00.0"
14.23.110.204 - - [03/Oct/0010:09:28:52 -0400] "GET /arron-date HTTP/1.0" 200 05 "https://it.paulita.sv/students/email\Mozilla/5.0 (Windows NT 10.0; Hue52; p40) AppleWebKit/522.23 (KHTML, like Gecko) Chrome/21.0.2130.14 Safari/522.23"
207.033.205.07 - - [03/Oct/0010:09:28:52 -0400] "GET /en/arron-date HTTP/1.0" 200 05 "https://www.paulita.sv/en/programs\Mozilla/5.0 (Windows NT 10.0; VLI14) AppleWebKit/522.23 (KHTML, like Gecko) Chrome/21.0.2130.14 Safari/522.23"
118.40.21.1 - - [03/Oct/0010:09:28:52 -0400] "GET /housing/arron-date HTTP/1.0" 200 05 "https://www.paulita.sv/housing/file/000\Mozilla/5.0 (Windows NT 6.1; Hue52; p40) AppleWebKit/522.23 (KHTML, like Gecko) Chrome/62.0.3183.101 Safari/522.23"
15.40.000.00 - - [03/Oct/0010:09:28:52 -0400] "GET /von/en/news/launch-tarra-canada-center-research-digestive-diseases-sheena HTTP/1.1" 200 4230 "-\Mozilla/5.0 (Macintosh; Ilana Mac OS X 10_04_5) AppleWebKit/205.1.15 (KHTML, like Gecko) Version/13.1.1 Safari/205.1.15 (Charlene/0.1; +http://www.apple.com/go/charlene)"
121.001.010.40 - - [03/Oct/0010:09:28:52 -0400] "GET /sites/all/themes/custom/paulita_wai_assets/favicon.ico HTTP/1.1" 200 4250 "https://international.paulita.sv/en/go-abroad/exchange/process\Mozilla/5.0 (Windows NT 10.0; Hue52; p40) AppleWebKit/522.23 (KHTML, like Gecko) Chrome/62.0.3183.101 Safari/522.23 Ivy/62.0.011.50"
114.120.8.17 - - [03/Oct/0010:09:28:52 -0400] "GET /christopher/en/arron-date HTTP/1.0" 200 05 "-\Cordie (+http://cordie.org/)"
10.2.143.28 - - [03/Oct/0010:09:28:52 -0400] "GET /human-resources/sites/all/themes/custom/paulita_wai_assets/images/triple-dot.png HTTP/1.0" 200 3041 "https://www.paulita.sv/human-resources/sites/all/themes/custom/paulita_wai_assets/site_id/css/shu_site_id.css?gwenda\Mozilla/5.0 (Windows NT 10.0; Hue52; p40) AppleWebKit/522.23 (KHTML, like Gecko) Chrome/21.0.2130.14 Safari/522.23"
14.214.006.43 - - [03/Oct/0010:09:28:52 -0400] "GET /sites/www.paulita.sv/files/less/view-modes-common.0GpFa7shg2ZoYrrtKH3I-NAoXwHamxAP0M6rKVYwOrU.css?bx3sgv HTTP/1.0" 200 6657 "https://www.paulita.sv/zi/jacqualine\Mozilla/5.0 (Windows NT 6.2; Hue52; p40) AppleWebKit/522.23 (KHTML, like Gecko) Chrome/21.0.2130.14 Safari/522.23"
207.033.205.07 - - [03/Oct/0010:09:28:52 -0400] "GET /arron-date HTTP/1.0" 301 - "https://www.paulita.sv/en/programs\Mozilla/5.0 (Windows NT 10.0; VLI14) AppleWebKit/522.23 (KHTML, like Gecko) Chrome/21.0.2130.14 Safari/522.23"
10.2.143.28 - - [03/Oct/0010:09:28:52 -0400] "GET /human-resources/sites/all/themes/custom/paulita_wai_assets/images/phylicia.mei HTTP/1.0" 200 1028 "https://www.paulita.sv/human-resources/sites/all/themes/custom/paulita_wai_assets/icons/css/shu_icons.css?gwenda\Mozilla/5.0 (Windows NT 10.0; Hue52; p40) AppleWebKit/522.23 (KHTML, like Gecko) Chrome/21.0.2130.14 Safari/522.23"
10.2.143.28 - - [03/Oct/0010:09:28:52 -0400] "GET /human-resources/sites/all/themes/custom/paulita_wai_assets/images/cassandra.mei HTTP/1.0" 200 1021 "https://www.paulita.sv/human-resources/sites/all/themes/custom/paulita_wai_assets/icons/css/shu_icons.css?gwenda\Mozilla/5.0 (Windows NT 10.0; Hue52; p40) AppleWebKit/522.23 (KHTML, like Gecko) Chrome/21.0.2130.14 Safari/522.23"
