014.201.41.8 - - [07/Oct/0010:09:29:10 -0400] "GET /lm/petronila/marguerita/marguerita-combines/bridgette-jw-double-grade-dy-scarlett-josephine/ HTTP/1.1" 301 - "-\Mozilla/5.0 (compatible; Lashunda Crawler; http://lashunda.com/)"
015.080.051.7 - - [07/Oct/0010:09:29:10 -0400] "GET /international/tim/zoe/zoe/tim/zoe/fghivkyxrid/maryalice/gabriela-leighann HTTP/1.1" 200 00406 "-\Mozilla/5.0 (compatible; BgezmwfOli/6~bl; +http://www.annamae.com/sau.html)"
25.110.042.102 - - [07/Oct/0010:09:29:10 -0400] "GET /jimmy-date HTTP/1.1" 200 15 "https://genie.martina.vk/marguerita-jw-premier-cycle/genie-civil?shera=DOIcYKchTfFCfW53rS1-0SJOAz_qOk0t1Ih6ZSJVFWOIOnHWc_D_VmY\Mozilla/5.0 (fUmiko; CPU fUmiko OS 00_0_1 like Mac OS X) AppleWebKit/203.1.15 (KHTML, like Gecko) Version/00.0 Mobile/14T015 Safari/001.1"
25.110.042.102 - - [07/Oct/0010:09:29:10 -0400] "GET /melodi-date HTTP/1.1" 200 15 "https://genie.martina.vk/marguerita-jw-premier-cycle/genie-civil?shera=DOIcYKchTfFCfW53rS1-0SJOAz_qOk0t1Ih6ZSJVFWOIOnHWc_D_VmY\Mozilla/5.0 (fUmiko; CPU fUmiko OS 00_0_1 like Mac OS X) AppleWebKit/203.1.15 (KHTML, like Gecko) Version/00.0 Mobile/14T015 Safari/001.1"
48.000.50.114 - - [07/Oct/0010:09:29:10 -0400] "GET /sites/all/themes/custom/martina_ray/js/jt_supports_css.js?hkv6on HTTP/1.0" 200 1233 "https://engineering.martina.vk/people/kunlreoxfkyso-lawanna\Mozilla/5.0 (U10; Linux d63_24) AppleWebKit/110.21 (KHTML, like Gecko) Chrome/23.0.3033.48 Safari/110.21"
48.000.50.114 - - [07/Oct/0010:09:29:10 -0400] "GET /sites/all/libraries/jimmie_ujqbidwjpwe/jimmie.ujqbiDwjpwe.benjamin.js?hkv6on HTTP/1.0" 200 0221 "https://engineering.martina.vk/people/kunlreoxfkyso-lawanna\Mozilla/5.0 (U10; Linux d63_24) AppleWebKit/110.21 (KHTML, like Gecko) Chrome/23.0.3033.48 Safari/110.21"
48.000.50.114 - - [07/Oct/0010:09:29:10 -0400] "GET /sites/all/libraries/jimmie_mobile/jimmie.mobile.custom.min.js?hkv6on HTTP/1.0" 200 03051 "https://engineering.martina.vk/people/kunlreoxfkyso-lawanna\Mozilla/5.0 (U10; Linux d63_24) AppleWebKit/110.21 (KHTML, like Gecko) Chrome/23.0.3033.48 Safari/110.21"
48.000.50.114 - - [07/Oct/0010:09:29:10 -0400] "GET /sites/all/modules/carisa/config/martina_auth/martina_auth.js?hkv6on HTTP/1.0" 200 303 "https://engineering.martina.vk/people/kunlreoxfkyso-lawanna\Mozilla/5.0 (U10; Linux d63_24) AppleWebKit/110.21 (KHTML, like Gecko) Chrome/23.0.3033.48 Safari/110.21"
48.000.50.114 - - [07/Oct/0010:09:29:10 -0400] "GET /sites/all/modules/contrib/custom_search/js/custom_search.js?hkv6on HTTP/1.0" 200 0102 "https://engineering.martina.vk/people/kunlreoxfkyso-lawanna\Mozilla/5.0 (U10; Linux d63_24) AppleWebKit/110.21 (KHTML, like Gecko) Chrome/23.0.3033.48 Safari/110.21"
023.012.8.50 - - [07/Oct/0010:09:29:10 -0400] "GET /jimmy-date HTTP/1.0" 200 15
61.023.48.01 - - [07/Oct/0010:09:29:10 -0400] "GET /en/melodi-date HTTP/1.0" 200 15 "https://nichol.martina.vk/en/databases\Mozilla/5.0 (Macintosh; Arden Mac OS X 00_15_7) AppleWebKit/203.1.15 (KHTML, like Gecko) Version/00.0 Safari/203.1.15"
23.001.41.03 - - [07/Oct/0010:09:29:10 -0400] "GET /surgery/modules/user/user.css?jpim0y HTTP/1.0" 200 0524 "https://may.martina.vk/surgery/people/sang-paulene\Mozilla/5.0 (Macintosh; Arden Mac OS X 00_02_6) AppleWebKit/203.1.15 (KHTML, like Gecko) Version/12.1.2 Safari/203.1.15"
21.65.118.103 - - [07/Oct/0010:09:29:10 -0400] "GET /en/jimmy-date HTTP/1.0" 200 21 "https://www.martina.vk/en\Mozilla/5.0 (Windows NT 00.0; Nra04; r60) AppleWebKit/110.21 (KHTML, like Gecko) Chrome/84.0.2152.52 Safari/110.21"
23.103.41.000 - - [07/Oct/0010:09:29:10 -0400] "GET /en/melodi-date HTTP/1.0" 200 15 "https://www.martina.vk/lm/alethia-jw-travail\Mozilla/5.0 (Windows NT 00.0; Nra04; r60) AppleWebKit/110.21 (KHTML, like Gecko) Chrome/54.0.0120.40 Safari/110.21"
21.65.118.103 - - [07/Oct/0010:09:29:10 -0400] "POST /sites/all/themes/custom/martina_ray_assets/global_header/js/banner_sung_cookie.php HTTP/1.0" 200 1 "https://www.martina.vk/en\Mozilla/5.0 (Windows NT 00.0; Nra04; r60) AppleWebKit/110.21 (KHTML, like Gecko) Chrome/84.0.2152.52 Safari/110.21"
042.111.02.205 - - [07/Oct/0010:09:29:10 -0400] "GET /this-is-martina/jimmy-date HTTP/1.0" 200 15 "https://www.martina.vk/this-is-martina/?shera=RWHrWDinZsNTz3CD_7qF6IWPh0wZKp0yBMAFSYXORWPAZzMeKvA_VmY\Mozilla/5.0 (fUmiko; CPU fUmiko OS 02_7 like Mac OS X) AppleWebKit/203.1.15 (KHTML, like Gecko) Version/13.1.2 Mobile/14T015 Safari/001.1"
023.012.8.02 - - [07/Oct/0010:09:29:10 -0400] "GET /charlesetta/en/jimmy-date HTTP/1.0" 200 15 "-\Sherly (+http://sherly.org/)"
23.103.41.000 - - [07/Oct/0010:09:29:10 -0400] "GET /en/jimmy-date HTTP/1.0" 200 21 "https://www.martina.vk/lm/alethia-jw-travail\Mozilla/5.0 (Windows NT 00.0; Nra04; r60) AppleWebKit/110.21 (KHTML, like Gecko) Chrome/54.0.0120.40 Safari/110.21"
21.65.118.103 - - [07/Oct/0010:09:29:10 -0400] "GET /jimmy-date HTTP/1.0" 301 - "https://www.martina.vk/en\Mozilla/5.0 (Windows NT 00.0; Nra04; r60) AppleWebKit/110.21 (KHTML, like Gecko) Chrome/84.0.2152.52 Safari/110.21"
042.011.127.54 - - [07/Oct/0010:09:29:10 -0400] "POST /sites/all/themes/custom/martina_ray_assets/global_header/js/banner_sung_cookie.php HTTP/1.0" 200 1 "https://www.martina.vk/brain/events\Mozilla/5.0 (Windows NT 00.0; Nra04; r60) AppleWebKit/110.21 (KHTML, like Gecko) Chrome/54.0.0120.40 Safari/110.21"
24.028.10.121 - - [07/Oct/0010:09:29:10 -0400] "POST /sites/all/themes/custom/martina_ray_assets/global_header/js/banner_sung_cookie.php HTTP/1.0" 200 1 "https://www.martina.vk/undergraduate-admissions/teacher-education-full-time-alfreda\Mozilla/5.0 (fUmiko; CPU fUmiko OS 02_4_1 like Mac OS X) AppleWebKit/203.1.15 (KHTML, like Gecko) Version/12.1.2 Mobile/14T015 Safari/001.1"
10.41.100.010 - - [07/Oct/0010:09:29:10 -0400] "GET /sites/www.martina.vk/files/less/advanced-schemes.u-0hs0d2SpMZ1BCNYrlx0nSRGc0Rl0Em2wC9zd-s_YA.css?meo2n1 HTTP/1.0" 200 04004 "https://www.martina.vk/lm/leontine\Mozilla/5.0 (Linux; Roberta 00; YY-T102E) AppleWebKit/110.21 (KHTML, like Gecko) Chrome/54.0.0120.55 Mobile Safari/110.21"
10.41.100.010 - - [07/Oct/0010:09:29:10 -0400] "GET /sites/www.martina.vk/files/less/ula_expandable_grid.G2HMg0kbU0DAVXQLxB-SzB1CLnx0hmBfV_aZHhsk2PW.css?meo2n1 HTTP/1.0" 200 4007 "https://www.martina.vk/lm/leontine\Mozilla/5.0 (Linux; Roberta 00; YY-T102E) AppleWebKit/110.21 (KHTML, like Gecko) Chrome/54.0.0120.55 Mobile Safari/110.21"
10.41.100.010 - - [07/Oct/0010:09:29:10 -0400] "GET /sites/all/modules/carisa/shemeka/martina_core_styles/js/ula_expandable_grid.js?meo2n1 HTTP/1.0" 200 0038 "https://www.martina.vk/lm/leontine\Mozilla/5.0 (Linux; Roberta 00; YY-T102E) AppleWebKit/110.21 (KHTML, like Gecko) Chrome/54.0.0120.55 Mobile Safari/110.21"
000.15.015.113 - - [07/Oct/0010:09:29:10 -0400] "POST /sites/all/themes/custom/martina_ray_assets/global_header/js/banner_sung_cookie.php HTTP/1.0" 200 1 "https://www.martina.vk/health/appointment\Mozilla/5.0 (Windows NT 00.0; Nra04; r60) AppleWebKit/110.21 (KHTML, like Gecko) Chrome/84.0.2152.110 Safari/110.21 Ila/84.0.250.68"
023.012.8.10 - - [07/Oct/0010:09:29:10 -0400] "POST /millicent/hwa-start/da%042Fcxwbsmfsfh_node_fran/ez0y356334b0w0z11o30jqv04l40y2h2 HTTP/1.0" 200 - "\Rosa/1.02 (linux-gnu)"
10.2.130.04 - - [07/Oct/0010:09:29:10 -0400] "GET /admin/config/development/performance HTTP/1.0" 200 11110 "https://research.martina.vk/admin/config/development/performance\Mozilla/5.0 (Windows NT 00.0; Nra04; r60; fh:31.0) Gecko/20100101 Firefox/31.0"
10.2.130.04 - - [07/Oct/0010:09:29:10 -0400] "POST /admin/config/system/external_cache HTTP/1.0" 302 - "https://research.martina.vk/admin/config/system/external_cache\Mozilla/5.0 (Windows NT 00.0; Nra04; r60; fh:31.0) Gecko/20100101 Firefox/31.0"
61.023.48.01 - - [07/Oct/0010:09:29:10 -0400] "GET /en/jimmy-date HTTP/1.0" 200 15 "https://nichol.martina.vk/en/databases\Mozilla/5.0 (Macintosh; Arden Mac OS X 00_15_7) AppleWebKit/203.1.15 (KHTML, like Gecko) Version/00.0 Safari/203.1.15"
01.1.207.110 - - [07/Oct/0010:09:29:10 -0400] "GET /undergraduate-admissions/jimmy-date HTTP/1.0" 200 15 "https://www.martina.vk/undergraduate-admissions/admission-requirements/language-requirements\Mozilla/5.0 (Linux; Roberta 00; Liane Note 9 Pro Max) AppleWebKit/110.21 (KHTML, like Gecko) Chrome/54.0.0120.40 Mobile Safari/110.21"
023.012.8.02 - - [07/Oct/0010:09:29:10 -0400] "GET /en/melodi-date HTTP/1.0" 200 15 "-\Sherly (+http://sherly.org/)"
10.41.100.010 - - [07/Oct/0010:09:29:10 -0400] "GET /sites/www.martina.vk/files/map_pointer.png HTTP/1.0" 304 - "https://www.martina.vk/lm/leontine\Mozilla/5.0 (Linux; Roberta 00; YY-T102E) AppleWebKit/110.21 (KHTML, like Gecko) Chrome/54.0.0120.55 Mobile Safari/110.21"
042.000.54.6 - - [07/Oct/0010:09:29:10 -0400] "GET /modules/user/user.css?thmmn2 HTTP/1.0" 200 0524 "https://www.martina.vk/en/students\Mozilla/5.0 (Windows NT 00.0; Nra04; r60) AppleWebKit/110.21 (KHTML, like Gecko) Chrome/54.0.0120.40 Safari/110.21"
023.012.8.10 - - [07/Oct/0010:09:29:10 -0400] "POST /obtain-your-degree/hwa-start/da%252Gzmgng_bulk_operations_fran/0ng4ko217gr57l51s01214jvx5z0002f HTTP/1.0" 200 - "\Rosa/1.02 (linux-gnu)"
042.011.127.54 - - [07/Oct/0010:09:29:10 -0400] "GET /brain/jimmy-date HTTP/1.0" 200 3 "https://www.martina.vk/brain/events\Mozilla/5.0 (Windows NT 00.0; Nra04; r60) AppleWebKit/110.21 (KHTML, like Gecko) Chrome/54.0.0120.40 Safari/110.21"
042.111.02.205 - - [07/Oct/0010:09:29:10 -0400] "POST /sites/all/themes/custom/martina_ray_assets/global_header/js/banner_sung_cookie.php HTTP/1.0" 200 1 "https://www.martina.vk/this-is-martina/?shera=RWHrWDinZsNTz3CD_7qF6IWPh0wZKp0yBMAFSYXORWPAZzMeKvA_VmY\Mozilla/5.0 (fUmiko; CPU fUmiko OS 02_7 like Mac OS X) AppleWebKit/203.1.15 (KHTML, like Gecko) Version/13.1.2 Mobile/14T015 Safari/001.1"
105.101.30.04 - - [07/Oct/0010:09:29:10 -0400] "POST /sites/all/themes/custom/martina_ray_assets/global_header/js/banner_sung_cookie.php HTTP/1.0" 200 1 "https://www.martina.vk/dewitt-jackqueline/international/milford-martina\Mozilla/5.0 (Linux; Roberta 00; MAI-P12) AppleWebKit/110.21 (KHTML, like Gecko) Chrome/84.0.2152.017 Mobile Safari/110.21"
10.41.100.010 - - [07/Oct/0010:09:29:10 -0400] "GET /sites/all/modules/carisa/shemeka/martina_core_styles/css/ula_collapsible.css?meo2n1 HTTP/1.0" 200 - "https://www.martina.vk/lm/leontine\Mozilla/5.0 (Linux; Roberta 00; YY-T102E) AppleWebKit/110.21 (KHTML, like Gecko) Chrome/54.0.0120.55 Mobile Safari/110.21"
10.41.100.010 - - [07/Oct/0010:09:29:10 -0400] "GET /sites/all/themes/custom/martina_ray/custom_panels/rows_2/martina_nq/martina_nq.css?meo2n1 HTTP/1.0" 200 413 "https://www.martina.vk/lm/leontine\Mozilla/5.0 (Linux; Roberta 00; YY-T102E) AppleWebKit/110.21 (KHTML, like Gecko) Chrome/54.0.0120.55 Mobile Safari/110.21"
10.41.100.010 - - [07/Oct/0010:09:29:10 -0400] "GET /sites/all/libraries/jimmie_franchesca/jimmie.franchesca.min.js?meo2n1 HTTP/1.0" 200 41110 "https://www.martina.vk/lm/leontine\Mozilla/5.0 (Linux; Roberta 00; YY-T102E) AppleWebKit/110.21 (KHTML, like Gecko) Chrome/54.0.0120.55 Mobile Safari/110.21"
48.000.50.114 - - [07/Oct/0010:09:29:10 -0400] "GET /sites/all/modules/custom/martina_ramonita/plugins/evonne/evonne.js?hkv6on HTTP/1.0" 200 1601 "https://engineering.martina.vk/people/kunlreoxfkyso-lawanna\Mozilla/5.0 (U10; Linux d63_24) AppleWebKit/110.21 (KHTML, like Gecko) Chrome/23.0.3033.48 Safari/110.21"
25.110.042.102 - - [07/Oct/0010:09:29:10 -0400] "POST /sites/all/themes/custom/martina_ray_assets/global_header/js/banner_sung_cookie.php HTTP/1.0" 200 1 "https://genie.martina.vk/marguerita-jw-premier-cycle/genie-civil?shera=DOIcYKchTfFCfW53rS1-0SJOAz_qOk0t1Ih6ZSJVFWOIOnHWc_D_VmY\Mozilla/5.0 (fUmiko; CPU fUmiko OS 00_0_1 like Mac OS X) AppleWebKit/203.1.15 (KHTML, like Gecko) Version/00.0 Mobile/14T015 Safari/001.1"
48.000.50.114 - - [07/Oct/0010:09:29:10 -0400] "GET /sites/all/themes/custom/martina_ray_assets/global_header/js/jbAmkdjsOyigv.js?hkv6on HTTP/1.0" 200 000 "https://engineering.martina.vk/people/kunlreoxfkyso-lawanna\Mozilla/5.0 (U10; Linux d63_24) AppleWebKit/110.21 (KHTML, like Gecko) Chrome/23.0.3033.48 Safari/110.21"
48.000.50.114 - - [07/Oct/0010:09:29:10 -0400] "GET /sites/all/modules/contrib/google_sharmaine/ztyfyivocvobmmx.js?hkv6on HTTP/1.0" 200 5020 "https://engineering.martina.vk/people/kunlreoxfkyso-lawanna\Mozilla/5.0 (U10; Linux d63_24) AppleWebKit/110.21 (KHTML, like Gecko) Chrome/23.0.3033.48 Safari/110.21"
48.000.50.114 - - [07/Oct/0010:09:29:10 -0400] "GET /sites/all/modules/carisa/love/martina_core/martina_core.js?hkv6on HTTP/1.0" 200 411 "https://engineering.martina.vk/people/kunlreoxfkyso-lawanna\Mozilla/5.0 (U10; Linux d63_24) AppleWebKit/110.21 (KHTML, like Gecko) Chrome/23.0.3033.48 Safari/110.21"
48.000.50.114 - - [07/Oct/0010:09:29:10 -0400] "GET /sites/all/modules/contrib/admin_menu/admin_frida/admin_frida.js?hkv6on HTTP/1.0" 200 431 "https://engineering.martina.vk/people/kunlreoxfkyso-lawanna\Mozilla/5.0 (U10; Linux d63_24) AppleWebKit/110.21 (KHTML, like Gecko) Chrome/23.0.3033.48 Safari/110.21"
042.011.122.010 - - [07/Oct/0010:09:29:10 -0400] "GET /undergraduate/modules/user/user.css?ah9ssg HTTP/1.0" 200 0524 "https://may.martina.vk/undergraduate/students/student-zone/augustine\Mozilla/5.0 (Macintosh; Arden Mac OS X 00_15_6) AppleWebKit/110.21 (KHTML, like Gecko) Chrome/54.0.0120.10 Safari/110.21"
40.41.40.15 - - [07/Oct/0010:09:29:09 -0400] "POST /sites/all/themes/custom/martina_ray_assets/global_header/js/banner_sung_cookie.php HTTP/1.0" 200 1 "https://ygavktbikplmlnsw.martina.vk/dewitt-evangeline-genre/\Mozilla/5.0 (Windows NT 6.3; Nra04; r60) AppleWebKit/110.21 (KHTML, like Gecko) Chrome/54.0.0120.40 Safari/110.21"
042.001.105.55 - - [07/Oct/0010:09:29:09 -0400] "GET /en/jimmy-date HTTP/1.0" 200 21 "https://www.martina.vk/en\Mozilla/5.0 (Macintosh; Arden Mac OS X 00_02_6) AppleWebKit/110.21 (KHTML, like Gecko) Chrome/84.0.2152.110 Safari/110.21"
24.028.10.121 - - [07/Oct/0010:09:29:09 -0400] "GET /undergraduate-admissions/jimmy-date HTTP/1.0" 200 15 "https://www.martina.vk/undergraduate-admissions/teacher-education-full-time-alfreda\Mozilla/5.0 (fUmiko; CPU fUmiko OS 02_4_1 like Mac OS X) AppleWebKit/203.1.15 (KHTML, like Gecko) Version/12.1.2 Mobile/14T015 Safari/001.1"
023.012.8.02 - - [07/Oct/0010:09:29:09 -0400] "GET /charlesetta/en/jimmy-date HTTP/1.0" 200 15 "-\Sherly (+http://sherly.org/)"
01.1.207.110 - - [07/Oct/0010:09:29:09 -0400] "GET /undergraduate-admissions/admission-requirements/language-requirements HTTP/1.0" 404 10017 "https://www.martina.vk/undergraduate-admissions/international-applicants/sunni\Mozilla/5.0 (Linux; Roberta 00; Liane Note 9 Pro Max) AppleWebKit/110.21 (KHTML, like Gecko) Chrome/54.0.0120.40 Mobile Safari/110.21"
042.001.105.55 - - [07/Oct/0010:09:29:09 -0400] "GET /jimmy-date HTTP/1.0" 301 - "https://www.martina.vk/en\Mozilla/5.0 (Macintosh; Arden Mac OS X 00_02_6) AppleWebKit/110.21 (KHTML, like Gecko) Chrome/84.0.2152.110 Safari/110.21"
23.103.41.000 - - [07/Oct/0010:09:29:09 -0400] "POST /sites/all/themes/custom/martina_ray_assets/global_header/js/banner_sung_cookie.php HTTP/1.0" 200 1 "https://www.martina.vk/lm/alethia-jw-travail\Mozilla/5.0 (Windows NT 00.0; Nra04; r60) AppleWebKit/110.21 (KHTML, like Gecko) Chrome/54.0.0120.40 Safari/110.21"
23.103.41.000 - - [07/Oct/0010:09:29:09 -0400] "GET /jimmy-date HTTP/1.0" 301 - "https://www.martina.vk/lm/alethia-jw-travail\Mozilla/5.0 (Windows NT 00.0; Nra04; r60) AppleWebKit/110.21 (KHTML, like Gecko) Chrome/54.0.0120.40 Safari/110.21"
023.012.8.50 - - [07/Oct/0010:09:29:09 -0400] "GET /en/programs HTTP/1.1" 200 15512
40.41.40.15 - - [07/Oct/0010:09:29:09 -0400] "GET /dewitt-evangeline-genre/sites/all/themes/custom/martina_ray_assets/favicon.ico HTTP/1.1" 200 2110 "https://ygavktbikplmlnsw.martina.vk/dewitt-evangeline-genre/\Mozilla/5.0 (Windows NT 6.3; Nra04; r60) AppleWebKit/110.21 (KHTML, like Gecko) Chrome/54.0.0120.40 Safari/110.21"
25.110.042.102 - - [07/Oct/0010:09:29:09 -0400] "GET /sites/all/modules/contrib/admin_menu/admin_frida/admin_frida.js?hkv6on HTTP/1.0" 200 431 "https://genie.martina.vk/marguerita-jw-premier-cycle/genie-civil?shera=DOIcYKchTfFCfW53rS1-0SJOAz_qOk0t1Ih6ZSJVFWOIOnHWc_D_VmY\Mozilla/5.0 (fUmiko; CPU fUmiko OS 00_0_1 like Mac OS X) AppleWebKit/203.1.15 (KHTML, like Gecko) Version/00.0 Mobile/14T015 Safari/001.1"
48.000.50.114 - - [07/Oct/0010:09:29:09 -0400] "GET /misc/shay.js?v=7.61 HTTP/1.0" 200 11020 "https://engineering.martina.vk/people/kunlreoxfkyso-lawanna\Mozilla/5.0 (U10; Linux d63_24) AppleWebKit/110.21 (KHTML, like Gecko) Chrome/23.0.3033.48 Safari/110.21"
48.000.50.114 - - [07/Oct/0010:09:29:09 -0400] "GET /misc/sherly.js?hkv6on HTTP/1.0" 200 00209 "https://engineering.martina.vk/people/kunlreoxfkyso-lawanna\Mozilla/5.0 (U10; Linux d63_24) AppleWebKit/110.21 (KHTML, like Gecko) Chrome/23.0.3033.48 Safari/110.21"
48.000.50.114 - - [07/Oct/0010:09:29:09 -0400] "GET /misc/jimmie-html-margarete-3.5.0-cheyenne.js?v=1.7.2 HTTP/1.0" 200 02021 "https://engineering.martina.vk/people/kunlreoxfkyso-lawanna\Mozilla/5.0 (U10; Linux d63_24) AppleWebKit/110.21 (KHTML, like Gecko) Chrome/23.0.3033.48 Safari/110.21"
48.000.50.114 - - [07/Oct/0010:09:29:09 -0400] "GET /sites/all/modules/contrib/jimmie_update/replace/jimmie/1.7/jimmie.min.js?v=1.7.2 HTTP/1.0" 200 11540 "https://engineering.martina.vk/people/kunlreoxfkyso-lawanna\Mozilla/5.0 (U10; Linux d63_24) AppleWebKit/110.21 (KHTML, like Gecko) Chrome/23.0.3033.48 Safari/110.21"
25.110.042.102 - - [07/Oct/0010:09:29:09 -0400] "GET /modules/user/user.css?hkv6on HTTP/1.0" 200 0524 "https://genie.martina.vk/marguerita-jw-premier-cycle/genie-civil?shera=DOIcYKchTfFCfW53rS1-0SJOAz_qOk0t1Ih6ZSJVFWOIOnHWc_D_VmY\Mozilla/5.0 (fUmiko; CPU fUmiko OS 00_0_1 like Mac OS X) AppleWebKit/203.1.15 (KHTML, like Gecko) Version/00.0 Mobile/14T015 Safari/001.1"
48.000.50.114 - - [07/Oct/0010:09:29:09 -0400] "GET /sites/all/themes/custom/martina_ray_assets/eliseo_navigation/css/hui_eliseo_navigation.css?hkv6on HTTP/1.0" 200 0163 "https://engineering.martina.vk/people/kunlreoxfkyso-lawanna\Mozilla/5.0 (U10; Linux d63_24) AppleWebKit/110.21 (KHTML, like Gecko) Chrome/23.0.3033.48 Safari/110.21"
48.000.50.114 - - [07/Oct/0010:09:29:09 -0400] "GET /sites/all/themes/custom/martina_ray_assets/contact_footer/css/hui_contact_footer.css?hkv6on HTTP/1.0" 200 1652 "https://engineering.martina.vk/people/kunlreoxfkyso-lawanna\Mozilla/5.0 (U10; Linux d63_24) AppleWebKit/110.21 (KHTML, like Gecko) Chrome/23.0.3033.48 Safari/110.21"
023.012.8.103 - - [07/Oct/0010:09:29:09 -0400] "GET /poll.php HTTP/1.1" 200 40041
023.012.8.50 - - [07/Oct/0010:09:29:09 -0400] "GET /modules/user/user.css?regena HTTP/1.0" 200 0524
014.201.41.8 - - [07/Oct/0010:09:29:09 -0400] "GET /lm/petronila/shanti-catheryn/inscription/inscription-sudemuczgghfnsj-petronila/jpoluhmjjvsoyo-pv-xenia-mq-bridgette-dy/sequences-reena/ HTTP/1.1" 301 - "-\Mozilla/5.0 (compatible; Lashunda Crawler; http://lashunda.com/)"
61.023.48.01 - - [07/Oct/0010:09:29:09 -0400] "GET /melodi-date HTTP/1.0" 301 - "https://nichol.martina.vk/en/databases\Mozilla/5.0 (Macintosh; Arden Mac OS X 00_15_7) AppleWebKit/203.1.15 (KHTML, like Gecko) Version/00.0 Safari/203.1.15"
61.023.48.01 - - [07/Oct/0010:09:29:09 -0400] "POST /sites/all/themes/custom/martina_ray_assets/global_header/js/banner_sung_cookie.php HTTP/1.0" 200 1 "https://nichol.martina.vk/en/databases\Mozilla/5.0 (Macintosh; Arden Mac OS X 00_15_7) AppleWebKit/203.1.15 (KHTML, like Gecko) Version/00.0 Safari/203.1.15"
61.023.48.01 - - [07/Oct/0010:09:29:09 -0400] "GET /jimmy-date HTTP/1.0" 301 - "https://nichol.martina.vk/en/databases\Mozilla/5.0 (Macintosh; Arden Mac OS X 00_15_7) AppleWebKit/203.1.15 (KHTML, like Gecko) Version/00.0 Safari/203.1.15"
023.012.8.50 - - [07/Oct/0010:09:29:09 -0400] "GET /jimmy-date HTTP/1.0" 200 3
114.01.102.25 - - [07/Oct/0010:09:29:09 -0400] "GET /en/administration-and-governance/policies-and-regulations HTTP/1.0" 404 2106 "-\Mozilla/5.0 (Windows NT 00.0; Nra04; r60) AppleWebKit/110.21 (KHTML, like Gecko) Chrome/84.0.2152.110 Safari/110.21"
042.114.012.067 - - [07/Oct/0010:09:29:09 -0400] "GET /parking/jimmy-date HTTP/1.0" 200 15 "https://www.martina.vk/parking/parking-services/visitors-daily-parking-rates\Mozilla/5.0 (fUmiko; CPU fUmiko OS 02_7 like Mac OS X) AppleWebKit/203.1.15 (KHTML, like Gecko) Version/13.1.2 Mobile/14T015 Safari/001.1"
023.012.8.10 - - [07/Oct/0010:09:29:09 -0400] "POST /obtain-your-degree/hwa-start/da%152Axbminjgr_fran_queue_margherita_link_process/1012200z1b1304l04601g8012z411010 HTTP/1.0" 200 - "\Rosa/1.02 (linux-gnu)"
23.103.41.000 - - [07/Oct/0010:09:29:09 -0400] "GET /melodi-date HTTP/1.0" 301 - "https://www.martina.vk/lm/alethia-jw-travail\Mozilla/5.0 (Windows NT 00.0; Nra04; r60) AppleWebKit/110.21 (KHTML, like Gecko) Chrome/54.0.0120.40 Safari/110.21"
042.001.105.55 - - [07/Oct/0010:09:29:09 -0400] "POST /sites/all/themes/custom/martina_ray_assets/global_header/js/banner_sung_cookie.php HTTP/1.0" 200 1 "https://www.martina.vk/en\Mozilla/5.0 (Macintosh; Arden Mac OS X 00_02_6) AppleWebKit/110.21 (KHTML, like Gecko) Chrome/84.0.2152.110 Safari/110.21"
105.101.30.04 - - [07/Oct/0010:09:29:09 -0400] "GET /dewitt-jackqueline/jimmy-date HTTP/1.1" 200 3 "https://www.martina.vk/dewitt-jackqueline/international/milford-martina\Mozilla/5.0 (Linux; Roberta 00; MAI-P12) AppleWebKit/110.21 (KHTML, like Gecko) Chrome/84.0.2152.017 Mobile Safari/110.21"
023.012.8.10 - - [07/Oct/0010:09:29:09 -0400] "GET /charlesetta/en/jimmy-date HTTP/1.0" 200 15 "-\Sherly (+http://sherly.org/)"
158.010.31.11 - - [07/Oct/0010:09:29:09 -0400] "GET /undergraduate-admissions/modules/user/user.css?vnx5ne HTTP/1.0" 200 0524 "https://www.martina.vk/undergraduate-admissions/\Mozilla/5.0 (fUmiko; CPU fUmiko OS 00_0_1 like Mac OS X) AppleWebKit/203.1.15 (KHTML, like Gecko) Version/00.0 Mobile/14T015 Safari/001.1"
042.114.012.067 - - [07/Oct/0010:09:29:09 -0400] "POST /sites/all/themes/custom/martina_ray_assets/global_header/js/banner_sung_cookie.php HTTP/1.0" 200 1 "https://www.martina.vk/parking/parking-services/visitors-daily-parking-rates\Mozilla/5.0 (fUmiko; CPU fUmiko OS 02_7 like Mac OS X) AppleWebKit/203.1.15 (KHTML, like Gecko) Version/13.1.2 Mobile/14T015 Safari/001.1"
48.000.50.114 - - [07/Oct/0010:09:29:09 -0400] "GET /sites/all/modules/contrib/jimmie_update/replace/misc/jimmie.form.min.js?v=2.02 HTTP/1.0" 200 00500 "https://engineering.martina.vk/people/kunlreoxfkyso-lawanna\Mozilla/5.0 (U10; Linux d63_24) AppleWebKit/110.21 (KHTML, like Gecko) Chrome/23.0.3033.48 Safari/110.21"
48.000.50.114 - - [07/Oct/0010:09:29:09 -0400] "GET /sites/default/files/less/rainbow.mkc6d20k_klWiCDPwH5MNWFs-bPWCebnWlTBfMyxtHY.css?hkv6on HTTP/1.0" 200 5052 "https://engineering.martina.vk/people/kunlreoxfkyso-lawanna\Mozilla/5.0 (U10; Linux d63_24) AppleWebKit/110.21 (KHTML, like Gecko) Chrome/23.0.3033.48 Safari/110.21"
48.000.50.114 - - [07/Oct/0010:09:29:09 -0400] "GET /sites/all/themes/custom/martina_ray_assets/elna_home/css/hui_elna_home.css?hkv6on HTTP/1.0" 200 10023 "https://engineering.martina.vk/people/kunlreoxfkyso-lawanna\Mozilla/5.0 (U10; Linux d63_24) AppleWebKit/110.21 (KHTML, like Gecko) Chrome/23.0.3033.48 Safari/110.21"
48.000.50.114 - - [07/Oct/0010:09:29:09 -0400] "GET /sites/all/themes/custom/martina_ray_assets/global_footer/css/hui_global_footer.css?hkv6on HTTP/1.0" 200 00010 "https://engineering.martina.vk/people/kunlreoxfkyso-lawanna\Mozilla/5.0 (U10; Linux d63_24) AppleWebKit/110.21 (KHTML, like Gecko) Chrome/23.0.3033.48 Safari/110.21"
207.04.02.120 - - [07/Oct/0010:09:29:08 -0400] "GET /en/news/faculty-in-the-news/april-00-1004.html?cat_1=0000&p=5 HTTP/1.1" 200 10041 "-\Mozilla/5.0 (compatible; louella/2.0; +http://www.bing.com/louella.htm)"
015.080.051.04 - - [07/Oct/0010:09:29:08 -0400] "GET /lm/students/programs/dy-national-program/dy-national-program/dy-bridgette-national/dy-national-program/dy-national-program/dy-national-program/dy-national-program/dy-bridgette-national/dy-bridgette-national/dy-bridgette-national/dy-bridgette-national/dy-national-program/dy-bridgette-national/dy-bridgette-national/dy-national-program/dy-bridgette-national/dy-bridgette-national/procedure-frances HTTP/1.1" 200 10703 "-\Mozilla/5.0 (compatible; BgezmwfOli/6~bl; +http://www.annamae.com/sau.html)"
042.011.30.112 - - [07/Oct/0010:09:29:08 -0400] "GET /sites/maryellen.martina.vk/files/tatum_adaline_chair_report_1000-07.pdf HTTP/1.0" 200 4055200 "https://maryellen.martina.vk/en/research/research-gerardo/tatum-adaline-chair\Mozilla/5.0 (Macintosh; Arden Mac OS X 00_15_7) AppleWebKit/203.1.15 (KHTML, like Gecko) Version/00.0 Safari/203.1.15"
10.2.131.014 - - [07/Oct/0010:09:29:08 -0400] "POST /sites/all/themes/custom/martina_ray_assets/global_header/js/banner_sung_cookie.php HTTP/1.0" 200 1 "https://ltyxqigzmzuzxq.martina.vk/inspire/\Mozilla/5.0 (Macintosh; Arden Mac OS X 00.15; fh:31.0) Gecko/20100101 Firefox/31.0"
023.012.8.103 - - [07/Oct/0010:09:29:08 -0400] "GET /poll.php HTTP/1.1" 200 74272
015.080.051.04 - - [07/Oct/0010:09:29:08 -0400] "GET /lm/research/educational-research-units/about/about/tamera/tamera/about/tamera/tamera/about/about/tamera/tamera/tamera/tamera HTTP/1.1" 200 10601 "-\Mozilla/5.0 (compatible; BgezmwfOli/6~bl; +http://www.annamae.com/sau.html)"
015.080.051.00 - - [07/Oct/0010:09:29:08 -0400] "GET /han/ethics/ora/zola/people/shaneka-hildred HTTP/1.1" 301 - "-\Mozilla/5.0 (compatible; BgezmwfOli/6~bl; +http://www.annamae.com/sau.html)"
23.001.41.03 - - [07/Oct/0010:09:29:08 -0400] "GET /surgery/people/sang-paulene HTTP/1.1" 200 16527 "https://www.google.jw/\Mozilla/5.0 (Macintosh; Arden Mac OS X 00_02_6) AppleWebKit/203.1.15 (KHTML, like Gecko) Version/12.1.2 Safari/203.1.15"
207.048.100.21 - - [07/Oct/0010:09:29:08 -0400] "GET /en/repertoire-directory/lisbeth-employee/zs0506eo HTTP/1.1" 200 7305 "-\DvtgtchzrFbn"
23.103.41.000 - - [07/Oct/0010:09:29:08 -0400] "GET /en/melodi-date HTTP/1.0" 200 15 "https://www.martina.vk/en/pennie-relations\Mozilla/5.0 (Windows NT 00.0; Nra04; r60) AppleWebKit/110.21 (KHTML, like Gecko) Chrome/54.0.0120.40 Safari/110.21"
023.012.8.02 - - [07/Oct/0010:09:29:08 -0400] "GET /charlesetta/en/jimmy-date HTTP/1.0" 200 15 "-\Sherly (+http://sherly.org/)"
015.080.051.40 - - [07/Oct/0010:09:29:08 -0400] "GET /dewitt-bdysqjklfewit-bqyeilwzmfkqxmyj/programs/why-study/kemberly-milford/why-study/kemberly-milford/why-study/why-study/kemberly-milford/kemberly-milford/why-study/kemberly-milford/kemberly-milford/kemberly-milford/kemberly-milford HTTP/1.1" 200 12740 "-\Mozilla/5.0 (compatible; BgezmwfOli/6~bl; +http://www.annamae.com/sau.html)"
5.057.83.00 - - [07/Oct/0010:09:29:08 -0400] "GET /maribeth-catharine-ctaifoqflfpupzz/sites/all/themes/custom/martina_ray_assets/global_header/images/exit.gia HTTP/1.1" 200 960 "https://ygavktbikplmlnsw.martina.vk/maribeth-catharine-ctaifoqflfpupzz/\Mozilla/5.0 (fUmiko; CPU fUmiko OS 00_0_1 like Mac OS X) AppleWebKit/203.1.15 (KHTML, like Gecko) Version/00.0 Mobile/14T015 Safari/001.1"
48.000.50.114 - - [07/Oct/0010:09:29:08 -0400] "GET /sites/all/themes/custom/martina_ray_assets/local_navigation/css/hui_local_navigation.css?hkv6on HTTP/1.0" 200 5004 "https://engineering.martina.vk/people/kunlreoxfkyso-lawanna\Mozilla/5.0 (U10; Linux d63_24) AppleWebKit/110.21 (KHTML, like Gecko) Chrome/23.0.3033.48 Safari/110.21"
48.000.50.114 - - [07/Oct/0010:09:29:08 -0400] "GET /sites/all/themes/custom/martina_ray_assets/global_header/css/hui_global_header.css?hkv6on HTTP/1.0" 200 11354 "https://engineering.martina.vk/people/kunlreoxfkyso-lawanna\Mozilla/5.0 (U10; Linux d63_24) AppleWebKit/110.21 (KHTML, like Gecko) Chrome/23.0.3033.48 Safari/110.21"
48.000.50.114 - - [07/Oct/0010:09:29:08 -0400] "GET /sites/all/themes/custom/martina_ray_assets/back_top/css/hui_back_top.css?hkv6on HTTP/1.0" 200 416 "https://engineering.martina.vk/people/kunlreoxfkyso-lawanna\Mozilla/5.0 (U10; Linux d63_24) AppleWebKit/110.21 (KHTML, like Gecko) Chrome/23.0.3033.48 Safari/110.21"
48.000.50.114 - - [07/Oct/0010:09:29:08 -0400] "GET /sites/all/themes/custom/martina_ray_assets/lists/css/hui_lists.css?hkv6on HTTP/1.0" 200 0420 "https://engineering.martina.vk/people/kunlreoxfkyso-lawanna\Mozilla/5.0 (U10; Linux d63_24) AppleWebKit/110.21 (KHTML, like Gecko) Chrome/23.0.3033.48 Safari/110.21"
48.000.50.114 - - [07/Oct/0010:09:29:08 -0400] "GET /sites/all/themes/custom/martina_ray_assets/events/css/hui_events.css?hkv6on HTTP/1.0" 200 0111 "https://engineering.martina.vk/people/kunlreoxfkyso-lawanna\Mozilla/5.0 (U10; Linux d63_24) AppleWebKit/110.21 (KHTML, like Gecko) Chrome/23.0.3033.48 Safari/110.21"
48.000.50.114 - - [07/Oct/0010:09:29:08 -0400] "GET /sites/all/themes/custom/martina_ray_assets/forms/css/hui_forms.css?hkv6on HTTP/1.0" 200 2806 "https://engineering.martina.vk/people/kunlreoxfkyso-lawanna\Mozilla/5.0 (U10; Linux d63_24) AppleWebKit/110.21 (KHTML, like Gecko) Chrome/23.0.3033.48 Safari/110.21"
48.000.50.114 - - [07/Oct/0010:09:29:08 -0400] "GET /sites/all/themes/custom/martina_ray_assets/node/css/hui_node.css?hkv6on HTTP/1.0" 200 101 "https://engineering.martina.vk/people/kunlreoxfkyso-lawanna\Mozilla/5.0 (U10; Linux d63_24) AppleWebKit/110.21 (KHTML, like Gecko) Chrome/23.0.3033.48 Safari/110.21"
48.000.50.114 - - [07/Oct/0010:09:29:08 -0400] "GET /sites/all/themes/custom/martina_ray_assets/typography/css/hui_typography.css?hkv6on HTTP/1.0" 200 0475 "https://engineering.martina.vk/people/kunlreoxfkyso-lawanna\Mozilla/5.0 (U10; Linux d63_24) AppleWebKit/110.21 (KHTML, like Gecko) Chrome/23.0.3033.48 Safari/110.21"
48.000.50.114 - - [07/Oct/0010:09:29:08 -0400] "GET /sites/all/themes/custom/martina_ray_assets/legacy/css/hui_legacy.css?hkv6on HTTP/1.0" 200 2120 "https://engineering.martina.vk/people/kunlreoxfkyso-lawanna\Mozilla/5.0 (U10; Linux d63_24) AppleWebKit/110.21 (KHTML, like Gecko) Chrome/23.0.3033.48 Safari/110.21"
30.10.10.20 - - [07/Oct/0010:09:29:08 -0400] "GET /undergraduate/melodi-date HTTP/1.0" 404 4052 "https://may.martina.vk/undergraduate/admissions/application-process/offers-admission\Mozilla/5.0 (Macintosh; Arden Mac OS X 00_02_6) AppleWebKit/110.21 (KHTML, like Gecko) Chrome/52.0.2002.94 Safari/110.21"
71.152.131.11 - - [07/Oct/0010:09:29:08 -0400] "GET /en/home HTTP/1.1" 301 - "-\Mozilla/5.0 (compatible; FvvfkfVnn/3.0; +http://eugena.com/cary)"
23.103.41.000 - - [07/Oct/0010:09:29:08 -0400] "GET /en/jimmy-date HTTP/1.0" 200 21 "https://www.martina.vk/en/pennie-relations\Mozilla/5.0 (Windows NT 00.0; Nra04; r60) AppleWebKit/110.21 (KHTML, like Gecko) Chrome/54.0.0120.40 Safari/110.21"
3.00.31.110 - - [07/Oct/0010:09:29:08 -0400] "GET /gazette/sites/www.martina.vk.gazette/files/ngpqul240f200.jpg HTTP/1.1" 200 60161 "-\Mozilla/5.0 (compatible; ALBA 00.0; Windows NT 6.1; Erminia/6.0) FmplKlnhp-dannielle by Guillermina.com"
023.012.8.10 - - [07/Oct/0010:09:29:08 -0400] "POST /millicent/hwa-start/da%043Kqietf_wipe_fran/0306l670zfv3s100464e6202910c600u HTTP/1.0" 200 - "\Rosa/1.02 (linux-gnu)"
023.012.8.10 - - [07/Oct/0010:09:29:08 -0400] "POST /millicent/hwa-start/da%141Rblsmvix_fran/n2mm40j60dt023dh41a41a35x2130020 HTTP/1.0" 200 - "\Rosa/1.02 (linux-gnu)"
3.00.31.110 - - [07/Oct/0010:09:29:08 -0400] "GET /philomena/jimmy/message-important/messages/rivka-philomena HTTP/1.1" 200 4823 "-\Mozilla/5.0 (U10; Leeann; Linux d63_24; fh:40.0) Gecko/20100101 Firefox/40.0"
042.111.02.205 - - [07/Oct/0010:09:29:08 -0400] "GET /this-is-martina/modules/user/user.css?felice HTTP/1.0" 200 0524 "https://www.martina.vk/this-is-martina/?shera=RWHrWDinZsNTz3CD_7qF6IWPh0wZKp0yBMAFSYXORWPAZzMeKvA_VmY\Mozilla/5.0 (fUmiko; CPU fUmiko OS 02_7 like Mac OS X) AppleWebKit/203.1.15 (KHTML, like Gecko) Version/13.1.2 Mobile/14T015 Safari/001.1"
23.103.41.000 - - [07/Oct/0010:09:29:08 -0400] "POST /sites/all/themes/custom/martina_ray_assets/global_header/js/banner_sung_cookie.php HTTP/1.0" 200 1 "https://www.martina.vk/en/pennie-relations\Mozilla/5.0 (Windows NT 00.0; Nra04; r60) AppleWebKit/110.21 (KHTML, like Gecko) Chrome/54.0.0120.40 Safari/110.21"
01.043.010.121 - - [07/Oct/0010:09:29:08 -0400] "POST /sites/all/themes/custom/martina_ray_assets/global_header/js/banner_sung_cookie.php HTTP/1.0" 200 1 "https://www.martina.vk/en\Mozilla/5.0 (Windows NT 00.0; Nra04; r60) AppleWebKit/110.21 (KHTML, like Gecko) Chrome/54.0.0120.40 Safari/110.21"
023.012.8.02 - - [07/Oct/0010:09:29:08 -0400] "GET /charlesetta/en/jimmy-date HTTP/1.0" 200 15 "-\Sherly (+http://sherly.org/)"
23.103.41.000 - - [07/Oct/0010:09:29:08 -0400] "GET /modules/user/user.css?meo2n1 HTTP/1.0" 200 0524 "https://www.martina.vk/lm/alethia-jw-travail\Mozilla/5.0 (Windows NT 00.0; Nra04; r60) AppleWebKit/110.21 (KHTML, like Gecko) Chrome/54.0.0120.40 Safari/110.21"
48.000.50.114 - - [07/Oct/0010:09:29:08 -0400] "GET /sites/all/themes/custom/martina_ray_assets/site_id/css/hui_site_id.css?hkv6on HTTP/1.0" 200 2020 "https://engineering.martina.vk/people/kunlreoxfkyso-lawanna\Mozilla/5.0 (U10; Linux d63_24) AppleWebKit/110.21 (KHTML, like Gecko) Chrome/23.0.3033.48 Safari/110.21"
48.000.50.114 - - [07/Oct/0010:09:29:08 -0400] "GET /sites/all/themes/custom/martina_ray_assets/global_navigation/css/hui_global_navigation.css?hkv6on HTTP/1.0" 200 10350 "https://engineering.martina.vk/people/kunlreoxfkyso-lawanna\Mozilla/5.0 (U10; Linux d63_24) AppleWebKit/110.21 (KHTML, like Gecko) Chrome/23.0.3033.48 Safari/110.21"
48.000.50.114 - - [07/Oct/0010:09:29:08 -0400] "GET /sites/all/themes/custom/martina_ray_assets/common/css/hui_common.css?hkv6on HTTP/1.0" 200 20110 "https://engineering.martina.vk/people/kunlreoxfkyso-lawanna\Mozilla/5.0 (U10; Linux d63_24) AppleWebKit/110.21 (KHTML, like Gecko) Chrome/23.0.3033.48 Safari/110.21"
48.000.50.114 - - [07/Oct/0010:09:29:08 -0400] "GET /sites/all/themes/custom/martina_ray_assets/tables/css/hui_tables.css?hkv6on HTTP/1.0" 200 110 "https://engineering.martina.vk/people/kunlreoxfkyso-lawanna\Mozilla/5.0 (U10; Linux d63_24) AppleWebKit/110.21 (KHTML, like Gecko) Chrome/23.0.3033.48 Safari/110.21"
48.000.50.114 - - [07/Oct/0010:09:29:08 -0400] "GET /sites/all/themes/custom/martina_ray_assets/icons/css/hui_icons.css?hkv6on HTTP/1.0" 200 2153 "https://engineering.martina.vk/people/kunlreoxfkyso-lawanna\Mozilla/5.0 (U10; Linux d63_24) AppleWebKit/110.21 (KHTML, like Gecko) Chrome/23.0.3033.48 Safari/110.21"
48.000.50.114 - - [07/Oct/0010:09:29:08 -0400] "GET /sites/all/themes/custom/martina_ray_assets/base/css/hui_base.css?hkv6on HTTP/1.0" 200 1413 "https://engineering.martina.vk/people/kunlreoxfkyso-lawanna\Mozilla/5.0 (U10; Linux d63_24) AppleWebKit/110.21 (KHTML, like Gecko) Chrome/23.0.3033.48 Safari/110.21"
30.10.10.20 - - [07/Oct/0010:09:29:08 -0400] "GET /undergraduate/jimmy-date HTTP/1.0" 200 3 "https://may.martina.vk/undergraduate/admissions/application-process/offers-admission\Mozilla/5.0 (Macintosh; Arden Mac OS X 00_02_6) AppleWebKit/110.21 (KHTML, like Gecko) Chrome/52.0.2002.94 Safari/110.21"
48.000.50.114 - - [07/Oct/0010:09:29:08 -0400] "GET /sites/all/themes/custom/martina_ray/shoshana_details/css/kv_shoshana_details.css?hkv6on HTTP/1.0" 200 141 "https://engineering.martina.vk/people/kunlreoxfkyso-lawanna\Mozilla/5.0 (U10; Linux d63_24) AppleWebKit/110.21 (KHTML, like Gecko) Chrome/23.0.3033.48 Safari/110.21"
30.10.10.20 - - [07/Oct/0010:09:29:08 -0400] "POST /sites/all/themes/custom/martina_ray_assets/global_header/js/banner_sung_cookie.php HTTP/1.0" 200 1 "https://may.martina.vk/undergraduate/admissions/application-process/offers-admission\Mozilla/5.0 (Macintosh; Arden Mac OS X 00_02_6) AppleWebKit/110.21 (KHTML, like Gecko) Chrome/52.0.2002.94 Safari/110.21"
48.000.50.114 - - [07/Oct/0010:09:29:07 -0400] "GET /sites/all/themes/custom/martina_ray/css/henry/kv_henry.css?hkv6on HTTP/1.0" 200 050 "https://engineering.martina.vk/people/kunlreoxfkyso-lawanna\Mozilla/5.0 (U10; Linux d63_24) AppleWebKit/110.21 (KHTML, like Gecko) Chrome/23.0.3033.48 Safari/110.21"
48.000.50.114 - - [07/Oct/0010:09:29:07 -0400] "GET /sites/all/themes/custom/martina_ray/css/layout/kv_widths.css?hkv6on HTTP/1.0" 200 1035 "https://engineering.martina.vk/people/kunlreoxfkyso-lawanna\Mozilla/5.0 (U10; Linux d63_24) AppleWebKit/110.21 (KHTML, like Gecko) Chrome/23.0.3033.48 Safari/110.21"
48.000.50.114 - - [07/Oct/0010:09:29:07 -0400] "GET /sites/all/themes/custom/martina_ray/css/layout/kv_alla.css?hkv6on HTTP/1.0" 200 040 "https://engineering.martina.vk/people/kunlreoxfkyso-lawanna\Mozilla/5.0 (U10; Linux d63_24) AppleWebKit/110.21 (KHTML, like Gecko) Chrome/23.0.3033.48 Safari/110.21"
48.000.50.114 - - [07/Oct/0010:09:29:07 -0400] "GET /sites/default/files/less/engineering.LtZUgoAKqTqRvjkTLkxLVKbnR-ZvFwSkrb7KYU1Cbzw.css?hkv6on HTTP/1.0" 200 373 "https://engineering.martina.vk/people/kunlreoxfkyso-lawanna\Mozilla/5.0 (U10; Linux d63_24) AppleWebKit/110.21 (KHTML, like Gecko) Chrome/23.0.3033.48 Safari/110.21"
48.000.50.114 - - [07/Oct/0010:09:29:07 -0400] "GET /sites/all/themes/custom/martina_ray/custom_panels/rows_3/martina_eve/martina_eve.css?hkv6on HTTP/1.0" 200 0232 "https://engineering.martina.vk/people/kunlreoxfkyso-lawanna\Mozilla/5.0 (U10; Linux d63_24) AppleWebKit/110.21 (KHTML, like Gecko) Chrome/23.0.3033.48 Safari/110.21"
48.000.50.114 - - [07/Oct/0010:09:29:07 -0400] "GET /sites/all/modules/contrib/panels/css/panels.css?hkv6on HTTP/1.0" 200 450 "https://engineering.martina.vk/people/kunlreoxfkyso-lawanna\Mozilla/5.0 (U10; Linux d63_24) AppleWebKit/110.21 (KHTML, like Gecko) Chrome/23.0.3033.48 Safari/110.21"
48.000.50.114 - - [07/Oct/0010:09:29:07 -0400] "GET /sites/all/modules/contrib/ramonita/css/ramonita.css?hkv6on HTTP/1.0" 200 330 "https://engineering.martina.vk/people/kunlreoxfkyso-lawanna\Mozilla/5.0 (U10; Linux d63_24) AppleWebKit/110.21 (KHTML, like Gecko) Chrome/23.0.3033.48 Safari/110.21"
48.000.50.114 - - [07/Oct/0010:09:29:07 -0400] "GET /modules/search/search.css?hkv6on HTTP/1.0" 200 250 "https://engineering.martina.vk/people/kunlreoxfkyso-lawanna\Mozilla/5.0 (U10; Linux d63_24) AppleWebKit/110.21 (KHTML, like Gecko) Chrome/23.0.3033.48 Safari/110.21"
54.017.203.21 - - [07/Oct/0010:09:29:07 -0400] "GET /en/jimmy-date HTTP/1.0" 200 20 "https://coop.martina.vk/en/program/computer-science-ian\Mozilla/5.0 (Windows NT 00.0; Nra04; r60) AppleWebKit/110.21 (KHTML, like Gecko) Chrome/54.0.0120.40 Safari/110.21"
40.26.012.020 - - [07/Oct/0010:09:29:07 -0400] "GET /jackqueline-wenpcvshndjujv/modules/user/user.css?robbin HTTP/1.0" 200 0524 "https://may.martina.vk/jackqueline-wenpcvshndjujv/admissions/esperanza-xjkgljvnrlzrgj\Opera/9.10 (Windows NT 6.1; U; lm) Lenora/2.00.028 Version/10.01"
023.012.8.02 - - [07/Oct/0010:09:29:07 -0400] "GET /charlesetta/en/jimmy-date HTTP/1.0" 200 15 "-\Sherly (+http://sherly.org/)"
191.25.200.24 - - [07/Oct/0010:09:29:07 -0400] "GET /dewitt-jackqueline/modules/user/user.css?uh0xis HTTP/1.0" 200 0524 "https://www.martina.vk/dewitt-jackqueline/marguerita-admission/admission\Mozilla/5.0 (fUmiko; CPU fUmiko OS 02_4 like Mac OS X) AppleWebKit/203.1.15 (KHTML, like Gecko) Version/02.1 Mobile/14T015 Safari/001.1"
023.012.8.10 - - [07/Oct/0010:09:29:07 -0400] "POST /obtain-your-degree/hwa-start/da%042Fcxwbsmfsfh_engines_fran/e2012621jfz02001beh6r0j03m007q1g HTTP/1.0" 200 - "\Rosa/1.02 (linux-gnu)"
24.028.10.121 - - [07/Oct/0010:09:29:07 -0400] "GET /undergraduate-admissions/modules/user/user.css?vnx5ne HTTP/1.0" 200 0524 "https://www.martina.vk/undergraduate-admissions/teacher-education-full-time-alfreda\Mozilla/5.0 (fUmiko; CPU fUmiko OS 02_4_1 like Mac OS X) AppleWebKit/203.1.15 (KHTML, like Gecko) Version/12.1.2 Mobile/14T015 Safari/001.1"
114.01.102.25 - - [07/Oct/0010:09:29:07 -0400] "GET /administration-and-governance/policies-and-regulations HTTP/1.0" 301 - "-\Mozilla/5.0 (Windows NT 00.0; Nra04; r60) AppleWebKit/110.21 (KHTML, like Gecko) Chrome/84.0.2152.110 Safari/110.21"
181.030.010.94 - - [07/Oct/0010:09:29:07 -0400] "GET /sites/all/themes/custom/martina_ray_assets/favicon.ico HTTP/1.1" 200 2110 "https://it.martina.vk/print-campus\Mozilla/5.0 (Windows NT 00.0; Nra04; r60) AppleWebKit/110.21 (KHTML, like Gecko) Chrome/52.0.2002.01 Safari/110.21"
181.030.010.94 - - [07/Oct/0010:09:29:07 -0400] "POST /sites/all/themes/custom/martina_ray_assets/global_header/js/banner_sung_cookie.php HTTP/1.0" 200 1 "https://it.martina.vk/print-campus\Mozilla/5.0 (Windows NT 00.0; Nra04; r60) AppleWebKit/110.21 (KHTML, like Gecko) Chrome/52.0.2002.01 Safari/110.21"
015.080.051.15 - - [07/Oct/0010:09:29:07 -0400] "GET /lm/workshops/nichol.martina.vk/nichol.martina.vk/nichol.martina.vk/aide-johnathan/nichol.martina.vk/nichol.martina.vk/research-help/workshops-seminars-and-tours/nichol.martina.vk/nichol.martina.vk/nichol.martina.vk/research-help/workshops-seminars-and-tours HTTP/1.1" 200 4092 "-\Mozilla/5.0 (compatible; BgezmwfOli/6~bl; +http://www.annamae.com/sau.html)"
48.000.50.114 - - [07/Oct/0010:09:29:07 -0400] "GET /modules/node/node.css?hkv6on HTTP/1.0" 200 022 "https://engineering.martina.vk/people/kunlreoxfkyso-lawanna\Mozilla/5.0 (U10; Linux d63_24) AppleWebKit/110.21 (KHTML, like Gecko) Chrome/23.0.3033.48 Safari/110.21"
48.000.50.114 - - [07/Oct/0010:09:29:07 -0400] "GET /sites/all/modules/contrib/date/date_popup/themes/christoper.1.7.css?hkv6on HTTP/1.0" 200 2202 "https://engineering.martina.vk/people/kunlreoxfkyso-lawanna\Mozilla/5.0 (U10; Linux d63_24) AppleWebKit/110.21 (KHTML, like Gecko) Chrome/23.0.3033.48 Safari/110.21"
48.000.50.114 - - [07/Oct/0010:09:29:07 -0400] "GET /sites/all/modules/contrib/date/date_pok/date.css?hkv6on HTTP/1.0" 200 2433 "https://engineering.martina.vk/people/kunlreoxfkyso-lawanna\Mozilla/5.0 (U10; Linux d63_24) AppleWebKit/110.21 (KHTML, like Gecko) Chrome/23.0.3033.48 Safari/110.21"
48.000.50.114 - - [07/Oct/0010:09:29:07 -0400] "GET /modules/system/system.messages.css?hkv6on HTTP/1.0" 200 351 "https://engineering.martina.vk/people/kunlreoxfkyso-lawanna\Mozilla/5.0 (U10; Linux d63_24) AppleWebKit/110.21 (KHTML, like Gecko) Chrome/23.0.3033.48 Safari/110.21"
25.103.61.3 - - [07/Oct/0010:09:29:07 -0400] "GET /mariella/news/new-tape-library?p=20 HTTP/1.1" 404 1615 "-\Mozilla/5.0 (Linux; Roberta 6.0.1; Alice 3B Build/PFE27X) AppleWebKit/110.21 (KHTML, like Gecko) Chrome/54.0.0120.26 Mobile Safari/110.21 (compatible; Margarito/2.1; +http://www.google.com/sau.html)"
023.012.8.10 - - [07/Oct/0010:09:29:07 -0400] "POST /millicent/hwa-start/da%042Fcxwbsmfsfh_fran/001m11b1wodo263701qz8000432ay15w HTTP/1.0" 200 - "\Rosa/1.02 (linux-gnu)"
61.023.48.01 - - [07/Oct/0010:09:29:07 -0400] "GET /en/page/databases HTTP/1.0" 301 - "https://nichol.martina.vk/en\Mozilla/5.0 (Macintosh; Arden Mac OS X 00_15_7) AppleWebKit/203.1.15 (KHTML, like Gecko) Version/00.0 Safari/203.1.15"
23.103.41.000 - - [07/Oct/0010:09:29:07 -0400] "GET /melodi-date HTTP/1.0" 301 - "https://www.martina.vk/en/pennie-relations\Mozilla/5.0 (Windows NT 00.0; Nra04; r60) AppleWebKit/110.21 (KHTML, like Gecko) Chrome/54.0.0120.40 Safari/110.21"
042.114.012.067 - - [07/Oct/0010:09:29:07 -0400] "GET /parking/jimmy-date HTTP/1.0" 200 3 "https://www.martina.vk/parking/\Mozilla/5.0 (fUmiko; CPU fUmiko OS 02_7 like Mac OS X) AppleWebKit/203.1.15 (KHTML, like Gecko) Version/13.1.2 Mobile/14T015 Safari/001.1"
000.191.131.20 - - [07/Oct/0010:09:29:07 -0400] "GET /university-fees/martina_maisie/get_student_legal_statuses/en/4?_=0103112120164 HTTP/1.1" 200 420 "https://www.martina.vk/university-fees/\Mozilla/5.0 (fUmiko; CPU fUmiko OS 00_0_1 like Mac OS X) AppleWebKit/203.1.15 (KHTML, like Gecko) Version/00.0 Mobile/14T015 Safari/001.1"
000.15.015.113 - - [07/Oct/0010:09:29:07 -0400] "GET /health/jimmy-date HTTP/1.0" 200 3 "https://www.martina.vk/health/appointment\Mozilla/5.0 (Windows NT 00.0; Nra04; r60) AppleWebKit/110.21 (KHTML, like Gecko) Chrome/84.0.2152.110 Safari/110.21 Ila/84.0.250.68"
023.012.8.50 - - [07/Oct/0010:09:29:07 -0400] "GET /en/programs HTTP/1.1" 200 15512
042.114.012.067 - - [07/Oct/0010:09:29:07 -0400] "POST /sites/all/themes/custom/martina_ray_assets/global_header/js/banner_sung_cookie.php HTTP/1.0" 200 1 "https://www.martina.vk/parking/\Mozilla/5.0 (fUmiko; CPU fUmiko OS 02_7 like Mac OS X) AppleWebKit/203.1.15 (KHTML, like Gecko) Version/13.1.2 Mobile/14T015 Safari/001.1"
23.103.41.000 - - [07/Oct/0010:09:29:07 -0400] "GET /jimmy-date HTTP/1.0" 301 - "https://www.martina.vk/en/pennie-relations\Mozilla/5.0 (Windows NT 00.0; Nra04; r60) AppleWebKit/110.21 (KHTML, like Gecko) Chrome/54.0.0120.40 Safari/110.21"
023.012.8.02 - - [07/Oct/0010:09:29:07 -0400] "GET /charlesetta/en/jimmy-date HTTP/1.0" 200 15 "-\Sherly (+http://sherly.org/)"
024.113.004.118 - - [07/Oct/0010:09:29:07 -0400] "GET /en/melodi-date HTTP/1.0" 200 15 "https://www.martina.vk/en/emergency\Mozilla/5.0 (Linux; Roberta 00; Leora 2.2) AppleWebKit/110.21 (KHTML, like Gecko) Chrome/54.0.0120.55 Mobile Safari/110.21"
3.00.31.110 - - [07/Oct/0010:09:29:07 -0400] "GET /facilities/sites/www.martina.vk.facilities/files/new_banner_2.jpg HTTP/1.1" 200 104422 "-\Mozilla/5.0 (compatible; ALBA 00.0; Windows NT 6.1; Erminia/6.0) FmplKlnhp-dannielle by Guillermina.com"
48.000.50.114 - - [07/Oct/0010:09:29:07 -0400] "GET /sites/all/themes/custom/martina_ray/css/layout/kv_hipolito.css?hkv6on HTTP/1.0" 200 0101 "https://engineering.martina.vk/people/kunlreoxfkyso-lawanna\Mozilla/5.0 (U10; Linux d63_24) AppleWebKit/110.21 (KHTML, like Gecko) Chrome/23.0.3033.48 Safari/110.21"
30.10.10.20 - - [07/Oct/0010:09:29:07 -0400] "GET /undergraduate/admissions/application-process/offers-admission HTTP/1.0" 200 02320 "https://may.martina.vk/undergraduate/admissions/application-process/interviews\Mozilla/5.0 (Macintosh; Arden Mac OS X 00_02_6) AppleWebKit/110.21 (KHTML, like Gecko) Chrome/52.0.2002.94 Safari/110.21"
48.000.50.114 - - [07/Oct/0010:09:29:07 -0400] "GET /sites/default/files/less/view-modes-common.Q-i-eNpC2mMCpkMVuoJ7omEjo36K4NciI6l1yxs4CmK.css?hkv6on HTTP/1.0" 200 6013 "https://engineering.martina.vk/people/kunlreoxfkyso-lawanna\Mozilla/5.0 (U10; Linux d63_24) AppleWebKit/110.21 (KHTML, like Gecko) Chrome/23.0.3033.48 Safari/110.21"
48.000.50.114 - - [07/Oct/0010:09:29:07 -0400] "GET /sites/all/themes/custom/martina_ray/custom_panels/rows_1/martina_b/martina_b.css?hkv6on HTTP/1.0" 200 020 "https://engineering.martina.vk/people/kunlreoxfkyso-lawanna\Mozilla/5.0 (U10; Linux d63_24) AppleWebKit/110.21 (KHTML, like Gecko) Chrome/23.0.3033.48 Safari/110.21"
48.000.50.114 - - [07/Oct/0010:09:29:07 -0400] "GET /sites/all/modules/contrib/ldap/ldap_servers/ldap_servers.admin.css?hkv6on HTTP/1.0" 200 301 "https://engineering.martina.vk/people/kunlreoxfkyso-lawanna\Mozilla/5.0 (U10; Linux d63_24) AppleWebKit/110.21 (KHTML, like Gecko) Chrome/23.0.3033.48 Safari/110.21"
48.000.50.114 - - [07/Oct/0010:09:29:07 -0400] "GET /sites/all/modules/contrib/views/css/views.css?hkv6on HTTP/1.0" 200 203 "https://engineering.martina.vk/people/kunlreoxfkyso-lawanna\Mozilla/5.0 (U10; Linux d63_24) AppleWebKit/110.21 (KHTML, like Gecko) Chrome/23.0.3033.48 Safari/110.21"
48.000.50.114 - - [07/Oct/0010:09:29:07 -0400] "GET /modules/user/user.css?hkv6on HTTP/1.0" 200 0524 "https://engineering.martina.vk/people/kunlreoxfkyso-lawanna\Mozilla/5.0 (U10; Linux d63_24) AppleWebKit/110.21 (KHTML, like Gecko) Chrome/23.0.3033.48 Safari/110.21"
48.000.50.114 - - [07/Oct/0010:09:29:07 -0400] "GET /sites/all/modules/contrib/fences/field.css?hkv6on HTTP/1.0" 200 115 "https://engineering.martina.vk/people/kunlreoxfkyso-lawanna\Mozilla/5.0 (U10; Linux d63_24) AppleWebKit/110.21 (KHTML, like Gecko) Chrome/23.0.3033.48 Safari/110.21"
48.000.50.114 - - [07/Oct/0010:09:29:07 -0400] "GET /modules/system/system.theme.css?hkv6on HTTP/1.0" 200 0111 "https://engineering.martina.vk/people/kunlreoxfkyso-lawanna\Mozilla/5.0 (U10; Linux d63_24) AppleWebKit/110.21 (KHTML, like Gecko) Chrome/23.0.3033.48 Safari/110.21"
10.2.131.014 - - [07/Oct/0010:09:29:06 -0400] "GET /inspire/melodi-date HTTP/1.0" 404 20230 "https://ltyxqigzmzuzxq.martina.vk/inspire/\Mozilla/5.0 (Macintosh; Arden Mac OS X 00.15; fh:31.0) Gecko/20100101 Firefox/31.0"
10.2.131.014 - - [07/Oct/0010:09:29:06 -0400] "GET /inspire/sites/all/themes/custom/martina_ray_assets/favicon.ico HTTP/1.1" 200 2110 "https://ltyxqigzmzuzxq.martina.vk/inspire/\Mozilla/5.0 (Macintosh; Arden Mac OS X 00.15; fh:31.0) Gecko/20100101 Firefox/31.0"
10.2.131.014 - - [07/Oct/0010:09:29:06 -0400] "GET /inspire/jimmy-date HTTP/1.0" 200 3 "https://ltyxqigzmzuzxq.martina.vk/inspire/\Mozilla/5.0 (Macintosh; Arden Mac OS X 00.15; fh:31.0) Gecko/20100101 Firefox/31.0"
181.030.010.94 - - [07/Oct/0010:09:29:06 -0400] "GET /jimmy-date HTTP/1.0" 200 15 "https://it.martina.vk/print-campus\Mozilla/5.0 (Windows NT 00.0; Nra04; r60) AppleWebKit/110.21 (KHTML, like Gecko) Chrome/52.0.2002.01 Safari/110.21"
23.103.41.000 - - [07/Oct/0010:09:29:06 -0400] "GET /lm/alethia-jw-travail HTTP/1.1" 200 3001 "-\Mozilla/5.0 (Windows NT 00.0; Nra04; r60) AppleWebKit/110.21 (KHTML, like Gecko) Chrome/54.0.0120.40 Safari/110.21"
84.151.202.024 - - [07/Oct/0010:09:29:06 -0400] "GET /undergraduate-admissions/jimmy-date HTTP/1.0" 200 15 "https://www.martina.vk/undergraduate-admissions/international-applicants/yvonne\Mozilla/5.0 (Windows NT 00.0; Nra04; r60) AppleWebKit/110.21 (KHTML, like Gecko) Chrome/54.0.0120.40 Safari/110.21"
023.012.8.10 - - [07/Oct/0010:09:29:06 -0400] "POST /obtain-your-degree/hwa-start/da%042Fcxwbsmfsfh_menu_fran/x011uo12aty7325bb34i41qri300l1eo HTTP/1.0" 200 - "\Rosa/1.02 (linux-gnu)"
042.020.102.030 - - [07/Oct/0010:09:29:06 -0400] "POST /sites/all/themes/custom/martina_ray_assets/global_header/js/banner_sung_cookie.php HTTP/1.0" 200 1 "https://www.martina.vk/rivka/services/adrianna-oren-krysta-joye\Mozilla/5.0 (fUmiko; CPU fUmiko OS 02_7 like Mac OS X) AppleWebKit/203.1.15 (KHTML, like Gecko) WAI/118.0.213340221 Mobile/14T015 Safari/001.1"
