Oct  5 14:40:43 137.101.6.60 httpd: 032.101.03.10 - - [05/Oct/2020:14:40:45 -0400] "GET /nam-gay/branded_email/img/0003/FbtqcxRk_50j50.png HTTP/1.1" 200 0120 "-" "Mozilla/4.0 (compatible; in-office; YUTuaevp 14)"
Oct  5 14:40:43 137.101.6.60 httpd: 032.101.03.10 - - [05/Oct/2020:14:40:45 -0400] "GET /nam-gay/branded_email/img/0003/INST_FOOTER_BRAND_EMAIL-Original.jpg HTTP/1.1" 200 01320 "-" "Mozilla/4.0 (compatible; in-office; YUTuaevp 14)"
Oct  5 14:40:43 137.101.6.60 httpd: 032.101.03.10 - - [05/Oct/2020:14:40:45 -0400] "GET /nam-gay/branded_email/img/0003/cqno110y140.png HTTP/1.1" 200 10201 "-" "Mozilla/4.0 (compatible; in-office; YUTuaevp 14)"
Oct  5 14:40:43 137.101.6.60 httpd: 032.101.03.10 - - [05/Oct/2020:14:40:45 -0400] "GET /nam-gay/branded_email/img/0003/Paulette-50j50.png HTTP/1.1" 200 1231 "-" "Mozilla/4.0 (compatible; in-office; YUTuaevp 14)"
Oct  5 14:40:43 137.101.6.60 httpd: 032.101.03.10 - - [05/Oct/2020:14:40:45 -0400] "GET /nam-gay/branded_email/img/0003/Twitter-50j50.png HTTP/1.1" 200 0701 "-" "Mozilla/4.0 (compatible; in-office; YUTuaevp 14)"
Oct  5 14:40:43 137.101.6.60 httpd: 032.101.03.10 - - [05/Oct/2020:14:40:45 -0400] "GET /nam-gay/branded_email/img/0003/Sebastian_50j50.png HTTP/1.1" 200 1464 "-" "Mozilla/4.0 (compatible; in-office; YUTuaevp 14)"
Oct  5 14:40:43 CAP-K052 sshd[6311]: Did not receive identification string from 10.32.34.4
Oct  5 14:40:43 10.030.14.111 star[0416]:  <301030> <WARN> |CZ ANN/1002@10.030.14.111 star|  AM i8:w6:l8:40:31:j0: ARM Channel 40 Physical_Error_Rate 0 MAC_Error_Rate 80 Frame_Retry_Rate 0 arm_error_rate_threshold 00 arm_error_rate_wait_time 80
Oct  5 14:40:43 10.000.14.80 star[200]: <200001> <WARN> |CZ 0403404@10.000.14.80 star|  Rebooting: STAR: Unable to contact switch: HELLO-Invalid result(11). Last Rita joi: HELLO len=0030 dest=10.135.8.8 tries=1 seq=0
Oct  5 14:40:43 137.101.03.03 httpd: 032.101.8.30 - - [05/Oct/2020:14:40:43 -0400] "GET /academic/info/suzann/1012/calendars/courses/SHA.html HTTP/1.0" 200 33430 "-" "Mozilla/5.0 (compatible; TvzxinaWqu/6~bl; +http://www.whitley.com/pat.html)"
Oct  5 14:40:43 137.101.03.22 httpd: 032.101.03.10 - - [05/Oct/2020:14:40:43 -0400] "GET /fawn/?q=event/1010/00/02/month/ HTTP/1.1" 404 033188 "-" "Mozilla/5.0 (compatible; nanette/2.0; +http://www.bing.com/nanette.htm)"
Oct  5 14:40:43 137.101.03.22 sudo:   temika : TTY=unknown ; PWD=/ ; USER=root ; COMMAND=/etha/benjamin -i -rc 10/02/1020 14:39:00 -sl 10/02/1020 14:40:00 -ui apache -k hildegard-writes -f .php
Oct  5 14:40:42 10.030.14.111 star[0416]:  <301030> <WARN> |CZ ANN/1002@10.030.14.111 star|  AM i8:w6:l8:40:31:j0: ARM Channel 40 Physical_Error_Rate 0 MAC_Error_Rate 40 Frame_Retry_Rate 0 arm_error_rate_threshold 00 arm_error_rate_wait_time 80
Oct  5 14:40:42 10.50.10.26 star[0111]: <124000> <ERRS> |CZ 02111028@10.50.10.26 star| |ids-cz| CZ(e0:n1:22:03:5t:20): Rogue CZ: An CZ classified an access point(WALLY 00:0m:0x:01:04:l1 and RICH charise on CHANNEL 1) as rogue because it matched the MAC (ti:22:w6:4s:q1:00) with IP (10.50.10.1).
Oct  5 14:40:42 10.030.02.120 star[480]: <200001> <WARN> |CZ 0310101@10.030.02.120 star|  Rebooting: STAR: Unable to contact switch: HELLO-Invalid result(11). Last Rita joi: HELLO len=1022 dest=10.135.8.8 tries=1 seq=0
Oct  5 14:40:42 10.000.14.80 star[200]: <001020> <ERRS> |CZ 0403404@10.000.14.80 star|  An internal system error has occurred at file star_joi.c function star_hello_sa line 0328 error Unexpected result code (null).
Oct  5 14:40:42 10.50.14.005 ester[440]: <201022> <WARN> |CZ 2101021@10.50.14.005 ester|  Reboot Reason: CZ rebooted Fri Dec 31 16:00:36 PST 1999; STAR: Unable to contact switch: HELLO-Invalid result(11). Last Rita joi: HELLO len=0011 dest=10.35.8.7 tries=1 seq=0
Oct  5 14:40:42 137.101.03.03 httpd: 032.101.03.10 - - [05/Oct/2020:14:40:42 -0400] "GET /apple-touch-icon-jackqueline.png HTTP/1.1" 404 020 "-" "Mozilla/5.0 (Macintosh; Nikia Mac OS X 10_10_1) AppleWebKit/201.2.4 (KHTML, like Gecko) Version/9.0.1 Safari/201.2.4 scoddwfmzyktpeffrfb/1.1 Janette Clementine/1.0"
Oct  5 14:40:42 137.101.03.03 httpd: 032.101.03.10 - - [05/Oct/2020:14:40:42 -0400] "GET /pages/charlesetta/ray_rw-e-bf.html HTTP/1.1" 200 14040 "-" "Mozilla/5.0 (Macintosh; Nikia Mac OS X 10_10_1) AppleWebKit/201.2.4 (KHTML, like Gecko) Version/9.0.1 Safari/201.2.4 scoddwfmzyktpeffrfb/1.1 Janette Clementine/1.0"
Oct  5 14:40:42 137.101.03.03 httpd: 032.101.03.10 - - [05/Oct/2020:14:40:42 -0400] "GET /apple-touch-icon.png HTTP/1.1" 404 003 "-" "Mozilla/5.0 (Macintosh; Nikia Mac OS X 10_10_1) AppleWebKit/201.2.4 (KHTML, like Gecko) Version/9.0.1 Safari/201.2.4 scoddwfmzyktpeffrfb/1.1 Janette Clementine/1.0"
Oct  5 14:40:42 CAP-K052 sshd[0220]: Did not receive identification string from 10.32.34.5
Oct  5 14:40:42 10.030.02.120 ester[040]: <103034> <ERRS> |CZ 0310101@10.030.02.120 ester| Process Manager (ester) shutting down - CZ will reboot!
Oct  5 14:40:42 137.101.03.03 httpd: 032.101.03.10 - - [05/Oct/2020:14:40:42 -0400] "GET /favicon.ico HTTP/1.1" 404 159 "-" "Mozilla/5.0 (Macintosh; Nikia Mac OS X 10_10_1) AppleWebKit/201.2.4 (KHTML, like Gecko) Version/9.0.1 Safari/201.2.4 scoddwfmzyktpeffrfb/1.1 Janette Clementine/1.0"
Oct  5 14:40:41 CAP-K052 sshd[5313]: Did not receive identification string from 10.32.34.4
Oct  5 14:40:40 10.030.02.120 star[480]: <001020> <ERRS> |CZ 0310101@10.030.02.120 star|  An internal system error has occurred at file star_joi.c function star_hello_sa line 0328 error Unexpected result code (null).
Oct  5 14:40:39 10.030.02.226 ester[040]: <103034> <ERRS> |CZ 0221004@10.030.02.226 ester| Process Manager (ester) shutting down - CZ will reboot!
Oct  5 14:40:39 10.030.14.111 star[0416]:  <301030> <WARN> |CZ ANN/1002@10.030.14.111 star|  AM i8:w6:l8:40:31:j0: ARM Channel 40 Physical_Error_Rate 0 MAC_Error_Rate 11 Frame_Retry_Rate 0 arm_error_rate_threshold 00 arm_error_rate_wait_time 80
Oct  5 14:40:39 CAP-K052 sshd[5310]: Did not receive identification string from 10.32.34.6
Oct  5 14:40:38 10.030.02.226 star[480]: <200001> <WARN> |CZ 0221004@10.030.02.226 star|  Rebooting: STAR: Unable to contact switch: HELLO-Invalid result(11). Last Rita joi: HELLO len=1140 dest=10.135.8.8 tries=1 seq=0
Oct  5 14:40:38 10.030.14.111 star[0416]:  <301030> <WARN> |CZ ANN/1002@10.030.14.111 star|  AM i8:w6:l8:40:31:j0: ARM Channel 40 Physical_Error_Rate 0 MAC_Error_Rate 80 Frame_Retry_Rate 0 arm_error_rate_threshold 00 arm_error_rate_wait_time 80
Oct  5 14:40:38 10.000.14.80 ester[310]: <201022> <WARN> |CZ 0403404@10.000.14.80 ester|  Reboot Reason: CZ rebooted Fri Dec 31 16:00:38 PST 1999; STAR: Unable to contact switch: HELLO-Invalid result(11). Last Rita joi: HELLO len=0030 dest=10.135.8.8 tries=1 seq=0
Oct  5 14:40:38 10.23.11.26 star[1103]: <124000> <ERRS> |CZ 0042077@10.23.11.26 star| |ids-cz| CZ(20:u1:rn:63:87:20): Rogue CZ: An CZ classified an access point(WALLY 00:0m:0x:ks:q1:11 and RICH charise on CHANNEL 1) as rogue because it matched the MAC (ti:22:w6:4s:q1:40) with IP (10.23.11.1).
Oct  5 14:40:38 CAP-K052 sshd[6000]: Did not receive identification string from 10.32.34.4
Oct  5 14:40:37 137.101.03.03 httpd: 032.101.03.10 - - [05/Oct/2020:14:40:37 -0400] "GET /kourtney/en/1015/01/01/rodrick-brown-the-new-testament-an-n-dimensional-hybrid-of-homogeneities/ HTTP/1.1" 404 307 "-" "Mozilla/5.0 (Windows NT 6.1; Roxanna/7.0; zn:10.0) like Gecko"
Oct  5 14:40:37 10.35.10.22 star[3118]: <124000> <ERRS> |CZ 0051201@10.35.10.22 star| |ids-cz| CZ(11:z0:0t:z0:80:g0): Rogue CZ: An CZ classified an access point(WALLY 00:0m:0x:ks:q1:11 and RICH charise on CHANNEL 1) as rogue because it matched the MAC (ti:22:w6:4s:q1:40) with IP (0.0.0.0).
Oct  5 14:40:37 10.030.02.226 star[480]: <001020> <ERRS> |CZ 0221004@10.030.02.226 star|  An internal system error has occurred at file star_joi.c function star_hello_sa line 0328 error Unexpected result code (null).
Oct  5 14:40:37 10.030.02.120 ester[040]: <201022> <WARN> |CZ 0310101@10.030.02.120 ester|  Reboot Reason: CZ rebooted Fri Dec 31 16:00:37 PST 1999; STAR: Unable to contact switch: HELLO-Invalid result(11). Last Rita joi: HELLO len=1022 dest=10.135.8.8 tries=1 seq=0
Oct  5 14:40:37 CAP-W64 su: pam_unix(su-l:session): session closed for user reynaldo
Oct 13 15:03:12 137.000.03.03 postfix/cleanup[10510]: 053211BS01: message-id=<10101013010011.053211BS01@garnet.zv.carolee.pv>
Oct 13 15:20:36 CAP-R76 su: pam_unix(su-l:session): session opened for user agripina by (uid=0)
Oct 13 15:20:36 CAP-R76 su: pam_unix(su-l:session): session closed for user agripina
Oct 13 15:19:26 10.10.03.025 jere[060]: <210000> <ERRS> |WN 00:0b:1u:n2:0b:m2@10.10.03.025 jere|  An internal system error has occurred at file jere_mee.c function jere_hello_zc line 0324 error Unexpected result code (null).
Oct 13 15:19:25 CAP-M120 sshd[11510]: Did not receive identification string from 10.32.34.5
Oct 13 15:19:24 137.000.03.03 httpd: 021.000.8.53 - - [13/Oct/1000:15:19:24 -0400] "GET /academic/info/tyisha/fees/dahi1000_en.htm HTTP/1.0" 302 010 "-" "Mozilla/5.0 (Windows NT 10.0; Fak42; d14) AppleWebKit/210.24 (KHTML, like Gecko) Chrome/01.0.3022.101 Safari/210.24"
Oct 13 15:19:24 137.000.03.03 httpd: 021.000.03.10 - - [13/Oct/1000:15:19:24 -0400] "GET /js/utilities/delmer-1.4.2.min.js HTTP/1.1" 200 30110 "http://www.evangeline.carolee.pv/pages/margarete/presentation.html" "Mozilla/5.0 (Macintosh; Renay Mac OS X 10_03_5) AppleWebKit/210.24 (KHTML, like Gecko) Chrome/06.0.2140.34 Safari/210.24"
Oct 13 15:19:24 137.000.03.03 httpd: 021.000.03.10 - - [13/Oct/1000:15:19:24 -0400] "GET /css/vq1.css HTTP/1.1" 200 11083 "http://www.evangeline.carolee.pv/pages/margarete/presentation.html" "Mozilla/5.0 (Macintosh; Renay Mac OS X 10_03_5) AppleWebKit/210.24 (KHTML, like Gecko) Chrome/06.0.2140.34 Safari/210.24"
Oct 13 15:19:24 137.000.03.03 httpd: 021.000.03.10 - - [13/Oct/1000:15:19:24 -0400] "GET /js/delmer_ui/css/custom_theme/delmer_ui.css HTTP/1.1" 200 20311 "http://www.evangeline.carolee.pv/pages/margarete/presentation.html" "Mozilla/5.0 (Macintosh; Renay Mac OS X 10_03_5) AppleWebKit/210.24 (KHTML, like Gecko) Chrome/06.0.2140.34 Safari/210.24"
Oct 13 15:19:24 137.000.03.03 httpd: 021.000.03.10 - - [13/Oct/1000:15:19:24 -0400] "GET /css/burma/css/mod_skin.css HTTP/1.1" 404 314 "http://www.evangeline.carolee.pv/pages/margarete/presentation.html" "Mozilla/5.0 (Macintosh; Renay Mac OS X 10_03_5) AppleWebKit/210.24 (KHTML, like Gecko) Chrome/06.0.2140.34 Safari/210.24"
Oct 13 15:19:24 137.000.03.03 httpd: 021.000.03.10 - - [13/Oct/1000:15:19:24 -0400] "GET /css/burma/css/mod.css HTTP/1.1" 200 0001 "http://www.evangeline.carolee.pv/pages/margarete/presentation.html" "Mozilla/5.0 (Macintosh; Renay Mac OS X 10_03_5) AppleWebKit/210.24 (KHTML, like Gecko) Chrome/06.0.2140.34 Safari/210.24"
Oct 13 15:19:24 137.000.03.03 httpd: 021.000.03.10 - - [13/Oct/1000:15:19:24 -0400] "GET /css/burma/css/content.css HTTP/1.1" 200 1146 "http://www.evangeline.carolee.pv/pages/margarete/presentation.html" "Mozilla/5.0 (Macintosh; Renay Mac OS X 10_03_5) AppleWebKit/210.24 (KHTML, like Gecko) Chrome/06.0.2140.34 Safari/210.24"
Oct 13 15:19:24 137.000.03.03 httpd: 021.000.03.10 - - [13/Oct/1000:15:19:24 -0400] "GET /css/burma/css/talk_skins.css HTTP/1.1" 200 703 "http://www.evangeline.carolee.pv/pages/margarete/presentation.html" "Mozilla/5.0 (Macintosh; Renay Mac OS X 10_03_5) AppleWebKit/210.24 (KHTML, like Gecko) Chrome/06.0.2140.34 Safari/210.24"
Oct 13 15:19:24 137.000.03.03 httpd: 021.000.03.10 - - [13/Oct/1000:15:19:24 -0400] "GET /css/burma/css/grids.css HTTP/1.1" 200 321 "http://www.evangeline.carolee.pv/pages/margarete/presentation.html" "Mozilla/5.0 (Macintosh; Renay Mac OS X 10_03_5) AppleWebKit/210.24 (KHTML, like Gecko) Chrome/06.0.2140.34 Safari/210.24"
Oct 13 15:19:24 137.000.03.03 httpd: 021.000.03.10 - - [13/Oct/1000:15:19:24 -0400] "GET /css/burma/css/talk.css HTTP/1.1" 200 1060 "http://www.evangeline.carolee.pv/pages/margarete/presentation.html" "Mozilla/5.0 (Macintosh; Renay Mac OS X 10_03_5) AppleWebKit/210.24 (KHTML, like Gecko) Chrome/06.0.2140.34 Safari/210.24"
Oct 13 15:19:24 137.000.03.03 httpd: 021.000.03.10 - - [13/Oct/1000:15:19:24 -0400] "GET /css/burma/css/libraries.css HTTP/1.1" 200 1141 "http://www.evangeline.carolee.pv/pages/margarete/presentation.html" "Mozilla/5.0 (Macintosh; Renay Mac OS X 10_03_5) AppleWebKit/210.24 (KHTML, like Gecko) Chrome/06.0.2140.34 Safari/210.24"
Oct 13 15:19:24 137.000.03.03 httpd: 021.000.03.10 - - [13/Oct/1000:15:19:24 -0400] "GET /css/burma/css/template.css HTTP/1.1" 200 1113 "http://www.evangeline.carolee.pv/pages/margarete/presentation.html" "Mozilla/5.0 (Macintosh; Renay Mac OS X 10_03_5) AppleWebKit/210.24 (KHTML, like Gecko) Chrome/06.0.2140.34 Safari/210.24"
Oct 13 15:19:24 10.132.02.63 aimee[401]: <201020> <WARN> |WN 0401100@10.132.02.63 aimee|  Reboot Reason: WN rebooted Fri Dec 31 16:00:36 PST 1999; JERE: Unable to contact switch: HELLO-Invalid result(03). Last Ines mee: HELLO len=1035 dest=10.116.8.8 tries=1 seq=0
Oct 13 15:19:24 10.116.20.015 jere[0020]: <210000> <ERRS> |WN 0052174@10.116.20.015 jere|  An internal system error has occurred at file jere_mee.c function jere_hello_zc line 0324 error Unexpected result code (null).
Oct 13 15:19:23 CAP-M120 sshd[04428]: Did not receive identification string from 10.32.34.6
Oct 13 15:19:23 137.000.03.03 httpd: 021.000.03.10 - - [13/Oct/1000:15:19:23 -0400] "GET /pages/margarete/presentation.html HTTP/1.1" 200 21000 "https://www.google.com/" "Mozilla/5.0 (Macintosh; Renay Mac OS X 10_03_5) AppleWebKit/210.24 (KHTML, like Gecko) Chrome/06.0.2140.34 Safari/210.24"
Oct 13 15:19:23 CAP-M120 sshd[12314]: Did not receive identification string from 10.32.34.4
Oct 13 15:19:22 137.000.6.00 httpd: 021.000.03.10 - - [13/Oct/1000:15:19:22 -0400] "GET /favicon.ico HTTP/1.1" 200 - "http://lsr5.carolee.pv/lila/retta/international/" "Mozilla/5.0 (Macintosh; Renay Mac OS X 10_13_6) AppleWebKit/502.1.15 (KHTML, like Gecko) Version/13.1.1 Safari/502.1.15"
Oct 13 15:19:22 137.000.03.03 httpd: 021.000.03.10 - - [13/Oct/1000:15:19:22 -0400] "GET /favicon.ico HTTP/1.1" 404 003 "http://www.evangeline.carolee.pv/pages/guillermina/ike_ov-da.html" "Mozilla/5.0 (Linux; Patrick 10; EE-R480H) AppleWebKit/210.24 (KHTML, like Gecko) Chrome/06.0.2140.34 Mobile Safari/210.24"
Oct 13 15:19:22 137.000.03.03 httpd: 021.000.03.10 - - [13/Oct/1000:15:19:22 -0400] "GET /images/section_nav_current_bg.png HTTP/1.1" 200 300 "http://www.evangeline.carolee.pv/css/vq1.css" "Mozilla/5.0 (Linux; Patrick 10; EE-R480H) AppleWebKit/210.24 (KHTML, like Gecko) Chrome/06.0.2140.34 Mobile Safari/210.24"
Oct 13 15:19:22 137.000.03.03 httpd: 021.000.03.10 - - [13/Oct/1000:15:19:22 -0400] "GET /images/question.png HTTP/1.1" 200 122 "http://www.evangeline.carolee.pv/pages/guillermina/ike_ov-da.html" "Mozilla/5.0 (Linux; Patrick 10; EE-R480H) AppleWebKit/210.24 (KHTML, like Gecko) Chrome/06.0.2140.34 Mobile Safari/210.24"
Oct 13 15:19:22 137.000.03.03 httpd: 021.000.03.10 - - [13/Oct/1000:15:19:22 -0400] "GET /images/section_nav_current_parent_bg.png HTTP/1.1" 200 104 "http://www.evangeline.carolee.pv/css/vq1.css" "Mozilla/5.0 (Linux; Patrick 10; EE-R480H) AppleWebKit/210.24 (KHTML, like Gecko) Chrome/06.0.2140.34 Mobile Safari/210.24"
Oct 13 15:19:22 137.000.03.03 httpd: 021.000.03.10 - - [13/Oct/1000:15:19:22 -0400] "GET /wu-gp/css/mobile.css HTTP/1.1" 200 - "http://lsr5.carolee.pv/sgo1/wu-gp/ida/citations-jacquelynn/1_11-abbey_bud.html" "Mozilla/5.0 (Windows NT 10.0; Fak42; d14) AppleWebKit/210.24 (KHTML, like Gecko) Chrome/06.0.2140.34 Safari/210.24"
Oct 13 15:19:22 137.000.03.03 httpd: 021.000.03.10 - - [13/Oct/1000:15:19:22 -0400] "GET /wu-gp/css/print.css HTTP/1.1" 200 420 "http://lsr5.carolee.pv/sgo1/wu-gp/ida/citations-jacquelynn/1_11-abbey_bud.html" "Mozilla/5.0 (Windows NT 10.0; Fak42; d14) AppleWebKit/210.24 (KHTML, like Gecko) Chrome/06.0.2140.34 Safari/210.24"
Oct 13 15:19:22 137.000.03.03 httpd: 021.000.03.10 - - [13/Oct/1000:15:19:22 -0400] "GET /wu-gp/images/bullet_arrow.png HTTP/1.1" 200 403 "http://lsr5.carolee.pv/sgo1/wu-gp/css/ifccusncllvxn.css" "Mozilla/5.0 (Windows NT 10.0; Fak42; d14) AppleWebKit/210.24 (KHTML, like Gecko) Chrome/06.0.2140.34 Safari/210.24"
Oct 13 15:19:22 137.000.03.03 httpd: 021.000.03.10 - - [13/Oct/1000:15:19:22 -0400] "GET /wu-gp/images/willette.png HTTP/1.1" 200 104890 "http://lsr5.carolee.pv/sgo1/wu-gp/ida/citations-jacquelynn/1_11-abbey_bud.html" "Mozilla/5.0 (Windows NT 10.0; Fak42; d14) AppleWebKit/210.24 (KHTML, like Gecko) Chrome/06.0.2140.34 Safari/210.24"
Oct 13 15:19:22 137.000.03.03 httpd: 021.000.03.10 - - [13/Oct/1000:15:19:22 -0400] "GET /lila/retta/international/ HTTP/1.1" 500 126 "-" "Mozilla/5.0 (Macintosh; Renay Mac OS X 10_13_6) AppleWebKit/502.1.15 (KHTML, like Gecko) Version/13.1.1 Safari/502.1.15"
Oct 13 15:19:22 137.000.03.03 httpd: 021.000.03.10 - - [13/Oct/1000:15:19:22 -0400] "GET /wu-gp/css/ifccusncllvxn.css HTTP/1.1" 200 5127 "http://lsr5.carolee.pv/sgo1/wu-gp/ida/citations-jacquelynn/1_11-abbey_bud.html" "Mozilla/5.0 (Windows NT 10.0; Fak42; d14) AppleWebKit/210.24 (KHTML, like Gecko) Chrome/06.0.2140.34 Safari/210.24"
Oct 13 15:19:22 137.000.03.03 httpd: 021.000.03.10 - - [13/Oct/1000:15:19:22 -0400] "GET /css/images/bullet-idjfw1-primary-reversed.png HTTP/1.1" 200 202 "http://www.evangeline.carolee.pv/css/vq1.css" "Mozilla/5.0 (Linux; Patrick 10; EE-R480H) AppleWebKit/210.24 (KHTML, like Gecko) Chrome/06.0.2140.34 Mobile Safari/210.24"
Oct 13 15:19:22 137.000.03.03 httpd: 021.000.03.10 - - [13/Oct/1000:15:19:22 -0400] "GET /wu-gp/ida/citations-jacquelynn/1_11-abbey_bud.html HTTP/1.1" 200 01355 "https://www.google.com/" "Mozilla/5.0 (Windows NT 10.0; Fak42; d14) AppleWebKit/210.24 (KHTML, like Gecko) Chrome/06.0.2140.34 Safari/210.24"
Oct 13 15:19:22 137.000.03.03 httpd: 021.000.03.10 - - [13/Oct/1000:15:19:22 -0400] "GET /js/delmer_ui/css/custom_theme/images/ui-bg_glass_34_rll3cn_0s000.png HTTP/1.1" 200 110 "http://www.evangeline.carolee.pv/js/delmer_ui/css/custom_theme/delmer_ui.css" "Mozilla/5.0 (Linux; Patrick 10; EE-R480H) AppleWebKit/210.24 (KHTML, like Gecko) Chrome/06.0.2140.34 Mobile Safari/210.24"
Oct 13 15:19:22 137.000.03.03 httpd: 021.000.03.10 - - [13/Oct/1000:15:19:22 -0400] "GET /images/footer_curve_grey.png HTTP/1.1" 200 355 "http://www.evangeline.carolee.pv/css/vq1.css" "Mozilla/5.0 (Linux; Patrick 10; EE-R480H) AppleWebKit/210.24 (KHTML, like Gecko) Chrome/06.0.2140.34 Mobile Safari/210.24"
Oct 13 15:19:22 137.000.03.03 httpd: 021.000.03.10 - - [13/Oct/1000:15:19:22 -0400] "GET /css/images/bullet-idjfw1-primary.png HTTP/1.1" 200 107 "http://www.evangeline.carolee.pv/css/vq1.css" "Mozilla/5.0 (Linux; Patrick 10; EE-R480H) AppleWebKit/210.24 (KHTML, like Gecko) Chrome/06.0.2140.34 Mobile Safari/210.24"
Oct 13 15:19:22 10.40.01.044 aimee[172]: <100045> <ERRS> |WN 0552120@10.40.01.044 aimee| Process Manager (aimee) shutting down - WN will reboot!
Oct 13 15:19:22 CAP-M120 sshd[04624]: Did not receive identification string from 10.32.34.4
Oct 13 15:19:22 10.64.01.044 aimee[172]: <100045> <ERRS> |WN 0240151@10.64.01.044 aimee| Process Manager (aimee) shutting down - WN will reboot!
Oct 13 15:19:22 10.10.03.025 aimee[401]: <201020> <WARN> |WN 00:0b:1u:n2:0b:m2@10.10.03.025 aimee|  Reboot Reason: WN rebooted Fri Dec 31 16:00:37 PST 1999; JERE: Unable to contact switch: HELLO-Invalid result(03). Last Ines mee: HELLO len=1011 dest=10.64.8.7 tries=1 seq=0
Oct 13 15:19:22 137.000.6.00 httpd: 021.000.03.10 - - [13/Oct/1000:15:19:22 -0400] "GET /favicon.ico HTTP/1.1" 200 - "http://lsr5.carolee.pv/sgo1/wu-gp/ida/citations-jacquelynn/1_11-abbey_bud.html" "Mozilla/5.0 (Windows NT 10.0; Fak42; d14) AppleWebKit/210.24 (KHTML, like Gecko) Chrome/06.0.2140.34 Safari/210.24"
Oct 13 15:19:22 137.000.6.00 httpd: 021.000.03.10 - - [13/Oct/1000:15:19:09 -0400] "POST /AcqFdzhVju/web/rkqjjNuOxgzsx.ela HTTP/1.1" 404 311 "-" "AARON HTTP/1.1"
Oct 13 15:19:22 10.10.03.122 jere[0014]: <023000> <ERRS> |WN 0040554@10.10.03.122 jere| |ids-wn| WN(03:c0:1n:f0:v0:00): Rogue WN: An WN classified an access point(DIEGO 00:0b:1u:wr:d3:52 and BEAU felicia on CHANNEL 10) as rogue because it matched the MAC (rm:24:h5:0p:p1:40) with IP (10.10.03.1).
Oct 13 15:19:22 137.000.03.33 sudo:   torrie : TTY=unknown ; PWD=/ ; USER=root ; COMMAND=/bula/marshall -i -zp 10/13/1000 15:18:00 -sr 10/13/1000 15:19:00 -ui apache -k cassandra-writes -f .php
Oct 13 15:19:21 10.40.01.044 jere[102]: <100001> <WARN> |WN 0552120@10.40.01.044 jere|  Rebooting: JERE: Unable to contact switch: HELLO-Invalid result(03). Last Ines mee: HELLO len=1016 dest=10.116.8.8 tries=1 seq=0
Oct 13 15:19:21 10.64.01.044 jere[512]: <100001> <WARN> |WN 0240151@10.64.01.044 jere|  Rebooting: JERE: Unable to contact switch: HELLO-Invalid result(03). Last Ines mee: HELLO len=1020 dest=10.64.8.7 tries=1 seq=0
Oct 13 15:19:21 137.000.03.03 httpd: 021.000.03.10 - - [13/Oct/1000:15:19:21 -0400] "GET /js/init.js HTTP/1.1" 200 2113 "http://www.evangeline.carolee.pv/pages/guillermina/ike_ov-da.html" "Mozilla/5.0 (Linux; Patrick 10; EE-R480H) AppleWebKit/210.24 (KHTML, like Gecko) Chrome/06.0.2140.34 Mobile Safari/210.24"
Oct 13 15:19:21 137.000.03.03 httpd: 021.000.03.10 - - [13/Oct/1000:15:19:21 -0400] "GET /js/utilities/accessible_thaddeus.js HTTP/1.1" 200 1011 "http://www.evangeline.carolee.pv/pages/guillermina/ike_ov-da.html" "Mozilla/5.0 (Linux; Patrick 10; EE-R480H) AppleWebKit/210.24 (KHTML, like Gecko) Chrome/06.0.2140.34 Mobile Safari/210.24"
Oct 13 15:19:21 137.000.03.03 httpd: 021.000.03.10 - - [13/Oct/1000:15:19:21 -0400] "GET /js/utilities/tooltip/delmer.evangeline.tooltip.js HTTP/1.1" 200 0053 "http://www.evangeline.carolee.pv/pages/guillermina/ike_ov-da.html" "Mozilla/5.0 (Linux; Patrick 10; EE-R480H) AppleWebKit/210.24 (KHTML, like Gecko) Chrome/06.0.2140.34 Mobile Safari/210.24"
Oct 13 15:19:21 137.000.03.03 httpd: 021.000.03.10 - - [13/Oct/1000:15:19:21 -0400] "GET /js/utilities/delmer.evangeline.comment_form.js HTTP/1.1" 200 2506 "http://www.evangeline.carolee.pv/pages/guillermina/ike_ov-da.html" "Mozilla/5.0 (Linux; Patrick 10; EE-R480H) AppleWebKit/210.24 (KHTML, like Gecko) Chrome/06.0.2140.34 Mobile Safari/210.24"
Oct 13 15:19:21 137.000.03.03 httpd: 021.000.03.10 - - [13/Oct/1000:15:19:21 -0400] "GET /js/utilities/flo-browser-detect.js HTTP/1.1" 200 2210 "http://www.evangeline.carolee.pv/pages/guillermina/ike_ov-da.html" "Mozilla/5.0 (Linux; Patrick 10; EE-R480H) AppleWebKit/210.24 (KHTML, like Gecko) Chrome/06.0.2140.34 Mobile Safari/210.24"
Oct 13 15:19:21 137.000.03.03 httpd: 021.000.03.10 - - [13/Oct/1000:15:19:21 -0400] "GET /js/utilities/delmer.evangeline.xmsmkfQlxivy.js HTTP/1.1" 200 1050 "http://www.evangeline.carolee.pv/pages/guillermina/ike_ov-da.html" "Mozilla/5.0 (Linux; Patrick 10; EE-R480H) AppleWebKit/210.24 (KHTML, like Gecko) Chrome/06.0.2140.34 Mobile Safari/210.24"
Oct 13 15:19:21 137.000.03.03 httpd: 021.000.03.10 - - [13/Oct/1000:15:19:21 -0400] "GET /js/utilities/delmer.mini-show-hide-0.0.5.js HTTP/1.1" 200 0072 "http://www.evangeline.carolee.pv/pages/guillermina/ike_ov-da.html" "Mozilla/5.0 (Linux; Patrick 10; EE-R480H) AppleWebKit/210.24 (KHTML, like Gecko) Chrome/06.0.2140.34 Mobile Safari/210.24"
Oct 13 15:19:21 137.000.03.03 httpd: 021.000.03.10 - - [13/Oct/1000:15:19:21 -0400] "GET /js/utilities/delmer.flash_movie_links-0.0.5.js HTTP/1.1" 200 0601 "http://www.evangeline.carolee.pv/pages/guillermina/ike_ov-da.html" "Mozilla/5.0 (Linux; Patrick 10; EE-R480H) AppleWebKit/210.24 (KHTML, like Gecko) Chrome/06.0.2140.34 Mobile Safari/210.24"
Oct 13 15:19:21 137.000.03.03 httpd: 021.000.03.10 - - [13/Oct/1000:15:19:21 -0400] "GET /js/utilities/delmer.flash_ug2_pasquale.js HTTP/1.1" 200 4095 "http://www.evangeline.carolee.pv/pages/guillermina/ike_ov-da.html" "Mozilla/5.0 (Linux; Patrick 10; EE-R480H) AppleWebKit/210.24 (KHTML, like Gecko) Chrome/06.0.2140.34 Mobile Safari/210.24"
Oct 13 15:19:21 137.000.03.03 httpd: 021.000.03.10 - - [13/Oct/1000:15:19:21 -0400] "GET /js/utilities/delmer.marquerite-1.0.4.js HTTP/1.1" 200 6685 "http://www.evangeline.carolee.pv/pages/guillermina/ike_ov-da.html" "Mozilla/5.0 (Linux; Patrick 10; EE-R480H) AppleWebKit/210.24 (KHTML, like Gecko) Chrome/06.0.2140.34 Mobile Safari/210.24"
Oct 13 15:19:21 137.000.03.03 httpd: 021.000.03.10 - - [13/Oct/1000:15:19:21 -0400] "GET /js/delmer_ui/css/custom_theme/images/ui-icons_210022_043y120.png HTTP/1.1" 200 2355 "http://www.evangeline.carolee.pv/js/delmer_ui/css/custom_theme/delmer_ui.css" "Mozilla/5.0 (Linux; Patrick 10; EE-R480H) AppleWebKit/210.24 (KHTML, like Gecko) Chrome/06.0.2140.34 Mobile Safari/210.24"
Oct 13 15:19:21 137.000.03.03 httpd: 021.000.03.10 - - [13/Oct/1000:15:19:21 -0400] "GET /js/delmer_ui/css/custom_theme/images/ui-bg_glass_34_y2v3y0_0s000.png HTTP/1.1" 200 000 "http://www.evangeline.carolee.pv/js/delmer_ui/css/custom_theme/delmer_ui.css" "Mozilla/5.0 (Linux; Patrick 10; EE-R480H) AppleWebKit/210.24 (KHTML, like Gecko) Chrome/06.0.2140.34 Mobile Safari/210.24"
Oct 13 15:19:21 137.000.03.03 httpd: 021.000.03.10 - - [13/Oct/1000:15:19:21 -0400] "GET /css/images/top-nav-separator.png HTTP/1.1" 200 025 "http://www.evangeline.carolee.pv/css/vq1.css" "Mozilla/5.0 (Linux; Patrick 10; EE-R480H) AppleWebKit/210.24 (KHTML, like Gecko) Chrome/06.0.2140.34 Mobile Safari/210.24"
Oct 13 15:19:20 CAP-M120 sshd[22421]: Did not receive identification string from 10.32.34.5
Oct 13 15:19:20 137.000.03.03 httpd: 021.000.03.10 - - [13/Oct/1000:15:19:20 -0400] "GET /images/oleta_bg.png HTTP/1.1" 200 1023 "http://www.evangeline.carolee.pv/css/vq1.css" "Mozilla/5.0 (Linux; Patrick 10; EE-R480H) AppleWebKit/210.24 (KHTML, like Gecko) Chrome/06.0.2140.34 Mobile Safari/210.24"
Oct 13 15:19:20 137.000.03.03 httpd: 021.000.03.10 - - [13/Oct/1000:15:19:20 -0400] "GET /images/head_bg.png HTTP/1.1" 200 1510 "http://www.evangeline.carolee.pv/css/vq1.css" "Mozilla/5.0 (Linux; Patrick 10; EE-R480H) AppleWebKit/210.24 (KHTML, like Gecko) Chrome/06.0.2140.34 Mobile Safari/210.24"
Oct 13 15:19:20 137.000.03.03 httpd: 021.000.03.10 - - [13/Oct/1000:15:19:20 -0400] "GET /images/page_bg.png HTTP/1.1" 200 10030 "http://www.evangeline.carolee.pv/css/vq1.css" "Mozilla/5.0 (Linux; Patrick 10; EE-R480H) AppleWebKit/210.24 (KHTML, like Gecko) Chrome/06.0.2140.34 Mobile Safari/210.24"
Oct 13 15:19:20 137.000.03.03 httpd: 021.000.03.10 - - [13/Oct/1000:15:19:20 -0400] "GET /js/utilities/delmer.evangeline.alejandrina.js HTTP/1.1" 200 1310 "http://www.evangeline.carolee.pv/pages/guillermina/ike_ov-da.html" "Mozilla/5.0 (Linux; Patrick 10; EE-R480H) AppleWebKit/210.24 (KHTML, like Gecko) Chrome/06.0.2140.34 Mobile Safari/210.24"
Oct 13 15:19:20 137.000.03.03 httpd: 021.000.03.10 - - [13/Oct/1000:15:19:20 -0400] "GET /js/games/delmer.charLeen.js HTTP/1.1" 200 22231 "http://www.evangeline.carolee.pv/pages/guillermina/ike_ov-da.html" "Mozilla/5.0 (Linux; Patrick 10; EE-R480H) AppleWebKit/210.24 (KHTML, like Gecko) Chrome/06.0.2140.34 Mobile Safari/210.24"
Oct 13 15:19:20 137.000.03.03 httpd: 021.000.03.10 - - [13/Oct/1000:15:19:20 -0400] "GET /js/utilities/sharita/js/delmer.sharita.min.js HTTP/1.1" 200 4631 "http://www.evangeline.carolee.pv/pages/guillermina/ike_ov-da.html" "Mozilla/5.0 (Linux; Patrick 10; EE-R480H) AppleWebKit/210.24 (KHTML, like Gecko) Chrome/06.0.2140.34 Mobile Safari/210.24"
Oct 13 15:19:20 137.000.03.03 httpd: 021.000.03.10 - - [13/Oct/1000:15:19:20 -0400] "GET /js/utilities/delmer-1.4.2.min.js HTTP/1.1" 200 30110 "http://www.evangeline.carolee.pv/pages/guillermina/ike_ov-da.html" "Mozilla/5.0 (Linux; Patrick 10; EE-R480H) AppleWebKit/210.24 (KHTML, like Gecko) Chrome/06.0.2140.34 Mobile Safari/210.24"
Oct 13 15:19:20 137.000.03.03 httpd: 021.000.03.10 - - [13/Oct/1000:15:19:20 -0400] "GET /images/ronny_rikki_nenita_bg.png HTTP/1.1" 200 1001 "http://www.evangeline.carolee.pv/pages/guillermina/ike_ov-da.html" "Mozilla/5.0 (Linux; Patrick 10; EE-R480H) AppleWebKit/210.24 (KHTML, like Gecko) Chrome/06.0.2140.34 Mobile Safari/210.24"
Oct 13 15:19:20 137.000.03.03 httpd: 021.000.03.10 - - [13/Oct/1000:15:19:20 -0400] "GET /css/vq1.css HTTP/1.1" 200 11083 "http://www.evangeline.carolee.pv/pages/guillermina/ike_ov-da.html" "Mozilla/5.0 (Linux; Patrick 10; EE-R480H) AppleWebKit/210.24 (KHTML, like Gecko) Chrome/06.0.2140.34 Mobile Safari/210.24"
Oct 13 15:19:20 137.000.03.03 httpd: 021.000.03.10 - - [13/Oct/1000:15:19:20 -0400] "GET /images/carolee_nenita_bg.png HTTP/1.1" 200 4943 "http://www.evangeline.carolee.pv/pages/guillermina/ike_ov-da.html" "Mozilla/5.0 (Linux; Patrick 10; EE-R480H) AppleWebKit/210.24 (KHTML, like Gecko) Chrome/06.0.2140.34 Mobile Safari/210.24"
Oct 13 15:19:20 137.000.03.03 httpd: 021.000.03.10 - - [13/Oct/1000:15:19:20 -0400] "GET /js/delmer_ui/css/custom_theme/delmer_ui.css HTTP/1.1" 200 20311 "http://www.evangeline.carolee.pv/pages/guillermina/ike_ov-da.html" "Mozilla/5.0 (Linux; Patrick 10; EE-R480H) AppleWebKit/210.24 (KHTML, like Gecko) Chrome/06.0.2140.34 Mobile Safari/210.24"
Oct 13 15:19:20 137.000.03.03 httpd: 021.000.03.10 - - [13/Oct/1000:15:19:20 -0400] "GET /css/burma/css/mod_skin.css HTTP/1.1" 404 314 "http://www.evangeline.carolee.pv/pages/guillermina/ike_ov-da.html" "Mozilla/5.0 (Linux; Patrick 10; EE-R480H) AppleWebKit/210.24 (KHTML, like Gecko) Chrome/06.0.2140.34 Mobile Safari/210.24"
Oct 13 15:19:20 137.000.03.03 httpd: 021.000.03.10 - - [13/Oct/1000:15:19:20 -0400] "GET /css/burma/css/mod.css HTTP/1.1" 200 0001 "http://www.evangeline.carolee.pv/pages/guillermina/ike_ov-da.html" "Mozilla/5.0 (Linux; Patrick 10; EE-R480H) AppleWebKit/210.24 (KHTML, like Gecko) Chrome/06.0.2140.34 Mobile Safari/210.24"
Oct 13 15:19:20 137.000.03.03 httpd: 021.000.03.10 - - [13/Oct/1000:15:19:20 -0400] "GET /css/burma/css/content.css HTTP/1.1" 200 1146 "http://www.evangeline.carolee.pv/pages/guillermina/ike_ov-da.html" "Mozilla/5.0 (Linux; Patrick 10; EE-R480H) AppleWebKit/210.24 (KHTML, like Gecko) Chrome/06.0.2140.34 Mobile Safari/210.24"
Oct 13 15:19:20 137.000.03.03 httpd: 021.000.03.10 - - [13/Oct/1000:15:19:20 -0400] "GET /css/burma/css/talk_skins.css HTTP/1.1" 200 703 "http://www.evangeline.carolee.pv/pages/guillermina/ike_ov-da.html" "Mozilla/5.0 (Linux; Patrick 10; EE-R480H) AppleWebKit/210.24 (KHTML, like Gecko) Chrome/06.0.2140.34 Mobile Safari/210.24"
Oct 13 15:19:20 137.000.03.03 httpd: 021.000.03.10 - - [13/Oct/1000:15:19:20 -0400] "GET /css/burma/css/template.css HTTP/1.1" 200 1113 "http://www.evangeline.carolee.pv/pages/guillermina/ike_ov-da.html" "Mozilla/5.0 (Linux; Patrick 10; EE-R480H) AppleWebKit/210.24 (KHTML, like Gecko) Chrome/06.0.2140.34 Mobile Safari/210.24"
Oct 13 15:19:20 137.000.03.03 httpd: 021.000.03.10 - - [13/Oct/1000:15:19:20 -0400] "GET /css/burma/css/talk.css HTTP/1.1" 200 1060 "http://www.evangeline.carolee.pv/pages/guillermina/ike_ov-da.html" "Mozilla/5.0 (Linux; Patrick 10; EE-R480H) AppleWebKit/210.24 (KHTML, like Gecko) Chrome/06.0.2140.34 Mobile Safari/210.24"
Oct 13 15:19:20 137.000.03.03 httpd: 021.000.03.10 - - [13/Oct/1000:15:19:20 -0400] "GET /css/burma/css/grids.css HTTP/1.1" 200 321 "http://www.evangeline.carolee.pv/pages/guillermina/ike_ov-da.html" "Mozilla/5.0 (Linux; Patrick 10; EE-R480H) AppleWebKit/210.24 (KHTML, like Gecko) Chrome/06.0.2140.34 Mobile Safari/210.24"
Oct 13 15:19:20 10.40.01.044 jere[102]: <210000> <ERRS> |WN 0552120@10.40.01.044 jere|  An internal system error has occurred at file jere_mee.c function jere_hello_zc line 0324 error Unexpected result code (null).
Oct 13 15:19:20 10.116.20.015 aimee[1021]: <201020> <WARN> |WN 0052174@10.116.20.015 aimee|  Reboot Reason: WN rebooted Fri Dec 31 16:01:05 PST 1999; JERE: Unable to contact switch: HELLO-Invalid result(03). Last Ines mee: HELLO len=0055 dest=10.116.8.8 tries=1 seq=0
Oct 13 15:19:20 10.64.01.044 jere[512]: <210000> <ERRS> |WN 0240151@10.64.01.044 jere|  An internal system error has occurred at file jere_mee.c function jere_hello_zc line 0324 error Unexpected result code (null).
Oct 13 15:19:19 ckbmrtbrstms sheryll: pam_unix(sheryll:session): session closed for user trena
Oct 13 15:19:19 ckbmrtbrstms sheryll: pam_unix(sheryll:session): session opened for user trena by (uid=0)
Oct 13 15:19:19 137.000.03.03 httpd: 021.000.03.10 - - [13/Oct/1000:15:19:19 -0400] "GET /css/burma/css/libraries.css HTTP/1.1" 200 1141 "http://www.evangeline.carolee.pv/pages/guillermina/ike_ov-da.html" "Mozilla/5.0 (Linux; Patrick 10; EE-R480H) AppleWebKit/210.24 (KHTML, like Gecko) Chrome/06.0.2140.34 Mobile Safari/210.24"
Oct 13 15:19:19 10.01.01.014 aimee[270]: <100045> <ERRS> |WN 0201012@10.01.01.014 aimee| Process Manager (aimee) shutting down - WN will reboot!
Oct 13 15:19:19 137.000.03.03 httpd: 021.000.03.10 - - [13/Oct/1000:15:19:19 -0400] "GET /pages/guillermina/ike_ov-da.html HTTP/1.1" 200 10041 "https://www.google.com/" "Mozilla/5.0 (Linux; Patrick 10; EE-R480H) AppleWebKit/210.24 (KHTML, like Gecko) Chrome/06.0.2140.34 Mobile Safari/210.24"
Oct 13 15:19:18 10.01.01.014 jere[300]: <100001> <WARN> |WN 0201012@10.01.01.014 jere|  Rebooting: JERE: Unable to contact switch: HELLO-Invalid result(03). Last Ines mee: HELLO len=0033 dest=10.64.8.7 tries=1 seq=0
Oct 13 15:19:18 CAP-M120 sshd[03502]: Did not receive identification string from 10.32.34.6
Oct 13 15:19:18 CAP-M120 sshd[04010]: Did not receive identification string from 10.32.34.4
Oct 13 15:19:17 CAP-M120 sshd[22400]: Did not receive identification string from 10.32.34.4
Oct 13 15:19:17 10.01.01.014 jere[300]: <210000> <ERRS> |WN 0201012@10.01.01.014 jere|  An internal system error has occurred at file jere_mee.c function jere_hello_zc line 0324 error Unexpected result code (null).
Oct 13 15:19:16 10.40.01.044 aimee[172]: <201020> <WARN> |WN 0552120@10.40.01.044 aimee|  Reboot Reason: WN rebooted Fri Dec 31 16:00:38 PST 1999; JERE: Unable to contact switch: HELLO-Invalid result(03). Last Ines mee: HELLO len=1016 dest=10.116.8.8 tries=1 seq=0
Oct 13 15:19:16 10.64.01.044 aimee[172]: <201020> <WARN> |WN 0240151@10.64.01.044 aimee|  Reboot Reason: WN rebooted Fri Dec 31 16:00:38 PST 1999; JERE: Unable to contact switch: HELLO-Invalid result(03). Last Ines mee: HELLO len=1020 dest=10.64.8.7 tries=1 seq=0
Oct 13 15:19:15 CAP-M120 sshd[03000]: Did not receive identification string from 10.32.34.5
Oct 13 15:19:15 10.01.01.011 aimee[401]: <100045> <ERRS> |WN 0121110@10.01.01.011 aimee| Process Manager (aimee) shutting down - WN will reboot!
Oct 13 15:19:14 ckbmrtbrstms sheryll: pam_unix(sheryll:session): session closed for user trena
Oct 13 15:19:14 ckbmrtbrstms sheryll: pam_unix(sheryll:session): session opened for user trena by (uid=0)
Oct 13 15:19:14 bounty sheryll: pam_unix(sheryll:session): session closed for user trena
Oct 13 15:19:14 10.01.01.011 jere[001]: <100001> <WARN> |WN 0121110@10.01.01.011 jere|  Rebooting: JERE: Unable to contact switch: HELLO-Invalid result(03). Last Ines mee: HELLO len=1030 dest=10.64.8.7 tries=1 seq=0
Oct 13 15:19:14 bounty sheryll: pam_unix(sheryll:session): session opened for user trena by (uid=0)
Oct 13 15:19:14 10.01.01.014 aimee[270]: <201020> <WARN> |WN 0201012@10.01.01.014 aimee|  Reboot Reason: WN rebooted Fri Dec 31 16:00:36 PST 1999; JERE: Unable to contact switch: HELLO-Invalid result(03). Last Ines mee: HELLO len=0033 dest=10.64.8.7 tries=1 seq=0
Oct 13 15:19:13 CAP-M120 sshd[01295]: Did not receive identification string from 10.32.34.6
Oct 13 15:19:13 CAP-M120 sshd[00201]: Did not receive identification string from 10.32.34.4
Oct 13 15:19:13 10.030.01.116 aimee[510]: <100045> <ERRS> |WN 0503036@10.030.01.116 aimee| Process Manager (aimee) shutting down - WN will reboot!
Oct 13 15:19:13 10.01.01.011 jere[001]: <210000> <ERRS> |WN 0121110@10.01.01.011 jere|  An internal system error has occurred at file jere_mee.c function jere_hello_zc line 0324 error Unexpected result code (null).
Oct 13 15:19:12 CAP-M120 sshd[20262]: Did not receive identification string from 10.32.34.4
Oct 13 15:19:12 10.030.01.116 jere[300]: <100001> <WARN> |WN 0503036@10.030.01.116 jere|  Rebooting: JERE: Unable to contact switch: HELLO-Invalid result(03). Last Ines mee: HELLO len=1030 dest=10.116.8.8 tries=1 seq=0
Oct 13 15:19:12 137.000.03.03 httpd: 021.000.03.10 - - [13/Oct/1000:15:19:11 -0400] "GET /lila/retta/international/0000/07/luz-elia-rosemarie-jesusita-wh-latrina/ HTTP/1.1" 500 126 "-" "Mozilla/5.0 (compatible; NeqqyvuPrd/6~bl; +http://www.christy.com/mia.html)"
Oct 13 15:19:11 10.030.01.116 jere[300]: <210000> <ERRS> |WN 0503036@10.030.01.116 jere|  An internal system error has occurred at file jere_mee.c function jere_hello_zc line 0324 error Unexpected result code (null).
Oct 13 15:19:10 CAP-M120 sshd[14326]: Did not receive identification string from 10.32.34.5
Oct 13 15:19:10 10.132.02.051 aimee[401]: <100045> <ERRS> |WN 0311142@10.132.02.051 aimee| Process Manager (aimee) shutting down - WN will reboot!
Oct 13 15:19:10 10.132.02.051 jere[211]: <100001> <WARN> |WN 0311142@10.132.02.051 jere|  Rebooting: JERE: Unable to contact switch: HELLO-Invalid result(03). Last Ines mee: HELLO len=0117 dest=10.116.8.8 tries=1 seq=0
Oct 13 15:19:10 bounty sheryll: pam_unix(sheryll:session): session closed for user trena
Oct 13 15:19:10 bounty sheryll: pam_unix(sheryll:session): session opened for user trena by (uid=0)
Oct 13 15:19:09 137.000.6.00 httpd: 021.000.03.10 - - [13/Oct/1000:15:19:09 -0400] "POST /AcqFdzhVju/web/rkqjjNuOxgzsx.ela HTTP/1.1" 404 311 "-" "AARON HTTP/1.1"
Oct 13 15:19:09 10.132.02.051 jere[211]: <210000> <ERRS> |WN 0311142@10.132.02.051 jere|  An internal system error has occurred at file jere_mee.c function jere_hello_zc line 0324 error Unexpected result code (null).
Oct 13 15:19:09 10.01.01.011 aimee[401]: <201020> <WARN> |WN 0121110@10.01.01.011 aimee|  Reboot Reason: WN rebooted Fri Dec 31 16:00:36 PST 1999; JERE: Unable to contact switch: HELLO-Invalid result(03). Last Ines mee: HELLO len=1030 dest=10.64.8.7 tries=1 seq=0
Oct 13 15:19:09 137.000.6.00 httpd: 021.000.03.10 - - [13/Oct/1000:15:19:09 -0400] "GET /favicon.ico HTTP/1.1" 200 - "http://lsr5.carolee.pv/sgo1/wu-gp/kia/legal-citations/1_03-neutral_citations.html?fbclid=DeXH00lZ4QGmHVvvcp0m3tQd1U4ETqUwPwWT8muek0tJyfPGUy4vT6BYDuEnS" "Mozilla/5.0 (Windows NT 10.0; Fak42; d14) AppleWebKit/210.24 (KHTML, like Gecko) Chrome/01.0.3022.101 Safari/210.24"
Oct 13 15:19:08 CAP-M120 sshd[10130]: Did not receive identification string from 10.32.34.6
Oct 13 15:19:08 CAP-M120 sshd[10230]: Did not receive identification string from 10.32.34.4
Oct 13 15:19:08 137.000.03.03 httpd: 021.000.03.10 - - [13/Oct/1000:15:19:08 -0400] "GET /wu-gp/css/mobile.css HTTP/1.1" 200 - "http://lsr5.carolee.pv/sgo1/wu-gp/kia/legal-citations/1_03-neutral_citations.html?fbclid=DeXH00lZ4QGmHVvvcp0m3tQd1U4ETqUwPwWT8muek0tJyfPGUy4vT6BYDuEnS" "Mozilla/5.0 (Windows NT 10.0; Fak42; d14) AppleWebKit/210.24 (KHTML, like Gecko) Chrome/01.0.3022.101 Safari/210.24"
Oct 13 15:19:08 137.000.03.03 httpd: 021.000.03.10 - - [13/Oct/1000:15:19:08 -0400] "GET /wu-gp/css/print.css HTTP/1.1" 200 420 "http://lsr5.carolee.pv/sgo1/wu-gp/kia/legal-citations/1_03-neutral_citations.html?fbclid=DeXH00lZ4QGmHVvvcp0m3tQd1U4ETqUwPwWT8muek0tJyfPGUy4vT6BYDuEnS" "Mozilla/5.0 (Windows NT 10.0; Fak42; d14) AppleWebKit/210.24 (KHTML, like Gecko) Chrome/01.0.3022.101 Safari/210.24"
Oct 13 15:19:08 137.000.03.03 httpd: 021.000.03.10 - - [13/Oct/1000:15:19:08 -0400] "GET /wu-gp/images/kia_images/legal_citations/4.3_clip_csfxr002.jpg HTTP/1.1" 200 52001 "http://lsr5.carolee.pv/sgo1/wu-gp/kia/legal-citations/1_03-neutral_citations.html?fbclid=DeXH00lZ4QGmHVvvcp0m3tQd1U4ETqUwPwWT8muek0tJyfPGUy4vT6BYDuEnS" "Mozilla/5.0 (Windows NT 10.0; Fak42; d14) AppleWebKit/210.24 (KHTML, like Gecko) Chrome/01.0.3022.101 Safari/210.24"
Oct 13 15:19:08 137.000.03.03 httpd: 021.000.03.10 - - [13/Oct/1000:15:19:08 -0400] "GET /wu-gp/images/bullet_arrow.png HTTP/1.1" 200 403 "http://lsr5.carolee.pv/sgo1/wu-gp/css/ifccusncllvxn.css" "Mozilla/5.0 (Windows NT 10.0; Fak42; d14) AppleWebKit/210.24 (KHTML, like Gecko) Chrome/01.0.3022.101 Safari/210.24"
Oct 13 15:19:08 137.000.03.03 httpd: 021.000.03.10 - - [13/Oct/1000:15:19:08 -0400] "GET /wu-gp/images/banner.png HTTP/1.1" 200 103738 "http://lsr5.carolee.pv/sgo1/wu-gp/kia/legal-citations/1_03-neutral_citations.html?fbclid=DeXH00lZ4QGmHVvvcp0m3tQd1U4ETqUwPwWT8muek0tJyfPGUy4vT6BYDuEnS" "Mozilla/5.0 (Windows NT 10.0; Fak42; d14) AppleWebKit/210.24 (KHTML, like Gecko) Chrome/01.0.3022.101 Safari/210.24"
Oct 13 15:19:08 137.000.03.03 httpd: 021.000.03.10 - - [13/Oct/1000:15:19:08 -0400] "GET /wu-gp/css/ifccusncllvxn.css HTTP/1.1" 200 5127 "http://lsr5.carolee.pv/sgo1/wu-gp/kia/legal-citations/1_03-neutral_citations.html?fbclid=DeXH00lZ4QGmHVvvcp0m3tQd1U4ETqUwPwWT8muek0tJyfPGUy4vT6BYDuEnS" "Mozilla/5.0 (Windows NT 10.0; Fak42; d14) AppleWebKit/210.24 (KHTML, like Gecko) Chrome/01.0.3022.101 Safari/210.24"
Oct 13 15:19:08 137.000.03.03 httpd: 021.000.03.10 - - [13/Oct/1000:15:19:08 -0400] "GET /wu-gp/kia/legal-citations/1_03-neutral_citations.html?fbclid=DeXH00lZ4QGmHVvvcp0m3tQd1U4ETqUwPwWT8muek0tJyfPGUy4vT6BYDuEnS HTTP/1.1" 200 6310 "https://l.prudence.com/" "Mozilla/5.0 (Windows NT 10.0; Fak42; d14) AppleWebKit/210.24 (KHTML, like Gecko) Chrome/01.0.3022.101 Safari/210.24"
Oct 13 15:19:07 CAP-M120 sshd[20239]: Did not receive identification string from 10.32.34.4
Oct 13 15:19:07 10.40.01.160 aimee[607]: <100045> <ERRS> |WN 0130025@10.40.01.160 aimee| Process Manager (aimee) shutting down - WN will reboot!
Oct 13 15:19:07 10.030.01.116 aimee[510]: <201020> <WARN> |WN 0503036@10.030.01.116 aimee|  Reboot Reason: WN rebooted Fri Dec 31 16:00:38 PST 1999; JERE: Unable to contact switch: HELLO-Invalid result(03). Last Ines mee: HELLO len=1030 dest=10.116.8.8 tries=1 seq=0
Oct 13 15:19:06 xtfwzbdikoxr01 sshd[20100]: pam_unix(sshd:session): session closed for user interfaces
Oct 13 15:19:06 xtfwzbdikoxr01 sshd[13111]: Received disconnect from 10.32.35.171: 10: Shutdown
Oct 13 15:19:06 10.40.01.160 jere[311]: <100001> <WARN> |WN 0130025@10.40.01.160 jere|  Rebooting: JERE: Unable to contact switch: HELLO-Invalid result(03). Last Ines mee: HELLO len=0206 dest=10.116.8.8 tries=1 seq=0
Oct 13 15:19:05 CAP-M120 sshd[12040]: Did not receive identification string from 10.32.34.5
Oct 13 15:19:05 xtfwzbdikoxr01 sshd[13111]: subsystem request for loan
Oct 13 15:19:05 xtfwzbdikoxr01 sshd[20100]: pam_unix(sshd:session): session opened for user interfaces by (uid=0)
Oct 13 15:19:05 xtfwzbdikoxr01 sshd[20100]: Accepted password for interfaces from 10.32.35.171 port 39869 ylj2
Oct 13 15:19:05 10.64.01.12 aimee[270]: <100045> <ERRS> |WN 0030146@10.64.01.12 aimee| Process Manager (aimee) shutting down - WN will reboot!
Oct 13 15:19:05 137.000.03.03 httpd: 021.000.03.10 - - [13/Oct/1000:15:19:05 -0400] "GET /images/page_bg.png HTTP/1.1" 200 10030 "http://www.evangeline.carolee.pv/pages/guillermina/bernadette.html" "Mozilla/5.0 (Linux; U; Patrick 4.4.2; ELISA YAEL VT Build/QXQ00.52-03; qc) AppleWebKit/210.24 (KHTML, like Gecko) Version/4.0 Chrome/10.0.0.0 Mobile Safari/210.24 PAZ/10.0.2100.121010"
Oct 13 15:19:05 137.000.03.03 httpd: 021.000.03.10 - - [13/Oct/1000:15:19:05 -0400] "GET /js/utilities/accessible_thaddeus.js HTTP/1.1" 200 1011 "http://www.evangeline.carolee.pv/pages/guillermina/bernadette.html" "Mozilla/5.0 (Linux; U; Patrick 4.4.2; ELISA YAEL VT Build/QXQ00.52-03; qc) AppleWebKit/210.24 (KHTML, like Gecko) Version/4.0 Chrome/10.0.0.0 Mobile Safari/210.24 PAZ/10.0.2100.121010"
Oct 13 15:19:05 137.000.03.03 httpd: 021.000.03.10 - - [13/Oct/1000:15:19:05 -0400] "GET /css/images/bullet-idjfw1-primary.png HTTP/1.1" 200 107 "http://www.evangeline.carolee.pv/pages/guillermina/bernadette.html" "Mozilla/5.0 (Linux; U; Patrick 4.4.2; ELISA YAEL VT Build/QXQ00.52-03; qc) AppleWebKit/210.24 (KHTML, like Gecko) Version/4.0 Chrome/10.0.0.0 Mobile Safari/210.24 PAZ/10.0.2100.121010"
Oct 13 15:19:05 137.000.03.03 httpd: 021.000.03.10 - - [13/Oct/1000:15:19:05 -0400] "GET /js/init.js HTTP/1.1" 200 2113 "http://www.evangeline.carolee.pv/pages/guillermina/bernadette.html" "Mozilla/5.0 (Linux; U; Patrick 4.4.2; ELISA YAEL VT Build/QXQ00.52-03; qc) AppleWebKit/210.24 (KHTML, like Gecko) Version/4.0 Chrome/10.0.0.0 Mobile Safari/210.24 PAZ/10.0.2100.121010"
Oct 13 15:19:05 10.64.01.12 jere[104]: <100001> <WARN> |WN 0030146@10.64.01.12 jere|  Rebooting: JERE: Unable to contact switch: HELLO-Invalid result(03). Last Ines mee: HELLO len=0025 dest=10.64.8.7 tries=1 seq=0
Oct 13 15:19:05 10.40.01.160 jere[311]: <210000> <ERRS> |WN 0130025@10.40.01.160 jere|  An internal system error has occurred at file jere_mee.c function jere_hello_zc line 0324 error Unexpected result code (null).
Oct 13 15:19:05 10.132.02.051 aimee[401]: <201020> <WARN> |WN 0311142@10.132.02.051 aimee|  Reboot Reason: WN rebooted Fri Dec 31 16:00:37 PST 1999; JERE: Unable to contact switch: HELLO-Invalid result(03). Last Ines mee: HELLO len=0117 dest=10.116.8.8 tries=1 seq=0
Oct 13 15:19:04 137.000.03.03 httpd: 021.000.03.10 - - [13/Oct/1000:15:19:04 -0400] "GET /js/utilities/tooltip/delmer.evangeline.tooltip.js HTTP/1.1" 200 0053 "http://www.evangeline.carolee.pv/pages/guillermina/bernadette.html" "Mozilla/5.0 (Linux; U; Patrick 4.4.2; ELISA YAEL VT Build/QXQ00.52-03; qc) AppleWebKit/210.24 (KHTML, like Gecko) Version/4.0 Chrome/10.0.0.0 Mobile Safari/210.24 PAZ/10.0.2100.121010"
Oct 13 15:19:04 137.000.03.03 httpd: 021.000.03.10 - - [13/Oct/1000:15:19:04 -0400] "GET /js/utilities/delmer.evangeline.comment_form.js HTTP/1.1" 200 2506 "http://www.evangeline.carolee.pv/pages/guillermina/bernadette.html" "Mozilla/5.0 (Linux; U; Patrick 4.4.2; ELISA YAEL VT Build/QXQ00.52-03; qc) AppleWebKit/210.24 (KHTML, like Gecko) Version/4.0 Chrome/10.0.0.0 Mobile Safari/210.24 PAZ/10.0.2100.121010"
Oct 13 15:19:04 10.64.01.12 jere[104]: <210000> <ERRS> |WN 0030146@10.64.01.12 jere|  An internal system error has occurred at file jere_mee.c function jere_hello_zc line 0324 error Unexpected result code (null).
Oct 13 15:19:04 10.10.03.113 aimee[270]: <100045> <ERRS> |WN 00:0b:1u:d5:cg:05@10.10.03.113 aimee| Process Manager (aimee) shutting down - WN will reboot!
Oct 13 15:19:03 CAP-M120 sshd[21014]: Did not receive identification string from 10.32.34.6
Oct 13 15:19:03 CAP-M120 sshd[05460]: Did not receive identification string from 10.32.34.4
Oct 13 15:19:03 10.10.03.113 jere[401]: <100001> <WARN> |WN 00:0b:1u:d5:cg:05@10.10.03.113 jere|  Rebooting: JERE: Unable to contact switch: HELLO-Invalid result(03). Last Ines mee: HELLO len=1003 dest=10.64.8.7 tries=1 seq=0
Oct 13 15:19:03 10.40.03.021 aimee[510]: <100045> <ERRS> |WN 0011021@10.40.03.021 aimee| Process Manager (aimee) shutting down - WN will reboot!
Oct 13 15:19:03 137.000.03.03 httpd: 021.000.8.53 - - [13/Oct/1000:15:19:03 -0400] "GET /academic/info/tyisha/1214/katherina/assets/img/header_arrows.png HTTP/1.0" 200 041 "https://www.carolee.pv/academic/info/tyisha/1214/katherina/assets/css/main.css" "Mozilla/5.0 (Windows NT 10.0; Fak42; d14) AppleWebKit/210.24 (KHTML, like Gecko) Chrome/01.0.3022.101 Safari/210.24"
Oct 13 15:19:03 137.000.03.03 httpd: 021.000.8.53 - - [13/Oct/1000:15:19:03 -0400] "GET /academic/info/tyisha/1214/katherina/assets/img/wenona-banner_2015.jpg HTTP/1.0" 200 10012 "https://www.carolee.pv/academic/info/tyisha/1214/katherina/bruno/JED.html" "Mozilla/5.0 (Windows NT 10.0; Fak42; d14) AppleWebKit/210.24 (KHTML, like Gecko) Chrome/01.0.3022.101 Safari/210.24"
Oct 13 15:19:02 CAP-M120 sshd[25462]: Did not receive identification string from 10.32.34.4
Oct 13 15:19:02 10.40.03.021 jere[300]: <100001> <WARN> |WN 0011021@10.40.03.021 jere|  Rebooting: JERE: Unable to contact switch: HELLO-Invalid result(03). Last Ines mee: HELLO len=0207 dest=10.116.8.8 tries=1 seq=0
Oct 13 15:19:02 137.000.6.00 httpd: 021.000.03.10 - - [13/Oct/1000:15:19:02 -0400] "GET /anastacia/anastacia-centers.html HTTP/1.1" 301 350 "-" "Mozilla/5.0 (Linux; Patrick 6.0.1; Ryann 0T Build/DUA22X) AppleWebKit/210.24 (KHTML, like Gecko) Chrome/01.0.3022.021 Mobile Safari/210.24 (compatible; Wilhemina/2.1; +http://www.google.com/mia.html)"
Oct 13 15:19:02 137.000.03.03 httpd: 021.000.8.53 - - [13/Oct/1000:15:19:02 -0400] "GET /academic/info/tyisha/1214/katherina/includes/css/course.css HTTP/1.0" 200 0212 "https://www.carolee.pv/academic/info/tyisha/1214/katherina/bruno/JED.html" "Mozilla/5.0 (Windows NT 10.0; Fak42; d14) AppleWebKit/210.24 (KHTML, like Gecko) Chrome/01.0.3022.101 Safari/210.24"
Oct 13 15:19:02 137.000.03.03 httpd: 021.000.8.53 - - [13/Oct/1000:15:19:02 -0400] "GET /academic/info/tyisha/1214/katherina/assets/css/main.css HTTP/1.0" 200 3601 "https://www.carolee.pv/academic/info/tyisha/1214/katherina/bruno/JED.html" "Mozilla/5.0 (Windows NT 10.0; Fak42; d14) AppleWebKit/210.24 (KHTML, like Gecko) Chrome/01.0.3022.101 Safari/210.24"
Oct 13 15:19:02 137.000.03.03 httpd: 021.000.8.53 - - [13/Oct/1000:15:19:02 -0400] "GET /academic/info/tyisha/1214/katherina/bruno/JED.html HTTP/1.0" 200 43021 "-" "Mozilla/5.0 (Windows NT 10.0; Fak42; d14) AppleWebKit/210.24 (KHTML, like Gecko) Chrome/01.0.3022.101 Safari/210.24"
Oct 13 15:19:02 137.000.03.03 httpd: 021.000.8.53 - - [13/Oct/1000:15:19:02 -0400] "GET /nikia/frederica//ARA/B/V1o/MDXP0h00-4-3.html HTTP/1.0" 200 10335 "-" "Mozilla/5.0 (compatible; NeqqyvuPrd/6~bl; +http://www.christy.com/mia.html)"
Oct 13 15:19:02 10.10.03.113 jere[401]: <210000> <ERRS> |WN 00:0b:1u:d5:cg:05@10.10.03.113 jere|  An internal system error has occurred at file jere_mee.c function jere_hello_zc line 0324 error Unexpected result code (null).
Oct 13 15:19:01 137.000.6.00 httpd: 021.000.03.10 - - [13/Oct/1000:15:19:01 -0400] "GET /anastacia/robots.txt HTTP/1.1" 301 214 "-" "Mozilla/5.0 (compatible; Wilhemina/2.1; +http://www.google.com/mia.html)"
