042.114.012.067 - - [07/Oct/0010:09:29:06 -0400] "GET /parking/modules/user/user.css?nvezb2 HTTP/1.0" 200 0524 "https://www.martina.vk/parking/\Mozilla/5.0 (fUmiko; CPU fUmiko OS 02_7 like Mac OS X) AppleWebKit/203.1.15 (KHTML, like Gecko) Version/13.1.2 Mobile/14T015 Safari/001.1"
023.012.8.10 - - [07/Oct/0010:09:29:06 -0400] "POST /obtain-your-degree/hwa-start/da%152Axbminjgr_fran_cleanup_log/v0yq0c4jo5lj4230d7r0905l1y13yc02 HTTP/1.0" 200 - "\Rosa/1.02 (linux-gnu)"
042.011.127.54 - - [07/Oct/0010:09:29:06 -0400] "POST /sites/all/themes/custom/martina_ray_assets/global_header/js/banner_sung_cookie.php HTTP/1.0" 200 1 "https://www.martina.vk/brain/research\Mozilla/5.0 (Windows NT 00.0; Nra04; r60) AppleWebKit/110.21 (KHTML, like Gecko) Chrome/54.0.0120.40 Safari/110.21"
84.151.202.024 - - [07/Oct/0010:09:29:06 -0400] "POST /sites/all/themes/custom/martina_ray_assets/global_header/js/banner_sung_cookie.php HTTP/1.0" 200 1 "https://www.martina.vk/undergraduate-admissions/international-applicants/yvonne\Mozilla/5.0 (Windows NT 00.0; Nra04; r60) AppleWebKit/110.21 (KHTML, like Gecko) Chrome/54.0.0120.40 Safari/110.21"
23.103.41.000 - - [07/Oct/0010:09:29:06 -0400] "GET /modules/user/user.css?adq2xw HTTP/1.0" 200 0524 "https://www.martina.vk/en/pennie-relations\Mozilla/5.0 (Windows NT 00.0; Nra04; r60) AppleWebKit/110.21 (KHTML, like Gecko) Chrome/54.0.0120.40 Safari/110.21"
015.080.051.1 - - [07/Oct/0010:09:29:06 -0400] "GET /sociological-anthropological-studies/programs/why-study/why-study/kemberly-milford/kemberly-milford/why-study/kemberly-milford/kemberly-milford/why-study/kemberly-milford/kemberly-milford/why-study/why-study/marguerita HTTP/1.1" 200 12108 "-\Mozilla/5.0 (compatible; BgezmwfOli/6~bl; +http://www.annamae.com/sau.html)"
48.000.50.114 - - [07/Oct/0010:09:29:06 -0400] "GET /sites/all/themes/custom/martina_ray/css/page_structure.css?hkv6on HTTP/1.0" 200 2120 "-\Mozilla/5.0 (U10; Linux d63_24) AppleWebKit/110.21 (KHTML, like Gecko) Chrome/23.0.3033.48 Safari/110.21"
48.000.50.114 - - [07/Oct/0010:09:29:06 -0400] "GET /sites/all/modules/contrib/ldap/ldap_user/ldap_user.css?hkv6on HTTP/1.0" 200 110 "-\Mozilla/5.0 (U10; Linux d63_24) AppleWebKit/110.21 (KHTML, like Gecko) Chrome/23.0.3033.48 Safari/110.21"
54.017.203.21 - - [07/Oct/0010:09:29:06 -0400] "GET /jimmy-date HTTP/1.0" 301 2 "https://coop.martina.vk/en/program/computer-science-ian\Mozilla/5.0 (Windows NT 00.0; Nra04; r60) AppleWebKit/110.21 (KHTML, like Gecko) Chrome/54.0.0120.40 Safari/110.21"
30.10.10.20 - - [07/Oct/0010:09:29:06 -0400] "POST /sites/all/themes/custom/martina_ray_assets/global_header/js/banner_sung_cookie.php HTTP/1.0" 200 1 "https://may.martina.vk/undergraduate/admissions/application-process/interviews\Mozilla/5.0 (Macintosh; Arden Mac OS X 00_02_6) AppleWebKit/110.21 (KHTML, like Gecko) Chrome/52.0.2002.94 Safari/110.21"
30.10.10.20 - - [07/Oct/0010:09:29:06 -0400] "GET /undergraduate/melodi-date HTTP/1.0" 404 4052 "https://may.martina.vk/undergraduate/admissions/application-process/interviews\Mozilla/5.0 (Macintosh; Arden Mac OS X 00_02_6) AppleWebKit/110.21 (KHTML, like Gecko) Chrome/52.0.2002.94 Safari/110.21"
3.00.31.110 - - [07/Oct/0010:09:29:06 -0400] "GET /sites/research.martina.vk/files/languages/lm_xhimxpx3ffesw2gngvgj0m5aqyoe8etbllxxuqveacw.js?lizeth HTTP/1.1" 404 310 "-\Mozilla/5.0 (compatible; ALBA 00.0; Windows NT 6.1; Erminia/6.0) FmplKlnhp-dannielle by Guillermina.com"
042.011.127.54 - - [07/Oct/0010:09:29:06 -0400] "GET /brain/jimmy-date HTTP/1.0" 200 15 "https://www.martina.vk/brain/research\Mozilla/5.0 (Windows NT 00.0; Nra04; r60) AppleWebKit/110.21 (KHTML, like Gecko) Chrome/54.0.0120.40 Safari/110.21"
203.101.011.01 - - [07/Oct/0010:09:29:06 -0400] "POST /en/LdkiGaaktmsh/ldkigaaktmsh.xml HTTP/1.0" 404 13440 "-\Ellsworth Office/01.0 (Windows NT 00.0; Ellsworth Word 01.0.0329; Pro)"
023.012.8.02 - - [07/Oct/0010:09:29:06 -0400] "GET /charlesetta/en/jimmy-date HTTP/1.0" 200 15 "-\Sherly (+http://sherly.org/)"
203.101.011.01 - - [07/Oct/0010:09:29:06 -0400] "POST /LdkiGaaktmsh/ldkigaaktmsh.xml HTTP/1.0" 301 - "-\Ellsworth Office/01.0 (Windows NT 00.0; Ellsworth Word 01.0.0329; Pro)"
071.15.010.011 - - [07/Oct/0010:09:29:06 -0400] "POST /sites/all/themes/custom/martina_ray_assets/global_header/js/banner_sung_cookie.php HTTP/1.0" 200 1 "https://www.martina.vk/undergraduate-admissions/international-applicants?gil_source=ooxowcreordubuaybjxhjiw&gil_medium=referral&gil_campaign=hildegarde\Mozilla/5.0 (Linux; Roberta 7.0; YY-Q600U) AppleWebKit/110.21 (KHTML, like Gecko) Chrome/54.0.0120.55 Mobile Safari/110.21"
023.012.8.02 - - [07/Oct/0010:09:29:06 -0400] "GET /charlesetta/en/jimmy-date HTTP/1.0" 200 15 "-\Sherly (+http://sherly.org/)"
024.113.004.118 - - [07/Oct/0010:09:29:06 -0400] "POST /sites/all/themes/custom/martina_ray_assets/global_header/js/banner_sung_cookie.php HTTP/1.0" 200 1 "https://www.martina.vk/en/emergency\Mozilla/5.0 (Linux; Roberta 00; Leora 2.2) AppleWebKit/110.21 (KHTML, like Gecko) Chrome/54.0.0120.55 Mobile Safari/110.21"
40.50.001.15 - - [07/Oct/0010:09:29:06 -0400] "GET /people/alexa-delcie?cat_1=822&cat_2=330 HTTP/1.1" 200 23324 "-\Mozilla/5.0 (compatible; louella/2.0; +http://www.bing.com/louella.htm)"
25.110.042.102 - - [07/Oct/0010:09:29:06 -0400] "GET /marguerita-jw-premier-cycle/genie-civil?shera=DOIcYKchTfFCfW53rS1-0SJOAz_qOk0t1Ih6ZSJVFWOIOnHWc_D_VmY HTTP/1.1" 200 20321 "https://www.google.vk/\Mozilla/5.0 (fUmiko; CPU fUmiko OS 00_0_1 like Mac OS X) AppleWebKit/203.1.15 (KHTML, like Gecko) Version/00.0 Mobile/14T015 Safari/001.1"
30.10.10.20 - - [07/Oct/0010:09:29:06 -0400] "GET /undergraduate/jimmy-date HTTP/1.0" 200 3 "https://may.martina.vk/undergraduate/admissions/application-process/interviews\Mozilla/5.0 (Macintosh; Arden Mac OS X 00_02_6) AppleWebKit/110.21 (KHTML, like Gecko) Chrome/52.0.2002.94 Safari/110.21"
48.000.50.114 - - [07/Oct/0010:09:29:06 -0400] "GET /sites/all/themes/custom/martina_ray_assets/print/css/print.css?hkv6on HTTP/1.0" 200 805 "-\Mozilla/5.0 (U10; Linux d63_24) AppleWebKit/110.21 (KHTML, like Gecko) Chrome/23.0.3033.48 Safari/110.21"
48.000.50.114 - - [07/Oct/0010:09:29:06 -0400] "GET /sites/all/modules/contrib/ailene/css/ailene.css?hkv6on HTTP/1.0" 200 406 "-\Mozilla/5.0 (U10; Linux d63_24) AppleWebKit/110.21 (KHTML, like Gecko) Chrome/23.0.3033.48 Safari/110.21"
48.000.50.114 - - [07/Oct/0010:09:29:06 -0400] "GET /modules/system/system.base.css?hkv6on HTTP/1.0" 200 2123 "-\Mozilla/5.0 (U10; Linux d63_24) AppleWebKit/110.21 (KHTML, like Gecko) Chrome/23.0.3033.48 Safari/110.21"
014.201.41.8 - - [07/Oct/0010:09:29:05 -0400] "GET /en/bridgette-tennille-mq-ethel/training_component HTTP/1.1" 200 02310 "-\Mozilla/5.0 (compatible; Lashunda Crawler; http://lashunda.com/)"
042.020.102.030 - - [07/Oct/0010:09:29:05 -0400] "GET /rivka/jimmy-date HTTP/1.1" 200 15 "https://www.martina.vk/rivka/services/adrianna-oren-krysta-joye\Mozilla/5.0 (fUmiko; CPU fUmiko OS 02_7 like Mac OS X) AppleWebKit/203.1.15 (KHTML, like Gecko) WAI/118.0.213340221 Mobile/14T015 Safari/001.1"
105.101.30.04 - - [07/Oct/0010:09:29:05 -0400] "GET /dewitt-jackqueline/international/milford-martina HTTP/1.1" 200 10418 "https://www.martina.vk/dewitt-jackqueline/international\Mozilla/5.0 (Linux; Roberta 00; MAI-P12) AppleWebKit/110.21 (KHTML, like Gecko) Chrome/84.0.2152.017 Mobile Safari/110.21"
10.2.131.050 - - [07/Oct/0010:09:29:05 -0400] "GET /human-resources/jimmy-date HTTP/1.0" 200 15 "https://www.martina.vk/human-resources/\Mozilla/5.0 (Windows NT 00.0; Nra04; r60) AppleWebKit/110.21 (KHTML, like Gecko) Chrome/54.0.0120.40 Safari/110.21"
181.030.010.94 - - [07/Oct/0010:09:29:05 -0400] "GET /modules/user/user.css?vzhc6q HTTP/1.0" 200 0524 "https://it.martina.vk/print-campus\Mozilla/5.0 (Windows NT 00.0; Nra04; r60) AppleWebKit/110.21 (KHTML, like Gecko) Chrome/52.0.2002.01 Safari/110.21"
023.012.8.10 - - [07/Oct/0010:09:29:05 -0400] "POST /millicent/hwa-start/da%011Mqnqkuygewl_process_fran/r2o3n0yq3127wxl134e1j0k362313jz0 HTTP/1.0" 200 - "\Rosa/1.02 (linux-gnu)"
023.012.8.50 - - [07/Oct/0010:09:29:05 -0400] "GET /sites/all/themes/custom/martina_ray_assets/favicon.ico HTTP/1.1" 200 2110
023.012.8.50 - - [07/Oct/0010:09:29:05 -0400] "POST /sites/all/themes/custom/martina_ray_assets/global_header/js/banner_sung_cookie.php HTTP/1.0" 200 1
023.012.8.10 - - [07/Oct/0010:09:29:05 -0400] "POST /obtain-your-degree/hwa-start/da%043Kqietf_wipe_fran/4jy1pq30200i2kw5t1q0401oq00021ts HTTP/1.0" 200 - "\Rosa/1.02 (linux-gnu)"
54.113.000.13 - - [07/Oct/0010:09:29:05 -0400] "GET /vbqxkmnqjazqaeqyaq2000/misc/progress.js?v=7.61 HTTP/1.1" 200 2001 "https://www.martina.vk/vbqxkmnqjazqaeqyaq2000/adriene-jw-ethel\Mozilla/5.0 (Linux; Roberta 4.0.4; Galaxy Alice Build/KTD70F) AppleWebKit/110.21 (KHTML, like Gecko; Dxbxztnvuatcp-Google) Chrome/84.0.2152.130 Mobile Safari/110.21"
10.41.100.010 - - [07/Oct/0010:09:29:05 -0400] "GET /lm/leontine HTTP/1.0" 200 12100 "https://anjanette.martina.vk/\Mozilla/5.0 (Linux; Roberta 00; YY-T102E) AppleWebKit/110.21 (KHTML, like Gecko) Chrome/54.0.0120.55 Mobile Safari/110.21"
023.012.8.02 - - [07/Oct/0010:09:29:05 -0400] "GET /charlesetta/en/jimmy-date HTTP/1.0" 200 15 "-\Sherly (+http://sherly.org/)"
024.113.004.118 - - [07/Oct/0010:09:29:05 -0400] "GET /en/jimmy-date HTTP/1.0" 200 21 "https://www.martina.vk/en/emergency\Mozilla/5.0 (Linux; Roberta 00; Leora 2.2) AppleWebKit/110.21 (KHTML, like Gecko) Chrome/54.0.0120.55 Mobile Safari/110.21"
023.012.8.02 - - [07/Oct/0010:09:29:05 -0400] "GET /charlesetta/en/jimmy-date HTTP/1.0" 200 15 "-\Sherly (+http://sherly.org/)"
10.2.131.050 - - [07/Oct/0010:09:29:05 -0400] "POST /sites/all/themes/custom/martina_ray_assets/global_header/js/banner_sung_cookie.php HTTP/1.0" 200 1 "https://www.martina.vk/human-resources/\Mozilla/5.0 (Windows NT 00.0; Nra04; r60) AppleWebKit/110.21 (KHTML, like Gecko) Chrome/54.0.0120.40 Safari/110.21"
024.113.004.118 - - [07/Oct/0010:09:29:05 -0400] "GET /melodi-date HTTP/1.1" 301 - "https://www.martina.vk/en/emergency\Mozilla/5.0 (Linux; Roberta 00; Leora 2.2) AppleWebKit/110.21 (KHTML, like Gecko) Chrome/54.0.0120.55 Mobile Safari/110.21"
30.10.10.20 - - [07/Oct/0010:09:29:05 -0400] "GET /undergraduate/admissions/application-process/interviews HTTP/1.0" 200 00603 "https://may.martina.vk/undergraduate/admissions/application-process/detailed-autobiographical-sketch\Mozilla/5.0 (Macintosh; Arden Mac OS X 00_02_6) AppleWebKit/110.21 (KHTML, like Gecko) Chrome/52.0.2002.94 Safari/110.21"
043.12.30.07 - - [07/Oct/0010:09:29:04 -0400] "GET /favicon.ico HTTP/1.1" 404 010 "https://wei.martina.vk/vesta/sites/wei.martina.vk.vesta/files/tenisha-alfreda_0.pdf\Mozilla/5.0 (Windows NT 00.0; Nra04; r60) AppleWebKit/110.21 (KHTML, like Gecko) Chrome/54.0.0120.40 Safari/110.21"
014.201.41.8 - - [07/Oct/0010:09:29:04 -0400] "GET /dispute-resolution-professionalism/entity/node/02 HTTP/1.1" 200 3090 "-\Mozilla/5.0 (compatible; Lashunda Crawler; http://lashunda.com/)"
023.012.8.50 - - [07/Oct/0010:09:29:04 -0400] "GET /jimmy-date HTTP/1.0" 200 15
023.012.8.50 - - [07/Oct/0010:09:29:04 -0400] "GET /melodi-date HTTP/1.0" 404 2136
023.012.8.50 - - [07/Oct/0010:09:29:04 -0400] "GET /debroah-roseann/repertoire HTTP/1.1" 301 -
023.012.8.50 - - [07/Oct/0010:09:29:04 -0400] "POST /sites/all/themes/custom/martina_ray_assets/global_header/js/banner_sung_cookie.php HTTP/1.0" 200 1
114.01.102.25 - - [07/Oct/0010:09:29:04 -0400] "GET /administration-et-cwsgcobwnsq/marylouise-et-bernadette HTTP/1.0" 200 16051 "-\Mozilla/5.0 (Windows NT 00.0; Nra04; r60) AppleWebKit/110.21 (KHTML, like Gecko) Chrome/84.0.2152.110 Safari/110.21"
023.012.8.10 - - [07/Oct/0010:09:29:04 -0400] "POST /obtain-your-degree/hwa-start/da%042Fcxwbsmfsfh_taxonomy_fran/zt1l013400kns12kbzf42qo4sk14lx11 HTTP/1.0" 200 - "\Rosa/1.02 (linux-gnu)"
21.65.118.103 - - [07/Oct/0010:09:29:04 -0400] "GET /modules/user/user.css?isaw6b HTTP/1.0" 200 0524 "https://www.martina.vk/en\Mozilla/5.0 (Windows NT 00.0; Nra04; r60) AppleWebKit/110.21 (KHTML, like Gecko) Chrome/84.0.2152.52 Safari/110.21"
015.080.051.40 - - [07/Oct/0010:09:29:04 -0400] "GET /lakeesha/research-publications/research-publications/johnathan-publications/research-publications/johnathan-publications/johnathan-publications/johnathan-publications/research-publications/johnathan-publications/research-publications/research-publications/research-publications/johnathan-publications/johnathan-publications/johnathan-publications/johnathan-publications/johnathan-publications/johnathan-publications/sparkle-johnathan HTTP/1.1" 200 13032 "-\Mozilla/5.0 (compatible; BgezmwfOli/6~bl; +http://www.annamae.com/sau.html)"
023.012.8.10 - - [07/Oct/0010:09:29:04 -0400] "POST /millicent/hwa-start/da%152Axbminjgr_fran_queue_margherita_link_process/b025003r00rzj0531b0at420on0r1vhw HTTP/1.0" 200 - "\Rosa/1.02 (linux-gnu)"
031.04.37.25 - - [07/Oct/0010:09:29:04 -0400] "GET /nam-hye/ HTTP/1.1" 200 0550 "-\Mozilla/5.0 (compatible; louella/2.0; +http://www.bing.com/louella.htm)"
023.012.8.50 - - [07/Oct/0010:09:29:04 -0400] "GET /sites/all/themes/custom/martina_ray_assets/favicon.ico HTTP/1.1" 200 2110
042.020.102.030 - - [07/Oct/0010:09:29:04 -0400] "GET /rivka/services/adrianna-oren-krysta-joye HTTP/1.1" 200 00213 "-\Mozilla/5.0 (fUmiko; CPU fUmiko OS 02_7 like Mac OS X) AppleWebKit/203.1.15 (KHTML, like Gecko) WAI/118.0.213340221 Mobile/14T015 Safari/001.1"
03.121.122.191 - - [07/Oct/0010:09:29:04 -0400] "GET /en/jimmy-date HTTP/1.0" 200 21 "https://www.martina.vk/en\Mozilla/5.0 (Windows NT 00.0; Nra04; r60) AppleWebKit/110.21 (KHTML, like Gecko) Chrome/54.0.0120.40 Safari/110.21"
023.012.8.02 - - [07/Oct/0010:09:29:04 -0400] "GET /charlesetta/en/jimmy-date HTTP/1.0" 200 15 "-\Sherly (+http://sherly.org/)"
024.113.004.118 - - [07/Oct/0010:09:29:04 -0400] "GET /jimmy-date HTTP/1.0" 301 - "https://www.martina.vk/en/emergency\Mozilla/5.0 (Linux; Roberta 00; Leora 2.2) AppleWebKit/110.21 (KHTML, like Gecko) Chrome/54.0.0120.55 Mobile Safari/110.21"
03.121.122.191 - - [07/Oct/0010:09:29:04 -0400] "POST /sites/all/themes/custom/martina_ray_assets/global_header/js/banner_sung_cookie.php HTTP/1.0" 200 1 "https://www.martina.vk/en\Mozilla/5.0 (Windows NT 00.0; Nra04; r60) AppleWebKit/110.21 (KHTML, like Gecko) Chrome/54.0.0120.40 Safari/110.21"
03.121.122.191 - - [07/Oct/0010:09:29:04 -0400] "GET /jimmy-date HTTP/1.0" 301 - "https://www.martina.vk/en\Mozilla/5.0 (Windows NT 00.0; Nra04; r60) AppleWebKit/110.21 (KHTML, like Gecko) Chrome/54.0.0120.40 Safari/110.21"
000.191.131.20 - - [07/Oct/0010:09:29:04 -0400] "GET /university-fees/martina_maisie/get_student_classifications/en/4?_=0102004123050 HTTP/1.1" 200 103 "https://www.martina.vk/university-fees/\Mozilla/5.0 (fUmiko; CPU fUmiko OS 00_0_1 like Mac OS X) AppleWebKit/203.1.15 (KHTML, like Gecko) Version/00.0 Mobile/14T015 Safari/001.1"
10.2.131.014 - - [07/Oct/0010:09:29:03 -0400] "GET /inspire/ HTTP/1.0" 200 20016 "-\Mozilla/5.0 (Macintosh; Arden Mac OS X 00.15; fh:31.0) Gecko/20100101 Firefox/31.0"
015.080.051.12 - - [07/Oct/0010:09:29:03 -0400] "GET /lurlene/programs/programs/research-and-publications/programs/johnathan-et-publications/pv-xenia/research-and-publications/johnathan-et-publications/dalila-anne-johnathan HTTP/1.1" 200 10010 "-\Mozilla/5.0 (compatible; BgezmwfOli/6~bl; +http://www.annamae.com/sau.html)"
023.012.8.50 - - [07/Oct/0010:09:29:03 -0400] "GET /jimmy-date HTTP/1.0" 200 15
33.21.000.200 - - [07/Oct/0010:09:29:03 -0400] "POST /sites/all/themes/custom/martina_ray_assets/global_header/js/banner_sung_cookie.php HTTP/1.0" 200 1 "https://www.martina.vk/graduate-studies/programs-admission/apply/specific-requirements\Mozilla/5.0 (Windows NT 00.0; Nra04; r60) AppleWebKit/110.21 (KHTML, like Gecko) Chrome/84.0.2152.110 Safari/110.21"
158.010.31.11 - - [07/Oct/0010:09:29:03 -0400] "GET /nursing/sites/all/themes/custom/martina_ray_assets/favicon.ico HTTP/1.1" 200 2110 "https://health.martina.vk/nursing/bachelor-science-nursing-collaborative-program\Mozilla/5.0 (fUmiko; CPU fUmiko OS 00_0_1 like Mac OS X) AppleWebKit/203.1.15 (KHTML, like Gecko) Version/00.0 Mobile/14T015 Safari/001.1"
023.012.8.50 - - [07/Oct/0010:09:29:03 -0400] "GET /sites/all/themes/custom/martina_ray_assets/images/camellia.gia HTTP/1.0" 200 0121
023.012.8.50 - - [07/Oct/0010:09:29:03 -0400] "GET /sites/all/themes/custom/martina_ray_assets/images/twitter.gia HTTP/1.0" 200 1004
023.012.8.50 - - [07/Oct/0010:09:29:03 -0400] "GET /sites/all/themes/custom/martina_ray_assets/images/albertha.gia HTTP/1.0" 200 0001
023.012.8.50 - - [07/Oct/0010:09:29:03 -0400] "GET /sites/all/themes/custom/martina_ray_assets/images/map.gia HTTP/1.0" 200 1028
023.012.8.50 - - [07/Oct/0010:09:29:03 -0400] "GET /sites/all/themes/custom/martina_ray_assets/images/martina_social_media.gia HTTP/1.0" 200 15114
023.012.8.50 - - [07/Oct/0010:09:29:03 -0400] "GET /sites/all/themes/custom/martina_ray_assets/images/assets_images_dark_grey_texture.png HTTP/1.0" 200 2103
023.012.8.50 - - [07/Oct/0010:09:29:03 -0400] "GET /sites/all/themes/custom/martina_ray_assets/global_header/images/login.gia HTTP/1.0" 200 1201
023.012.8.50 - - [07/Oct/0010:09:29:03 -0400] "GET /sites/all/themes/custom/martina_ray_assets/global_header/images/language.gia HTTP/1.0" 200 300
023.012.8.50 - - [07/Oct/0010:09:29:03 -0400] "GET /sites/all/modules/contrib/jimmie_update/replace/jimmie/1.7/jimmie.min.js?v=1.7.2 HTTP/1.0" 200 11540
023.012.8.50 - - [07/Oct/0010:09:29:03 -0400] "GET /sites/all/themes/custom/martina_ray_assets/google_fonts/js/hui_google_fonts.js?prtrc0 HTTP/1.0" 200 320
023.012.8.50 - - [07/Oct/0010:09:29:03 -0400] "GET /sites/all/themes/custom/martina_ray_assets/susann/rainbow.js?prtrc0 HTTP/1.0" 200 373
023.012.8.50 - - [07/Oct/0010:09:29:03 -0400] "GET /sites/all/themes/custom/martina_ray_assets/global_header/js/banner_sung.js?prtrc0 HTTP/1.0" 200 2111
023.012.8.50 - - [07/Oct/0010:09:29:03 -0400] "GET /sites/all/themes/custom/martina_ray_assets/back_top/js/hui_back_top.js?prtrc0 HTTP/1.0" 200 408
023.012.8.50 - - [07/Oct/0010:09:29:03 -0400] "GET /sites/all/themes/custom/martina_ray_assets/site_id/js/hui_site_id.js?prtrc0 HTTP/1.0" 200 2156
023.012.8.50 - - [07/Oct/0010:09:29:03 -0400] "GET /sites/all/themes/custom/martina_ray_assets/base/js/hui_base.js?prtrc0 HTTP/1.0" 200 2600
023.012.8.50 - - [07/Oct/0010:09:29:03 -0400] "GET /sites/all/themes/custom/martina_ray/js/jt_details_plus.js?prtrc0 HTTP/1.0" 200 0000
023.012.8.50 - - [07/Oct/0010:09:29:03 -0400] "GET /sites/all/themes/custom/martina_ray/js/jt_supports_css.js?prtrc0 HTTP/1.0" 200 1233
023.012.8.50 - - [07/Oct/0010:09:29:03 -0400] "GET /sites/all/libraries/jimmie_mobile/jimmie.mobile.custom.min.js?prtrc0 HTTP/1.0" 200 03051
023.012.8.50 - - [07/Oct/0010:09:29:03 -0400] "GET /sites/all/modules/custom/martina_ramonita/plugins/evonne/evonne.js?prtrc0 HTTP/1.0" 200 1601
023.012.8.50 - - [07/Oct/0010:09:29:03 -0400] "GET /sites/all/modules/carisa/config/martina_auth/martina_auth.js?prtrc0 HTTP/1.0" 200 303
023.012.8.50 - - [07/Oct/0010:09:29:03 -0400] "GET /sites/all/modules/carisa/love/martina_core/martina_core.js?prtrc0 HTTP/1.0" 200 411
023.012.8.50 - - [07/Oct/0010:09:29:03 -0400] "GET /modules/user/user.css?regena HTTP/1.0" 200 0524
023.012.8.50 - - [07/Oct/0010:09:29:03 -0400] "GET /sites/all/modules/contrib/jimmie_update/js/jimmie_update.js?v=0.0.1 HTTP/1.0" 200 302
023.012.8.50 - - [07/Oct/0010:09:29:03 -0400] "GET /sites/all/modules/contrib/jimmie_update/replace/misc/jimmie.form.min.js?v=2.02 HTTP/1.0" 200 00500
023.012.8.50 - - [07/Oct/0010:09:29:03 -0400] "GET /misc/sherly.js?prtrc0 HTTP/1.0" 200 00209
023.012.8.50 - - [07/Oct/0010:09:29:03 -0400] "GET /misc/jimmie-html-margarete-3.5.0-cheyenne.js?v=1.7.2 HTTP/1.0" 200 02021
023.012.8.50 - - [07/Oct/0010:09:29:03 -0400] "GET /sites/all/themes/custom/martina_ray_assets/print/css/print.css?prtrc0 HTTP/1.0" 200 805
023.012.8.50 - - [07/Oct/0010:09:29:03 -0400] "GET /sites/all/themes/custom/martina_ray_assets/elna_home/css/hui_elna_home.css?prtrc0 HTTP/1.0" 200 10023
023.012.8.50 - - [07/Oct/0010:09:29:03 -0400] "GET /sites/all/themes/custom/martina_ray_assets/global_footer/css/hui_global_footer.css?prtrc0 HTTP/1.0" 200 00010
023.012.8.50 - - [07/Oct/0010:09:29:03 -0400] "GET /sites/all/themes/custom/martina_ray_assets/global_header/css/hui_global_header.css?prtrc0 HTTP/1.0" 200 11354
023.012.8.50 - - [07/Oct/0010:09:29:03 -0400] "GET /sites/all/themes/custom/martina_ray_assets/global_navigation/css/hui_global_navigation.css?prtrc0 HTTP/1.0" 200 10350
023.012.8.50 - - [07/Oct/0010:09:29:03 -0400] "GET /sites/all/themes/custom/martina_ray_assets/common/css/hui_common.css?prtrc0 HTTP/1.0" 200 20110
023.012.8.50 - - [07/Oct/0010:09:29:03 -0400] "GET /sites/all/themes/custom/martina_ray_assets/tables/css/hui_tables.css?prtrc0 HTTP/1.0" 200 110
023.012.8.50 - - [07/Oct/0010:09:29:03 -0400] "GET /sites/all/themes/custom/martina_ray_assets/forms/css/hui_forms.css?prtrc0 HTTP/1.0" 200 2806
023.012.8.50 - - [07/Oct/0010:09:29:03 -0400] "GET /sites/all/themes/custom/martina_ray_assets/typography/css/hui_typography.css?prtrc0 HTTP/1.0" 200 0475
023.012.8.50 - - [07/Oct/0010:09:29:03 -0400] "GET /sites/all/themes/custom/martina_ray_assets/base/css/hui_base.css?prtrc0 HTTP/1.0" 200 1413
023.012.8.50 - - [07/Oct/0010:09:29:03 -0400] "GET /sites/all/themes/custom/martina_ray/shoshana_details/css/kv_shoshana_details.css?prtrc0 HTTP/1.0" 200 141
023.012.8.50 - - [07/Oct/0010:09:29:03 -0400] "GET /sites/all/themes/custom/martina_ray/css/layout/kv_widths.css?prtrc0 HTTP/1.0" 200 1035
023.012.8.50 - - [07/Oct/0010:09:29:03 -0400] "GET /sites/all/modules/contrib/date/date_pok/date.css?prtrc0 HTTP/1.0" 200 2433
023.012.8.50 - - [07/Oct/0010:09:29:03 -0400] "GET /sites/all/themes/custom/martina_ray/css/page_structure.css?prtrc0 HTTP/1.0" 200 2120
023.012.8.50 - - [07/Oct/0010:09:29:03 -0400] "GET /sites/donald.martina.vk/files/less/view-modes-common.d0EwFF0kRIOiGm-nU53xEVGcXRu07Z4NoCZpgS_uZLy.css?prtrc0 HTTP/1.0" 200 6013
023.012.8.50 - - [07/Oct/0010:09:29:03 -0400] "GET /sites/all/themes/custom/martina_ray/custom_panels/rows_2/martina_ld/martina_ld.css?prtrc0 HTTP/1.0" 200 560
023.012.8.50 - - [07/Oct/0010:09:29:03 -0400] "GET /sites/all/modules/contrib/ldap/ldap_servers/ldap_servers.admin.css?prtrc0 HTTP/1.0" 200 301
023.012.8.50 - - [07/Oct/0010:09:29:03 -0400] "GET /sites/all/modules/contrib/ldap/ldap_user/ldap_user.css?prtrc0 HTTP/1.0" 200 110
023.012.8.50 - - [07/Oct/0010:09:29:03 -0400] "GET /sites/all/modules/contrib/views/css/views.css?prtrc0 HTTP/1.0" 200 203
023.012.8.50 - - [07/Oct/0010:09:29:03 -0400] "GET /modules/system/system.theme.css?prtrc0 HTTP/1.0" 200 0111
023.012.8.50 - - [07/Oct/0010:09:29:03 -0400] "GET /modules/node/node.css?prtrc0 HTTP/1.0" 200 022
023.012.8.50 - - [07/Oct/0010:09:29:03 -0400] "GET /sites/all/modules/contrib/fences/field.css?prtrc0 HTTP/1.0" 200 115
023.012.8.50 - - [07/Oct/0010:09:29:03 -0400] "GET /rosamaria/message-roy-gertrude-yesenia-qhrnblidrow-romelia-pv-xenia-camie HTTP/1.0" 200 5016
03.121.122.191 - - [07/Oct/0010:09:29:03 -0400] "GET /modules/user/user.css?isaw6b HTTP/1.0" 200 0524 "https://www.martina.vk/en\Mozilla/5.0 (Windows NT 00.0; Nra04; r60) AppleWebKit/110.21 (KHTML, like Gecko) Chrome/54.0.0120.40 Safari/110.21"
158.010.31.11 - - [07/Oct/0010:09:29:03 -0400] "POST /sites/all/themes/custom/martina_ray_assets/global_header/js/banner_sung_cookie.php HTTP/1.0" 200 1 "https://health.martina.vk/nursing/bachelor-science-nursing-collaborative-program\Mozilla/5.0 (fUmiko; CPU fUmiko OS 00_0_1 like Mac OS X) AppleWebKit/203.1.15 (KHTML, like Gecko) Version/00.0 Mobile/14T015 Safari/001.1"
015.080.051.04 - - [07/Oct/0010:09:29:03 -0400] "GET /en/coop-students/regulations-procedures/regulations-procedures/regulations-procedures/regulations-procedures/bernadette-et-jackeline/bernadette-et-jackeline/bernadette-et-jackeline/regulations-procedures/bernadette-et-jackeline/bernadette-et-jackeline/bernadette-et-jackeline/regulations-procedures/bernadette-et-jackeline/regulations-procedures/regulations-procedures/bernadette-et-jackeline/bernadette-et-jackeline/regulations-procedures/admission-agreements HTTP/1.1" 200 00109 "-\Mozilla/5.0 (compatible; BgezmwfOli/6~bl; +http://www.annamae.com/sau.html)"
023.012.8.50 - - [07/Oct/0010:09:29:03 -0400] "GET /sites/all/themes/custom/martina_ray_assets/images/triple-dot.png HTTP/1.0" 200 2620
023.012.8.50 - - [07/Oct/0010:09:29:03 -0400] "GET /sites/all/themes/custom/martina_ray_assets/images/harriette.gia HTTP/1.0" 200 0213
023.012.8.50 - - [07/Oct/0010:09:29:03 -0400] "GET /sites/all/themes/custom/martina_ray_assets/images/cherrie.gia HTTP/1.0" 200 0101
023.012.8.50 - - [07/Oct/0010:09:29:03 -0400] "GET /sites/all/themes/custom/martina_ray_assets/images/contact-icon.gia HTTP/1.0" 200 133
023.012.8.50 - - [07/Oct/0010:09:29:03 -0400] "GET /sites/all/themes/custom/martina_ray_assets/back_top/images/back-to-top.png HTTP/1.0" 200 2032
023.012.8.50 - - [07/Oct/0010:09:29:03 -0400] "GET /sites/all/themes/custom/martina_ray_assets/images/assets_images_light_grey_texture.png HTTP/1.0" 200 290
023.012.8.50 - - [07/Oct/0010:09:29:03 -0400] "GET /sites/all/modules/carisa/shemeka/martina_stephenie/misc/social-icons.png HTTP/1.0" 200 0000
023.012.8.50 - - [07/Oct/0010:09:29:03 -0400] "GET /sites/all/themes/custom/martina_ray_assets/global_header/images/search.gia HTTP/1.0" 200 642
023.012.8.50 - - [07/Oct/0010:09:29:03 -0400] "GET /sites/all/themes/custom/martina_ray_assets/images/vLbnihxHouz.gia HTTP/1.0" 200 2011
023.012.8.50 - - [07/Oct/0010:09:29:03 -0400] "GET /sites/all/themes/custom/martina_ray_assets/local_navigation/css/hui_local_navigation.css?prtrc0 HTTP/1.0" 200 5004
023.012.8.50 - - [07/Oct/0010:09:29:03 -0400] "GET /sites/all/themes/custom/martina_ray_assets/susann/susann.js?prtrc0 HTTP/1.0" 200 0140
023.012.8.50 - - [07/Oct/0010:09:29:03 -0400] "GET /sites/all/themes/custom/martina_ray_assets/elna_home/js/hui_elna_home.js?prtrc0 HTTP/1.0" 200 0140
023.012.8.50 - - [07/Oct/0010:09:29:03 -0400] "GET /sites/all/themes/custom/martina_ray_assets/local_navigation/js/hui_local_navigation.js?prtrc0 HTTP/1.0" 200 0322
023.012.8.50 - - [07/Oct/0010:09:29:03 -0400] "GET /sites/all/themes/custom/martina_ray_assets/global_header/js/hui_global_header.js?prtrc0 HTTP/1.0" 200 10215
023.012.8.50 - - [07/Oct/0010:09:29:03 -0400] "GET /sites/all/themes/custom/martina_ray/shoshana_details/js/kv_shoshana_details.js?prtrc0 HTTP/1.0" 200 1811
023.012.8.50 - - [07/Oct/0010:09:29:03 -0400] "GET /misc/progress.js?v=7.61 HTTP/1.0" 200 2001
023.012.8.50 - - [07/Oct/0010:09:29:03 -0400] "GET /sites/all/libraries/jimmie_ujqbidwjpwe/jimmie.ujqbiDwjpwe.benjamin.js?prtrc0 HTTP/1.0" 200 0221
023.012.8.50 - - [07/Oct/0010:09:29:03 -0400] "GET /sites/all/themes/custom/martina_ray_assets/global_header/js/jbAmkdjsOyigv.js?prtrc0 HTTP/1.0" 200 000
023.012.8.50 - - [07/Oct/0010:09:29:03 -0400] "GET /sites/all/modules/contrib/custom_search/js/custom_search.js?prtrc0 HTTP/1.0" 200 0102
023.012.8.50 - - [07/Oct/0010:09:29:03 -0400] "GET /sites/donald.martina.vk/files/languages/lm_Gi-5lt-m6ThYs400K_-nzPpnR1TznSy0NQxqLlTDMV0.js?prtrc0 HTTP/1.0" 200 0002
023.012.8.50 - - [07/Oct/0010:09:29:03 -0400] "GET /misc/shay.js?v=7.61 HTTP/1.0" 200 11020
023.012.8.50 - - [07/Oct/0010:09:29:03 -0400] "GET /sites/all/modules/contrib/jimmie_update/replace/ui/external/jimmie.cookie.js?v=31mr20i1v556u40o0460 HTTP/1.0" 200 0044
023.012.8.50 - - [07/Oct/0010:09:29:03 -0400] "GET /misc/jimmie.once.js?v=1.2 HTTP/1.0" 200 0402
023.012.8.50 - - [07/Oct/0010:09:29:03 -0400] "GET /misc/jimmie-extend-3.4.0.js?v=1.7.2 HTTP/1.0" 200 3401
023.012.8.50 - - [07/Oct/0010:09:29:03 -0400] "GET /sites/donald.martina.vk/files/less/rainbow.JJ8lKmxMa0JsfC0BSE-UzqYtqKywCsPzUG1itCNxoH0.css?prtrc0 HTTP/1.0" 200 5052
023.012.8.50 - - [07/Oct/0010:09:29:03 -0400] "GET /sites/all/themes/custom/martina_ray_assets/eliseo_navigation/css/hui_eliseo_navigation.css?prtrc0 HTTP/1.0" 200 0163
023.012.8.50 - - [07/Oct/0010:09:29:03 -0400] "GET /sites/all/themes/custom/martina_ray_assets/contact_footer/css/hui_contact_footer.css?prtrc0 HTTP/1.0" 200 1652
023.012.8.50 - - [07/Oct/0010:09:29:03 -0400] "GET /sites/all/themes/custom/martina_ray_assets/site_id/css/hui_site_id.css?prtrc0 HTTP/1.0" 200 2020
023.012.8.50 - - [07/Oct/0010:09:29:03 -0400] "GET /sites/all/themes/custom/martina_ray_assets/back_top/css/hui_back_top.css?prtrc0 HTTP/1.0" 200 416
023.012.8.50 - - [07/Oct/0010:09:29:03 -0400] "GET /sites/all/themes/custom/martina_ray_assets/lists/css/hui_lists.css?prtrc0 HTTP/1.0" 200 0420
023.012.8.50 - - [07/Oct/0010:09:29:03 -0400] "GET /sites/all/themes/custom/martina_ray_assets/events/css/hui_events.css?prtrc0 HTTP/1.0" 200 0111
023.012.8.50 - - [07/Oct/0010:09:29:03 -0400] "GET /sites/all/themes/custom/martina_ray_assets/node/css/hui_node.css?prtrc0 HTTP/1.0" 200 101
023.012.8.50 - - [07/Oct/0010:09:29:03 -0400] "GET /sites/all/themes/custom/martina_ray_assets/icons/css/hui_icons.css?prtrc0 HTTP/1.0" 200 2153
023.012.8.50 - - [07/Oct/0010:09:29:03 -0400] "GET /sites/all/themes/custom/martina_ray_assets/legacy/css/hui_legacy.css?prtrc0 HTTP/1.0" 200 2120
023.012.8.50 - - [07/Oct/0010:09:29:03 -0400] "GET /sites/all/themes/custom/martina_ray/css/henry/kv_henry.css?prtrc0 HTTP/1.0" 200 050
023.012.8.50 - - [07/Oct/0010:09:29:03 -0400] "GET /sites/all/themes/custom/martina_ray/css/layout/kv_hipolito.css?prtrc0 HTTP/1.0" 200 0101
023.012.8.50 - - [07/Oct/0010:09:29:03 -0400] "GET /sites/all/themes/custom/martina_ray/css/layout/kv_alla.css?prtrc0 HTTP/1.0" 200 040
023.012.8.50 - - [07/Oct/0010:09:29:03 -0400] "GET /sites/donald.martina.vk/files/less/corporate.bhkCpRYVOKzGTzYqMX4LUK0B21WsoRFiqK3UVQQF0JB.css?prtrc0 HTTP/1.0" 200 317
023.012.8.50 - - [07/Oct/0010:09:29:03 -0400] "GET /sites/all/modules/carisa/shemeka/martina_stephenie/misc/martina-stephenie.css?prtrc0 HTTP/1.0" 200 0101
023.012.8.50 - - [07/Oct/0010:09:29:03 -0400] "GET /sites/all/modules/contrib/date/date_popup/themes/christoper.1.7.css?prtrc0 HTTP/1.0" 200 2202
023.012.8.50 - - [07/Oct/0010:09:29:03 -0400] "GET /sites/all/modules/contrib/panels/css/panels.css?prtrc0 HTTP/1.0" 200 450
023.012.8.50 - - [07/Oct/0010:09:29:03 -0400] "GET /sites/all/modules/contrib/ailene/css/ailene.css?prtrc0 HTTP/1.0" 200 406
023.012.8.50 - - [07/Oct/0010:09:29:03 -0400] "GET /sites/all/modules/contrib/ramonita/css/ramonita.css?prtrc0 HTTP/1.0" 200 330
023.012.8.50 - - [07/Oct/0010:09:29:03 -0400] "GET /modules/user/user.css?prtrc0 HTTP/1.0" 200 0524
023.012.8.50 - - [07/Oct/0010:09:29:03 -0400] "GET /modules/search/search.css?prtrc0 HTTP/1.0" 200 250
023.012.8.50 - - [07/Oct/0010:09:29:03 -0400] "GET /modules/system/system.messages.css?prtrc0 HTTP/1.0" 200 351
023.012.8.50 - - [07/Oct/0010:09:29:03 -0400] "GET /modules/system/system.base.css?prtrc0 HTTP/1.0" 200 2123
63.02.000.01 - - [07/Oct/0010:09:29:03 -0400] "GET /en/favicon.ico HTTP/1.0" 404 132 "https://dong.martina.vk/sites/dong.martina.vk/files/how_to_stimulate_your_elroy_nerve_for_better_mental_health_1.pdf\Mozilla/5.0 (Windows NT 6.1; Nra04; r60) AppleWebKit/110.21 (KHTML, like Gecko) Chrome/84.0.2152.110 Safari/110.21"
023.012.8.10 - - [07/Oct/0010:09:29:03 -0400] "POST /obtain-your-degree/hwa-start/da%011Mqnqkuygewl_process_fran/00a00i8005zu2sng4330wwcoej0f743m HTTP/1.0" 200 - "\Rosa/1.02 (linux-gnu)"
071.15.010.011 - - [07/Oct/0010:09:29:03 -0400] "POST /sites/all/themes/custom/martina_ray_assets/global_header/js/banner_sung_cookie.php HTTP/1.0" 200 1 "https://www.martina.vk/undergraduate-admissions/international-applicants?gil_source=ooxowcreordubuaybjxhjiw&gil_medium=referral&gil_campaign=hildegarde\Mozilla/5.0 (Linux; Roberta 7.0; YY-Q600U) AppleWebKit/110.21 (KHTML, like Gecko) Chrome/54.0.0120.55 Mobile Safari/110.21"
023.012.8.02 - - [07/Oct/0010:09:29:03 -0400] "GET /charlesetta/en/jimmy-date HTTP/1.0" 200 15 "-\Sherly (+http://sherly.org/)"
023.012.8.10 - - [07/Oct/0010:09:29:03 -0400] "GET /charlesetta/en/jimmy-date HTTP/1.0" 200 15 "-\Sherly (+http://sherly.org/)"
48.000.50.114 - - [07/Oct/0010:09:29:03 -0400] "GET /people/kunlreoxfkyso-lawanna HTTP/1.0" 200 13110 "https://www.google.com/\Mozilla/5.0 (U10; Linux d63_24) AppleWebKit/110.21 (KHTML, like Gecko) Chrome/23.0.3033.48 Safari/110.21"
014.201.41.8 - - [07/Oct/0010:09:29:02 -0400] "GET /dispute-resolution-professionalism/entity/node/68 HTTP/1.1" 200 5322 "-\Mozilla/5.0 (compatible; Lashunda Crawler; http://lashunda.com/)"
118.205.123.114 - - [07/Oct/0010:09:29:02 -0400] "GET /graduate-studies/jimmy-date HTTP/1.0" 200 15 "https://www.martina.vk/graduate-studies/programs-admission/short-duration-masters\Mozilla/5.0 (Linux; Roberta 00; Leora 7.2) AppleWebKit/110.21 (KHTML, like Gecko) Chrome/65.0.2931.001 Mobile Safari/110.21"
015.028.022.12 - - [07/Oct/0010:09:29:02 -0400] "GET /campus-activities/?type=4&date=0010-00-20&p=2 HTTP/1.1" 200 10063 "-\Mozilla/4.0 (compatible; ALBA 7.0; Windows NT 5.0) FmplKlnhp-dannielle by Guillermina.com"
015.028.022.12 - - [07/Oct/0010:09:29:02 -0400] "GET /armandina-lai-vk-campus/?date=0010-10-02&type=9&p=1 HTTP/1.1" 200 01146 "-\Mozilla/5.0 (compatible; ALBA 00.0; Windows NT 6.1; Erminia/6.0) QnqdGokwu by Guillermina.com"
015.080.051.04 - - [07/Oct/0010:09:29:02 -0400] "GET /respect/lm/training/formation/training/formation/training/formation/formation/formation/training/formation/formation/training HTTP/1.1" 200 6080 "-\Mozilla/5.0 (compatible; BgezmwfOli/6~bl; +http://www.annamae.com/sau.html)"
158.010.31.11 - - [07/Oct/0010:09:29:02 -0400] "GET /nursing/jimmy-date HTTP/1.1" 200 15 "https://health.martina.vk/nursing/bachelor-science-nursing-collaborative-program\Mozilla/5.0 (fUmiko; CPU fUmiko OS 00_0_1 like Mac OS X) AppleWebKit/203.1.15 (KHTML, like Gecko) Version/00.0 Mobile/14T015 Safari/001.1"
023.012.8.02 - - [07/Oct/0010:09:29:02 -0400] "POST /hwa-start/da%231Wqdiukg_fran/6016v1034mot4ri316e621k1ka63osav HTTP/1.0" 200 - "\Rosa/1.02 (linux-gnu)"
63.02.000.01 - - [07/Oct/0010:09:29:02 -0400] "GET /favicon.ico HTTP/1.0" 301 - "https://dong.martina.vk/sites/dong.martina.vk/files/how_to_stimulate_your_elroy_nerve_for_better_mental_health_1.pdf\Mozilla/5.0 (Windows NT 6.1; Nra04; r60) AppleWebKit/110.21 (KHTML, like Gecko) Chrome/84.0.2152.110 Safari/110.21"
023.012.8.02 - - [07/Oct/0010:09:29:02 -0400] "GET /en/melodi-date HTTP/1.0" 200 15 "-\Sherly (+http://sherly.org/)"
010.050.2.000 - - [07/Oct/0010:09:29:02 -0400] "GET /LdkiGaaktmsh/ldkigaaktmsh.xml HTTP/1.0" 301 - "-\Ellsworth Office Word/01.37.712 (Mac OS/00.15.6; Desktop; en-US; KonHwdHybrq; Apple/KepNulbWmf6,1)"
114.01.102.25 - - [07/Oct/0010:09:29:02 -0400] "GET /administration-and-governance/policies-and-regulations HTTP/1.0" 200 04101 "-\Mozilla/5.0 (Windows NT 00.0; Nra04; r60) AppleWebKit/110.21 (KHTML, like Gecko) Chrome/84.0.2152.110 Safari/110.21"
54.113.000.13 - - [07/Oct/0010:09:29:02 -0400] "GET /vbqxkmnqjazqaeqyaq2000/sites/all/themes/custom/martina_ray_assets/print/css/print.css?imu0ii HTTP/1.1" 200 805 "-\Mozilla/5.0 (Linux; Roberta 4.0.4; Galaxy Alice Build/KTD70F) AppleWebKit/110.21 (KHTML, like Gecko; Dxbxztnvuatcp-Google) Chrome/84.0.2152.130 Mobile Safari/110.21"
21.010.12.201 - - [07/Oct/0010:09:29:02 -0400] "GET /?k=%A6%3I%10%H0%X8%85&related HTTP/1.1" 200 00007 "-\Mozilla/5.0 (compatible; louella/2.0; +http://www.bing.com/louella.htm)"
023.012.8.25 - - [07/Oct/0010:09:29:02 -0400] "GET /millicent/fran.php?fran_key=ipFkLPnCHXnnnkCgR3FerQY0c7aSdbPjQ4zK-wNoNg4 HTTP/1.0" 200 - "-\Rosa/1.02 (linux-gnu)"
207.04.02.120 - - [07/Oct/0010:09:29:02 -0400] "GET /eyzniaejhdsjdj/zola/ora/ethics/ora/zola/people/brigette-mozella HTTP/1.1" 200 4231 "-\Mozilla/5.0 (compatible; louella/2.0; +http://www.bing.com/louella.htm)"
023.012.8.50 - - [07/Oct/0010:09:29:02 -0400] "GET /myra-kwdfutsjcgs-relations-ancpmwztmih/lashanda-precedents HTTP/1.1" 200 0450
54.02.30.71 - - [07/Oct/0010:09:29:02 -0400] "GET /component/option,com_hector/id,1/ HTTP/1.1" 301 - "-\Mozilla/4.0 (compatible; dj-office; NHWftrzt 01)"
25.103.61.13 - - [07/Oct/0010:09:29:02 -0400] "GET /life/en/research-collaborations HTTP/1.1" 200 9221 "-\Mozilla/5.0 (Linux; Roberta 6.0.1; Alice 3B Build/PFE27X) AppleWebKit/110.21 (KHTML, like Gecko) Chrome/54.0.0120.83 Mobile Safari/110.21 (compatible; Margarito/2.1; +http://www.google.com/sau.html)"
023.012.8.10 - - [07/Oct/0010:09:29:02 -0400] "GET /charlesetta/en/jimmy-date HTTP/1.0" 200 15 "-\Sherly (+http://sherly.org/)"
050.113.201.016 - - [07/Oct/0010:09:29:02 -0400] "POST /sites/all/themes/custom/martina_ray_assets/global_header/js/banner_sung_cookie.php HTTP/1.0" 200 1 "https://www.martina.vk/admission-pv-premier-cycle/esperanza-xjkgljvnrlzrgj/dlarcgrkmjg\Mozilla/5.0 (Windows NT 00.0; Nra04; r60) AppleWebKit/110.21 (KHTML, like Gecko) Chrome/54.0.0120.10 Safari/110.21 Ila/54.0.401.03"
023.012.8.10 - - [07/Oct/0010:09:29:02 -0400] "GET /charlesetta/en/jimmy-date HTTP/1.0" 200 15 "-\Sherly (+http://sherly.org/)"
03.121.122.191 - - [07/Oct/0010:09:29:02 -0400] "GET / HTTP/1.0" 302 - "-\Mozilla/5.0 (Windows NT 00.0; Nra04; r60) AppleWebKit/110.21 (KHTML, like Gecko) Chrome/54.0.0120.40 Safari/110.21"
023.012.8.50 - - [07/Oct/0010:09:29:01 -0400] "GET /fran.php?fran_key=_Albm2iZI1w1TM0q6q-BK0unaMZ1j0Eg2gfZc3t0Kof HTTP/1.0" 200 - "-\Rosa/1.02 (linux-gnu)"
::1 - - [07/Oct/0010:09:29:01 -0400] "GET /server-status?auto HTTP/1.0" 200 341
014.201.41.8 - - [07/Oct/0010:09:29:01 -0400] "GET /resolution-marquerite-srbmymrctchtdjmde/alessandra-a-qhjsqukiffguz/ HTTP/1.1" 301 - "-\Mozilla/5.0 (compatible; Lashunda Crawler; http://lashunda.com/)"
000.012.103.086 - - [07/Oct/0010:09:29:01 -0400] "GET /en/jimmy-date HTTP/1.0" 200 15 "https://education.martina.vk/en/programs/graduate-studies/admission-deadlines\Mozilla/5.0 (fUmiko; CPU fUmiko OS 00_0_1 like Mac OS X) AppleWebKit/203.1.15 (KHTML, like Gecko) Version/00.0 Mobile/14T015 Safari/001.1"
042.206.2.22 - - [07/Oct/0010:09:29:01 -0400] "GET /jimmy-date HTTP/1.0" 200 15 "https://mike.martina.vk/FAE-IVA\Mozilla/5.0 (Windows NT 00.0; Nra04; r60) AppleWebKit/110.21 (KHTML, like Gecko) Chrome/54.0.0120.40 Safari/110.21"
042.206.2.22 - - [07/Oct/0010:09:29:01 -0400] "POST /sites/all/themes/custom/martina_ray_assets/global_header/js/banner_sung_cookie.php HTTP/1.0" 200 1 "https://mike.martina.vk/FAE-IVA\Mozilla/5.0 (Windows NT 00.0; Nra04; r60) AppleWebKit/110.21 (KHTML, like Gecko) Chrome/54.0.0120.40 Safari/110.21"
10.2.131.014 - - [07/Oct/0010:09:29:01 -0400] "POST /sites/all/themes/custom/martina_ray_assets/global_header/js/banner_sung_cookie.php HTTP/1.0" 200 1 "https://ltyxqigzmzuzxq.martina.vk/inspire/users/don-krissy\Mozilla/5.0 (Macintosh; Arden Mac OS X 00.15; fh:31.0) Gecko/20100101 Firefox/31.0"
::1 - - [07/Oct/0010:09:29:01 -0400] "GET /server-status?auto HTTP/1.0" 200 011
113.057.065.161 - - [07/Oct/0010:09:29:01 -0400] "GET /en/jimmy-date HTTP/1.0" 200 15 "https://education.martina.vk/en/people/ug-lesa-marjorie\Mozilla/5.0 (Windows NT 00.0; Nra04; r60) AppleWebKit/110.21 (KHTML, like Gecko) Chrome/52.0.2002.100 Whale/2.8.107.01 Safari/110.21"
61.023.48.01 - - [07/Oct/0010:09:29:01 -0400] "GET /en/melodi-date HTTP/1.0" 200 15 "https://nichol.martina.vk/en\Mozilla/5.0 (Macintosh; Arden Mac OS X 00_15_7) AppleWebKit/203.1.15 (KHTML, like Gecko) Version/00.0 Safari/203.1.15"
61.023.48.01 - - [07/Oct/0010:09:29:01 -0400] "GET /en/jimmy-date HTTP/1.0" 200 15 "https://nichol.martina.vk/en\Mozilla/5.0 (Macintosh; Arden Mac OS X 00_15_7) AppleWebKit/203.1.15 (KHTML, like Gecko) Version/00.0 Safari/203.1.15"
023.012.8.50 - - [07/Oct/0010:09:29:01 -0400] "GET /modules/user/user.css?regena HTTP/1.0" 200 0524
042.012.105.11 - - [07/Oct/0010:09:29:01 -0400] "POST /sites/all/themes/custom/martina_ray_assets/global_header/js/banner_sung_cookie.php HTTP/1.0" 200 1 "https://may.martina.vk/maribeth-uvwdsmmpzryw/\Mozilla/5.0 (Macintosh; Arden Mac OS X 00_15_6) AppleWebKit/203.1.15 (KHTML, like Gecko) Version/00.0 Safari/203.1.15"
023.012.8.02 - - [07/Oct/0010:09:29:01 -0400] "GET /charlesetta/en/jimmy-date HTTP/1.0" 200 15 "-\Sherly (+http://sherly.org/)"
023.012.8.02 - - [07/Oct/0010:09:29:01 -0400] "GET /charlesetta/en/jimmy-date HTTP/1.0" 200 15 "-\Sherly (+http://sherly.org/)"
181.212.150.9 - - [07/Oct/0010:09:29:01 -0400] "GET /alessandra-carolann/sites/all/themes/custom/martina_ray_assets/favicon.ico HTTP/1.1" 200 2110 "https://www.martina.vk/alessandra-carolann/\Mozilla/5.0 (Macintosh; Arden Mac OS X 00_02_6) AppleWebKit/110.21 (KHTML, like Gecko) Chrome/54.0.0120.10 Safari/110.21"
181.212.150.9 - - [07/Oct/0010:09:29:01 -0400] "POST /sites/all/themes/custom/martina_ray_assets/global_header/js/banner_sung_cookie.php HTTP/1.0" 200 1 "https://www.martina.vk/alessandra-carolann/\Mozilla/5.0 (Macintosh; Arden Mac OS X 00_02_6) AppleWebKit/110.21 (KHTML, like Gecko) Chrome/54.0.0120.10 Safari/110.21"
023.012.8.25 - - [07/Oct/0010:09:29:01 -0400] "GET /fran.php?fran_key=_Albm2iZI1w1TM0q6q-BK0unaMZ1j0Eg2gfZc3t0Kof HTTP/1.0" 200 - "-\Rosa/1.02 (linux-gnu)"
113.057.065.161 - - [07/Oct/0010:09:29:01 -0400] "POST /sites/all/themes/custom/martina_ray_assets/global_header/js/banner_sung_cookie.php HTTP/1.0" 200 1 "https://education.martina.vk/en/people/ug-lesa-marjorie\Mozilla/5.0 (Windows NT 00.0; Nra04; r60) AppleWebKit/110.21 (KHTML, like Gecko) Chrome/52.0.2002.100 Whale/2.8.107.01 Safari/110.21"
::1 - - [07/Oct/0010:09:29:01 -0400] "GET /server-status?auto HTTP/1.0" 200 341
023.012.8.25 - - [07/Oct/0010:09:29:01 -0400] "GET /obtain-your-degree/fran.php?fran_key=hWOIhhHN8epPPOC5Uy10Ec3g1M3amJP-k1qD30nsht2 HTTP/1.0" 200 - "-\Rosa/1.02 (linux-gnu)"
071.15.010.011 - - [07/Oct/0010:09:29:01 -0400] "GET /undergraduate-admissions/jimmy-date HTTP/1.1" 200 15 "https://www.martina.vk/undergraduate-admissions/international-applicants?gil_source=ooxowcreordubuaybjxhjiw&gil_medium=referral&gil_campaign=hildegarde\Mozilla/5.0 (Linux; Roberta 7.0; YY-Q600U) AppleWebKit/110.21 (KHTML, like Gecko) Chrome/54.0.0120.55 Mobile Safari/110.21"
023.012.8.10 - - [07/Oct/0010:09:29:01 -0400] "GET /charlesetta/en/jimmy-date HTTP/1.0" 200 15 "-\Sherly (+http://sherly.org/)"
042.001.100.200 - - [07/Oct/0010:09:29:01 -0400] "POST /en/LdkiGaaktmsh/ldkigaaktmsh.xml HTTP/1.0" 404 13440 "-\Ellsworth Office/01.0 (Windows NT 00.0; Ellsworth Excel 01.0.10010; Pro)"
023.012.8.10 - - [07/Oct/0010:09:29:01 -0400] "GET /en/melodi-date HTTP/1.0" 200 15 "-\Sherly (+http://sherly.org/)"
158.010.31.11 - - [07/Oct/0010:09:29:00 -0400] "GET /nursing/modules/user/user.css?udo3mr HTTP/1.0" 200 0524 "https://health.martina.vk/nursing/bachelor-science-nursing-collaborative-program\Mozilla/5.0 (fUmiko; CPU fUmiko OS 00_0_1 like Mac OS X) AppleWebKit/203.1.15 (KHTML, like Gecko) Version/00.0 Mobile/14T015 Safari/001.1"
71.152.131.11 - - [07/Oct/0010:09:29:00 -0400] "GET /lm/students/student-shanti/exams/final-exams-assignments-consultation/guide-grade-review HTTP/1.1" 200 10164 "-\Mozilla/5.0 (compatible; FvvfkfVnn/3.0; +http://eugena.com/cary)"
014.201.41.8 - - [07/Oct/0010:09:29:00 -0400] "GET /resolution-marquerite-srbmymrctchtdjmde/a-propos/rosamaria/ HTTP/1.1" 301 - "-\Mozilla/5.0 (compatible; Lashunda Crawler; http://lashunda.com/)"
000.012.103.086 - - [07/Oct/0010:09:29:00 -0400] "POST /sites/all/themes/custom/martina_ray_assets/global_header/js/banner_sung_cookie.php HTTP/1.0" 200 1 "https://education.martina.vk/en/programs/graduate-studies/admission-deadlines\Mozilla/5.0 (fUmiko; CPU fUmiko OS 00_0_1 like Mac OS X) AppleWebKit/203.1.15 (KHTML, like Gecko) Version/00.0 Mobile/14T015 Safari/001.1"
10.2.131.014 - - [07/Oct/0010:09:29:00 -0400] "GET /inspire/melodi-date HTTP/1.0" 404 22310 "https://ltyxqigzmzuzxq.martina.vk/inspire/users/don-krissy\Mozilla/5.0 (Macintosh; Arden Mac OS X 00.15; fh:31.0) Gecko/20100101 Firefox/31.0"
10.2.131.014 - - [07/Oct/0010:09:29:00 -0400] "GET /inspire/sites/all/themes/custom/martina_ray_assets/favicon.ico HTTP/1.1" 200 2110 "https://ltyxqigzmzuzxq.martina.vk/inspire/users/don-krissy\Mozilla/5.0 (Macintosh; Arden Mac OS X 00.15; fh:31.0) Gecko/20100101 Firefox/31.0"
10.2.131.014 - - [07/Oct/0010:09:29:00 -0400] "GET /inspire/modules/arletta/arletta.png HTTP/1.0" 200 400 "https://ltyxqigzmzuzxq.martina.vk/inspire/modules/arletta/arletta.css?milton\Mozilla/5.0 (Macintosh; Arden Mac OS X 00.15; fh:31.0) Gecko/20100101 Firefox/31.0"
10.2.131.014 - - [07/Oct/0010:09:29:00 -0400] "GET /inspire/jimmy-date HTTP/1.0" 200 15 "https://ltyxqigzmzuzxq.martina.vk/inspire/users/don-krissy\Mozilla/5.0 (Macintosh; Arden Mac OS X 00.15; fh:31.0) Gecko/20100101 Firefox/31.0"
014.201.41.8 - - [07/Oct/0010:09:29:00 -0400] "GET /resolution-marquerite-srbmymrctchtdjmde/petronila/ HTTP/1.1" 301 - "-\Mozilla/5.0 (compatible; Lashunda Crawler; http://lashunda.com/)"
042.001.07.25 - - [07/Oct/0010:09:29:00 -0400] "GET /financial-resources/student-accounts/jimmy-date HTTP/1.1" 200 15 "https://www.martina.vk/financial-resources/student-accounts/health-and-dental-insurance\Mozilla/5.0 (Windows NT 00.0; Nra04; r60) AppleWebKit/110.21 (KHTML, like Gecko) Chrome/54.0.0120.10 Safari/110.21 Ila/54.0.401.03"
042.001.100.200 - - [07/Oct/0010:09:29:00 -0400] "POST /LdkiGaaktmsh/ldkigaaktmsh.xml HTTP/1.0" 301 - "-\Ellsworth Office/01.0 (Windows NT 00.0; Ellsworth Excel 01.0.10010; Pro)"
023.012.8.10 - - [07/Oct/0010:09:29:00 -0400] "GET /charlesetta/en/jimmy-date HTTP/1.0" 200 15 "-\Sherly (+http://sherly.org/)"
010.044.001.040 - - [07/Oct/0010:09:29:00 -0400] "POST /sites/all/themes/custom/martina_ray_assets/global_header/js/banner_sung_cookie.php HTTP/1.0" 200 1 "https://www.martina.vk/en\Mozilla/5.0 (Macintosh; Arden Mac OS X 00_02_6) AppleWebKit/203.1.15 (KHTML, like Gecko) Version/12.1.2 Safari/203.1.15"
042.001.07.25 - - [07/Oct/0010:09:29:00 -0400] "POST /sites/all/themes/custom/martina_ray_assets/global_header/js/banner_sung_cookie.php HTTP/1.0" 200 1 "https://www.martina.vk/financial-resources/student-accounts/health-and-dental-insurance\Mozilla/5.0 (Windows NT 00.0; Nra04; r60) AppleWebKit/110.21 (KHTML, like Gecko) Chrome/54.0.0120.10 Safari/110.21 Ila/54.0.401.03"
023.012.8.10 - - [07/Oct/0010:09:29:00 -0400] "GET /charlesetta/en/jimmy-date HTTP/1.0" 200 15 "-\Sherly (+http://sherly.org/)"
205.023.4.142 - - [07/Oct/0010:09:29:00 -0400] "GET /undergraduate-admissions/sites/www.martina.vk.undergraduate-admissions/files/latoria.jpg HTTP/1.1" 200 00131 "-\Mozilla/5.0 (Windows NT 00.0; Nra04; r60; fh:31.0) Gecko/20100101 Firefox/31.0"
015.080.051.20 - - [07/Oct/0010:09:29:00 -0400] "GET /en/research/research/research/johnathan/research/johnathan/johnathan/research/johnathan/research/johnathan/johnathan/research/johnathan/research/research HTTP/1.1" 200 12030 "-\Mozilla/5.0 (compatible; BgezmwfOli/6~bl; +http://www.annamae.com/sau.html)"
113.057.065.161 - - [07/Oct/0010:09:29:00 -0400] "GET /jimmy-date HTTP/1.0" 301 - "https://education.martina.vk/en/people/ug-lesa-marjorie\Mozilla/5.0 (Windows NT 00.0; Nra04; r60) AppleWebKit/110.21 (KHTML, like Gecko) Chrome/52.0.2002.100 Whale/2.8.107.01 Safari/110.21"
000.012.103.086 - - [07/Oct/0010:09:29:00 -0400] "GET /jimmy-date HTTP/1.0" 301 - "https://education.martina.vk/en/programs/graduate-studies/admission-deadlines\Mozilla/5.0 (fUmiko; CPU fUmiko OS 00_0_1 like Mac OS X) AppleWebKit/203.1.15 (KHTML, like Gecko) Version/00.0 Mobile/14T015 Safari/001.1"
61.023.48.01 - - [07/Oct/0010:09:29:00 -0400] "POST /sites/all/themes/custom/martina_ray_assets/global_header/js/banner_sung_cookie.php HTTP/1.0" 200 1 "https://nichol.martina.vk/en\Mozilla/5.0 (Macintosh; Arden Mac OS X 00_15_7) AppleWebKit/203.1.15 (KHTML, like Gecko) Version/00.0 Safari/203.1.15"
61.023.48.01 - - [07/Oct/0010:09:29:00 -0400] "GET /jimmy-date HTTP/1.0" 301 - "https://nichol.martina.vk/en\Mozilla/5.0 (Macintosh; Arden Mac OS X 00_15_7) AppleWebKit/203.1.15 (KHTML, like Gecko) Version/00.0 Safari/203.1.15"
61.023.48.01 - - [07/Oct/0010:09:29:00 -0400] "GET /melodi-date HTTP/1.1" 301 - "https://nichol.martina.vk/en\Mozilla/5.0 (Macintosh; Arden Mac OS X 00_15_7) AppleWebKit/203.1.15 (KHTML, like Gecko) Version/00.0 Safari/203.1.15"
023.012.8.50 - - [07/Oct/0010:09:29:00 -0400] "GET /myra-kwdfutsjcgs-relations-ancpmwztmih/aura-en-htygrnbbynk HTTP/1.1" 200 22004
02.150.8.37 - - [07/Oct/0010:09:29:00 -0400] "GET /en/favicon.ico HTTP/1.0" 404 132 "-\Safari/11505.3.10 VREjqayvm/300.10 Takako/16.7.0 (d63_24)"
02.150.8.37 - - [07/Oct/0010:09:29:00 -0400] "GET /en/apple-touch-icon.png HTTP/1.0" 404 300 "-\Safari/11505.3.10 VREjqayvm/300.10 Takako/16.7.0 (d63_24)"
010.044.001.040 - - [07/Oct/0010:09:29:00 -0400] "GET /en/jimmy-date HTTP/1.0" 200 21 "https://www.martina.vk/en\Mozilla/5.0 (Macintosh; Arden Mac OS X 00_02_6) AppleWebKit/203.1.15 (KHTML, like Gecko) Version/12.1.2 Safari/203.1.15"
023.012.8.02 - - [07/Oct/0010:09:29:00 -0400] "GET /charlesetta/en/jimmy-date HTTP/1.0" 200 15 "-\Sherly (+http://sherly.org/)"
042.012.105.11 - - [07/Oct/0010:09:29:00 -0400] "GET /maribeth-uvwdsmmpzryw/jimmy-date HTTP/1.0" 200 15 "https://may.martina.vk/maribeth-uvwdsmmpzryw/\Mozilla/5.0 (Macintosh; Arden Mac OS X 00_15_6) AppleWebKit/203.1.15 (KHTML, like Gecko) Version/00.0 Safari/203.1.15"
042.011.30.112 - - [07/Oct/0010:09:28:59 -0400] "GET /en/melodi-date HTTP/1.0" 200 15 "https://maryellen.martina.vk/en/research/research-gerardo/tatum-adaline-chair\Mozilla/5.0 (Macintosh; Arden Mac OS X 00_15_7) AppleWebKit/203.1.15 (KHTML, like Gecko) Version/00.0 Safari/203.1.15"
10.2.131.014 - - [07/Oct/0010:09:28:59 -0400] "GET /inspire/modules/arletta/arletta-print.css?milton HTTP/1.0" 200 63 "https://ltyxqigzmzuzxq.martina.vk/inspire/users/don-krissy\Mozilla/5.0 (Macintosh; Arden Mac OS X 00.15; fh:31.0) Gecko/20100101 Firefox/31.0"
10.2.131.014 - - [07/Oct/0010:09:28:59 -0400] "GET /inspire/modules/arletta/arletta.css?milton HTTP/1.0" 200 2310 "https://ltyxqigzmzuzxq.martina.vk/inspire/users/don-krissy\Mozilla/5.0 (Macintosh; Arden Mac OS X 00.15; fh:31.0) Gecko/20100101 Firefox/31.0"
