Oct  5 14:41:31 CAP-K052 sshd[1111]: Did not receive identification string from 10.32.34.4
Oct  5 14:41:29 10.030.03.001 ester[523]: <103034> <ERRS> |CZ 0111030@10.030.03.001 ester| Process Manager (ester) shutting down - CZ will reboot!
Oct  5 14:41:29 10.030.03.001 star[711]: <200001> <WARN> |CZ 0111030@10.030.03.001 star|  Rebooting: STAR: Unable to contact switch: HELLO-Invalid result(11). Last Rita joi: HELLO len=0163 dest=10.135.8.8 tries=1 seq=0
Oct  5 14:41:29 10.20.05.034 ester[523]: <201022> <WARN> |CZ 0302131@10.20.05.034 ester|  Reboot Reason: CZ rebooted Fri Dec 31 16:00:38 PST 1999; STAR: Unable to contact switch: HELLO-Invalid result(11). Last Rita joi: HELLO len=0051 dest=10.135.8.8 tries=1 seq=0
Oct  5 14:41:29 CAP-K052 sshd[2200]: Did not receive identification string from 10.32.34.6
Oct  5 14:41:28 10.20.05.120 ester[206]: <201022> <WARN> |CZ 0132013@10.20.05.120 ester|  Reboot Reason: CZ rebooted Fri Dec 31 16:00:40 PST 1999; STAR: Unable to contact switch: HELLO-Invalid result(11). Last Rita joi: HELLO len=0202 dest=10.135.8.8 tries=1 seq=0
Oct  5 14:41:28 10.030.03.001 star[711]: <001020> <ERRS> |CZ 0111030@10.030.03.001 star|  An internal system error has occurred at file star_joi.c function star_hello_sa line 0328 error Unexpected result code (null).
Oct  5 14:41:28 CAP-K052 sshd[4505]: Did not receive identification string from 10.32.34.4
Oct  5 14:41:27 CAP-K052 sshd[1004]: Did not receive identification string from 10.32.34.5
Oct  5 14:41:26 137.101.03.22 sshd[00215]: PAM 2 more authentication failures; logname= uid=0 euid=0 tty=mac ruser= rhost=10.2.132.111  user=vincenzo
Oct  5 14:41:26 137.101.03.22 sshd[05303]: Connection closed by 10.2.132.111
Oct  5 14:41:26 10.23.11.121 ester[440]: <103034> <ERRS> |CZ 00:0m:0x:i0:lk:16@10.23.11.121 ester| Process Manager (ester) shutting down - CZ will reboot!
Oct  5 14:41:26 137.101.03.22 sshd[00215]: Failed password for vincenzo from 10.2.132.111 port 20131 puf2
Oct  5 14:41:26 137.101.03.22 sudo:   temika : TTY=unknown ; PWD=/ ; USER=root ; COMMAND=/etha/benjamin -i -rc 10/02/1020 14:40:00 -sl 10/02/1020 14:41:00 -ui apache -k hildegard-writes -f .php
Oct  5 14:41:26 CAP-K052 sshd[1101]: Did not receive identification string from 10.32.34.4
Oct  5 14:41:26 cap-m004 sshd[10232]: Connection closed by 032.101.14.10 port 16631 [hershel]
Oct  5 14:41:25 10.23.11.121 star[005]: <200001> <WARN> |CZ 00:0m:0x:i0:lk:16@10.23.11.121 star|  Rebooting: STAR: Unable to contact switch: HELLO-Invalid result(11). Last Rita joi: HELLO len=0163 dest=10.35.8.7 tries=1 seq=0
Oct  5 14:41:25 137.101.6.60 httpd: 032.101.03.10 - - [05/Oct/2020:14:41:27 -0400] "GET /nam-gay/branded_email/img/office-of-the-president/snap-shot/INST_FOOTER_BRAND_EMAIL.jpg HTTP/1.1" 200 01320 "-" "Mozilla/5.0 (Windows NT 10.0; Jkh33; i32; zn:10.0) Gecko/20100101 Firefox/10.0"
Oct  5 14:41:24 10.35.05.14 ester[523]: <103034> <ERRS> |CZ 0241140@10.35.05.14 ester| Process Manager (ester) shutting down - CZ will reboot!
Oct  5 14:41:24 10.35.05.14 star[711]: <200001> <WARN> |CZ 0241140@10.35.05.14 star|  Rebooting: STAR: Unable to contact switch: HELLO-Invalid result(11). Last Rita joi: HELLO len=0054 dest=10.35.8.7 tries=1 seq=0
Oct  5 14:41:24 10.23.11.121 star[005]: <001020> <ERRS> |CZ 00:0m:0x:i0:lk:16@10.23.11.121 star|  An internal system error has occurred at file star_joi.c function star_hello_sa line 0328 error Unexpected result code (null).
Oct  5 14:41:24 10.030.03.001 ester[523]: <201022> <WARN> |CZ 0111030@10.030.03.001 ester|  Reboot Reason: CZ rebooted Fri Dec 31 16:00:38 PST 1999; STAR: Unable to contact switch: HELLO-Invalid result(11). Last Rita joi: HELLO len=0163 dest=10.135.8.8 tries=1 seq=0
Oct  5 14:41:24 CAP-K052 sshd[5112]: Did not receive identification string from 10.32.34.6
Oct  5 14:41:23 10.030.14.111 star[0416]:  <301030> <WARN> |CZ ANN/1002@10.030.14.111 star|  AM i8:w6:l8:40:31:j0: ARM Channel 40 Physical_Error_Rate 0 MAC_Error_Rate 14 Frame_Retry_Rate 0 arm_error_rate_threshold 00 arm_error_rate_wait_time 80
Oct  5 14:41:23 10.35.05.14 star[711]: <001020> <ERRS> |CZ 0241140@10.35.05.14 star|  An internal system error has occurred at file star_joi.c function star_hello_sa line 0328 error Unexpected result code (null).
Oct  5 14:41:23 CAP-K052 sshd[1201]: Did not receive identification string from 10.32.34.4
Oct  5 14:41:22 10.20.05.011 ester[200]: <103034> <ERRS> |CZ 0442100@10.20.05.011 ester| Process Manager (ester) shutting down - CZ will reboot!
Oct  5 14:41:22 10.20.11.157 ester[310]: <103034> <ERRS> |CZ 0230070@10.20.11.157 ester| Process Manager (ester) shutting down - CZ will reboot!
Oct  5 14:41:22 10.030.14.111 star[0416]:  <301030> <WARN> |CZ ANN/1002@10.030.14.111 star|  AM i8:w6:l8:40:31:j0: ARM Channel 40 Physical_Error_Rate 0 MAC_Error_Rate 10 Frame_Retry_Rate 0 arm_error_rate_threshold 00 arm_error_rate_wait_time 80
Oct  5 14:41:22 137.101.03.22 sudo:   temika : TTY=unknown ; PWD=/ ; USER=root ; COMMAND=/etha/benjamin -i -rc 10/02/1020 14:40:00 -sl 10/02/1020 14:41:00 -ui apache -k hildegard-writes -f .php
Oct  5 14:41:22 137.101.03.22 sshd[00215]: Failed password for vincenzo from 10.2.132.111 port 20131 puf2
Oct  5 14:41:22 CAP-K052 sshd[1507]: Did not receive identification string from 10.32.34.5
Oct  5 14:41:21 10.20.05.011 star[230]: <200001> <WARN> |CZ 0442100@10.20.05.011 star|  Rebooting: STAR: Unable to contact switch: HELLO-Invalid result(11). Last Rita joi: HELLO len=1151 dest=10.135.8.8 tries=1 seq=0
Oct  5 14:41:21 10.20.11.157 star[200]: <200001> <WARN> |CZ 0230070@10.20.11.157 star|  Rebooting: STAR: Unable to contact switch: HELLO-Invalid result(11). Last Rita joi: HELLO len=0103 dest=10.135.8.8 tries=1 seq=0
Oct  5 14:41:21 10.030.14.111 star[0416]:  <301030> <WARN> |CZ ANN/1002@10.030.14.111 star|  AM i8:w6:l8:40:31:j0: ARM Channel 40 Physical_Error_Rate 0 MAC_Error_Rate 32 Frame_Retry_Rate 0 arm_error_rate_threshold 00 arm_error_rate_wait_time 80
Oct  5 14:41:21 137.101.6.60 httpd: 032.101.03.10 - - [05/Oct/2020:14:41:23 -0400] "GET /nam-gay/branded_email/img/office-of-the-president/snap-shot/INST_FOOTER_BRAND_EMAIL.jpg HTTP/1.1" 200 01320 "-" "Mozilla/5.0 (Windows NT 10.0; Jkh33; i32; zn:10.0) Gecko/20100101 Firefox/10.0"
Oct  5 14:41:21 CAP-K052 sshd[2403]: Did not receive identification string from 10.32.34.4
Oct  5 14:41:20 10.030.14.111 star[0416]:  <301030> <WARN> |CZ ANN/1002@10.030.14.111 star|  AM i8:w6:l8:40:31:j0: ARM Channel 40 Physical_Error_Rate 0 MAC_Error_Rate 80 Frame_Retry_Rate 0 arm_error_rate_threshold 00 arm_error_rate_wait_time 80
Oct  5 14:41:20 10.23.11.121 ester[440]: <201022> <WARN> |CZ 00:0m:0x:i0:lk:16@10.23.11.121 ester|  Reboot Reason: CZ rebooted Fri Dec 31 16:00:38 PST 1999; STAR: Unable to contact switch: HELLO-Invalid result(11). Last Rita joi: HELLO len=0163 dest=10.35.8.7 tries=1 seq=0
Oct  5 14:41:20 10.20.05.011 star[230]: <001020> <ERRS> |CZ 0442100@10.20.05.011 star|  An internal system error has occurred at file star_joi.c function star_hello_sa line 0328 error Unexpected result code (null).
Oct  5 14:41:20 10.20.11.157 star[200]: <001020> <ERRS> |CZ 0230070@10.20.11.157 star|  An internal system error has occurred at file star_joi.c function star_hello_sa line 0328 error Unexpected result code (null).
Oct  5 14:41:19 10.030.14.111 star[0416]:  <301030> <WARN> |CZ ANN/1002@10.030.14.111 star|  AM i8:w6:l8:40:31:j0: ARM Channel 40 Physical_Error_Rate 0 MAC_Error_Rate 87 Frame_Retry_Rate 0 arm_error_rate_threshold 00 arm_error_rate_wait_time 80
Oct  5 14:41:19 10.35.05.14 ester[523]: <201022> <WARN> |CZ 0241140@10.35.05.14 ester|  Reboot Reason: CZ rebooted Fri Dec 31 16:00:38 PST 1999; STAR: Unable to contact switch: HELLO-Invalid result(11). Last Rita joi: HELLO len=0054 dest=10.35.8.7 tries=1 seq=0
Oct  5 14:41:19 CAP-K052 sshd[5406]: Did not receive identification string from 10.32.34.6
Oct  5 14:41:18 10.030.14.111 star[0416]:  <301030> <WARN> |CZ ANN/1002@10.030.14.111 star|  AM i8:w6:l8:40:31:j0: ARM Channel 40 Physical_Error_Rate 0 MAC_Error_Rate 10 Frame_Retry_Rate 0 arm_error_rate_threshold 00 arm_error_rate_wait_time 80
Oct  5 14:41:18 137.101.03.03 httpd: 032.101.03.10 - - [05/Oct/2020:14:41:18 -0400] "GET /rx-content/themes/herbert-theme/style.css HTTP/1.1" 404 000 "http://www.google.com/" "Mozilla/5.0 (Windows NT 6.1; Jkh33; i32) AppleWebKit/511.23 (KHTML, like Gecko) Chrome/26.0.2120.3 Safari/511.23"
Oct  5 14:41:18 CAP-K052 sshd[2182]: Did not receive identification string from 10.32.34.4
Oct  5 14:41:17 10.030.14.111 star[0416]:  <301030> <WARN> |CZ ANN/1002@10.030.14.111 star|  AM i8:w6:l8:40:31:j0: ARM Channel 40 Physical_Error_Rate 0 MAC_Error_Rate 11 Frame_Retry_Rate 0 arm_error_rate_threshold 00 arm_error_rate_wait_time 80
Oct  5 14:41:17 CAP-K052 sshd[4270]: Did not receive identification string from 10.32.34.5
Oct  5 14:41:16 10.030.14.111 star[0416]:  <301030> <WARN> |CZ ANN/1002@10.030.14.111 star|  AM i8:w6:l8:40:31:j0: ARM Channel 40 Physical_Error_Rate 0 MAC_Error_Rate 80 Frame_Retry_Rate 0 arm_error_rate_threshold 00 arm_error_rate_wait_time 80
Oct  5 14:41:16 10.20.05.011 ester[200]: <201022> <WARN> |CZ 0442100@10.20.05.011 ester|  Reboot Reason: CZ rebooted Fri Dec 31 16:00:40 PST 1999; STAR: Unable to contact switch: HELLO-Invalid result(11). Last Rita joi: HELLO len=1151 dest=10.135.8.8 tries=1 seq=0
Oct  5 14:41:16 10.20.11.157 ester[310]: <201022> <WARN> |CZ 0230070@10.20.11.157 ester|  Reboot Reason: CZ rebooted Fri Dec 31 16:00:38 PST 1999; STAR: Unable to contact switch: HELLO-Invalid result(11). Last Rita joi: HELLO len=0103 dest=10.135.8.8 tries=1 seq=0
Oct  5 14:41:16 137.101.03.03 httpd: 032.101.03.10 - - [05/Oct/2020:14:41:16 -0400] "GET /gary/ted/.horde/brock_sofia/jonathan/00016501010_MRT2030M.pdf HTTP/1.1" 404 202 "-" "Mackenzie/2.1 (+http://www.google.com/pat.html)"
Oct  5 14:41:16 CAP-K052 sshd[1333]: Did not receive identification string from 10.32.34.4
Oct  5 14:41:15 10.030.02.010 ester[040]: <103034> <ERRS> |CZ 0200002@10.030.02.010 ester| Process Manager (ester) shutting down - CZ will reboot!
Oct  5 14:41:15 10.030.14.111 star[0416]:  <301030> <WARN> |CZ ANN/1002@10.030.14.111 star|  AM i8:w6:l8:40:31:j0: ARM Channel 40 Physical_Error_Rate 0 MAC_Error_Rate 23 Frame_Retry_Rate 0 arm_error_rate_threshold 00 arm_error_rate_wait_time 80
Oct  5 14:41:14 10.030.14.111 star[0416]:  <301030> <WARN> |CZ ANN/1002@10.030.14.111 star|  AM i8:w6:l8:40:31:j0: ARM Channel 40 Physical_Error_Rate 0 MAC_Error_Rate 80 Frame_Retry_Rate 0 arm_error_rate_threshold 00 arm_error_rate_wait_time 80
Oct  5 14:41:14 10.030.02.010 star[480]: <200001> <WARN> |CZ 0200002@10.030.02.010 star|  Rebooting: STAR: Unable to contact switch: HELLO-Invalid result(11). Last Rita joi: HELLO len=1166 dest=10.135.8.8 tries=1 seq=0
Oct  5 14:41:14 CAP-K052 sshd[5317]: Did not receive identification string from 10.32.34.6
Oct  5 14:41:13 137.101.6.60 httpd: 032.101.03.10 - - [05/Oct/2020:14:41:16 -0400] "GET /nam-gay/branded_email/img/0003/INST_FOOTER_BRAND_EMAIL-Original.jpg HTTP/1.1" 304 - "-" "Mozilla/4.0 (compatible; ZENA 7.0; Windows NT 10.0; Jkh33; i32; Roxanna/7.0; .KVL0.0G; .KVL0.0X; Ermelinda Outlook 14.0.3420; Ermelinda Outlook 14.0.3420; in-office; YUTuaevp 14)"
Oct  5 14:41:13 137.101.6.60 httpd: 032.101.03.10 - - [05/Oct/2020:14:41:16 -0400] "GET /nam-gay/branded_email/img/0003/FbtqcxRk_50j50.png HTTP/1.1" 304 - "-" "Mozilla/4.0 (compatible; ZENA 7.0; Windows NT 10.0; Jkh33; i32; Roxanna/7.0; .KVL0.0G; .KVL0.0X; Ermelinda Outlook 14.0.3420; Ermelinda Outlook 14.0.3420; in-office; YUTuaevp 14)"
Oct  5 14:41:13 137.101.6.60 httpd: 032.101.03.10 - - [05/Oct/2020:14:41:16 -0400] "GET /nam-gay/branded_email/img/0003/Sebastian_50j50.png HTTP/1.1" 304 - "-" "Mozilla/4.0 (compatible; ZENA 7.0; Windows NT 10.0; Jkh33; i32; Roxanna/7.0; .KVL0.0G; .KVL0.0X; Ermelinda Outlook 14.0.3420; Ermelinda Outlook 14.0.3420; in-office; YUTuaevp 14)"
Oct  5 14:41:13 10.030.02.010 star[480]: <001020> <ERRS> |CZ 0200002@10.030.02.010 star|  An internal system error has occurred at file star_joi.c function star_hello_sa line 0328 error Unexpected result code (null).
Oct  5 14:41:13 10.030.14.111 star[0416]:  <301030> <WARN> |CZ ANN/1002@10.030.14.111 star|  AM i8:w6:l8:40:31:j0: ARM Channel 40 Physical_Error_Rate 0 MAC_Error_Rate 87 Frame_Retry_Rate 0 arm_error_rate_threshold 00 arm_error_rate_wait_time 80
Oct  5 14:41:13 CAP-K052 sshd[2366]: Did not receive identification string from 10.32.34.4
Oct  5 14:41:13 137.101.6.60 httpd: 032.101.03.10 - - [05/Oct/2020:14:41:16 -0400] "GET /nam-gay/branded_email/img/0003/Paulette-50j50.png HTTP/1.1" 304 - "-" "Mozilla/4.0 (compatible; ZENA 7.0; Windows NT 10.0; Jkh33; i32; Roxanna/7.0; .KVL0.0G; .KVL0.0X; Ermelinda Outlook 14.0.3420; Ermelinda Outlook 14.0.3420; in-office; YUTuaevp 14)"
Oct  5 14:41:13 137.101.6.60 httpd: 032.101.03.10 - - [05/Oct/2020:14:41:16 -0400] "GET /nam-gay/branded_email/img/0003/Twitter-50j50.png HTTP/1.1" 304 - "-" "Mozilla/4.0 (compatible; ZENA 7.0; Windows NT 10.0; Jkh33; i32; Roxanna/7.0; .KVL0.0G; .KVL0.0X; Ermelinda Outlook 14.0.3420; Ermelinda Outlook 14.0.3420; in-office; YUTuaevp 14)"
Oct  5 14:41:13 137.101.6.60 httpd: 032.101.03.10 - - [05/Oct/2020:14:41:04 -0400] "POST /OjcUmumTdh/web/sistuXvKhfcsp.oma HTTP/1.1" 404 010 "-" "KAYCE HTTP/1.1"
Oct  5 14:41:12 CAP-K052 sshd[6035]: Did not receive identification string from 10.32.34.5
Oct  5 14:41:11 10.030.14.111 star[0416]:  <301030> <WARN> |CZ ANN/1002@10.030.14.111 star|  AM i8:w6:l8:40:31:j0: ARM Channel 40 Physical_Error_Rate 0 MAC_Error_Rate 80 Frame_Retry_Rate 0 arm_error_rate_threshold 00 arm_error_rate_wait_time 80
Oct  5 14:41:11 137.101.03.03 httpd: 032.101.03.10 - - [05/Oct/2020:14:41:11 -0400] "GET /gary/tomas/international/page/100/?s%2Bhcrj-kate%2Fei%2P%2Bhcrj-kate%1Jyx%2P%2Bhcrj-kate%2Fei%2P%2Bhcrj-kate%2Fei%2P%2Bhcrj-kate%1Jyx%2P%2Bhcrj-kate%1Jyx%2P%2Bhcrj-kate%1Jyx%2P%2Bhcrj-kate%1Jyx%2P%2Bhcrj-kate%2Fei%2P%2Bhcrj-kate%2Fei%2P%2Bhcrj-kate%1Jyx%2P%2Bhcrj-kate%2Fei%2P%2Bhcrj-kate%2Fei%2P HTTP/1.1" 500 047 "-" "Mozilla/5.0 (compatible; TvzxinaWqu/6~bl; +http://www.whitley.com/pat.html)"
Oct  5 14:41:11 CAP-K052 sshd[5123]: Did not receive identification string from 10.32.34.4
Oct  5 14:41:10 10.030.14.111 star[0416]:  <301030> <WARN> |CZ ANN/1002@10.030.14.111 star|  AM i8:w6:l8:40:31:j0: ARM Channel 40 Physical_Error_Rate 0 MAC_Error_Rate 87 Frame_Retry_Rate 0 arm_error_rate_threshold 00 arm_error_rate_wait_time 80
Oct  5 14:41:10 10.030.02.010 ester[040]: <201022> <WARN> |CZ 0200002@10.030.02.010 ester|  Reboot Reason: CZ rebooted Fri Dec 31 16:00:37 PST 1999; STAR: Unable to contact switch: HELLO-Invalid result(11). Last Rita joi: HELLO len=1166 dest=10.135.8.8 tries=1 seq=0
Oct  5 14:41:09 CAP-K052 sshd[5441]: Did not receive identification string from 10.32.34.6
Oct  5 14:41:09 137.101.03.03 httpd: 032.101.8.30 - - [05/Oct/2020:14:41:09 -0400] "GET /sena/christopher/images/1020/banner-external-scholarship-final.jpg HTTP/1.0" 200 30110 "-" "-"
Oct  5 14:41:08 CAP-K052 sshd[2042]: Did not receive identification string from 10.32.34.4
Oct  5 14:41:08 10.030.14.111 star[0416]:  <301030> <WARN> |CZ ANN/1002@10.030.14.111 star|  AM i8:w6:l8:40:31:j0: ARM Channel 40 Physical_Error_Rate 0 MAC_Error_Rate 11 Frame_Retry_Rate 0 arm_error_rate_threshold 00 arm_error_rate_wait_time 80
Oct  5 14:41:08 137.101.03.03 httpd: 032.101.8.30 - - [05/Oct/2020:14:41:08 -0400] "GET /sena/christopher/images/1020/banner-external-scholarship-final.jpg HTTP/1.0" 304 - "-" "Mozilla/5.0 (Windows NT 6.3; Jkh33; i32) AppleWebKit/511.23 (KHTML, like Gecko) Chrome/11.0.0100.03 Safari/511.23 Alejandrina"
Oct  5 14:41:07 CAP-K052 sshd[3447]: Did not receive identification string from 10.32.34.5
Oct  5 14:41:07 10.030.14.111 star[0416]:  <301030> <WARN> |CZ ANN/1002@10.030.14.111 star|  AM i8:w6:l8:40:31:j0: ARM Channel 40 Physical_Error_Rate 0 MAC_Error_Rate 32 Frame_Retry_Rate 0 arm_error_rate_threshold 00 arm_error_rate_wait_time 80
Oct  5 14:41:06 CAP-K052 sshd[6315]: Did not receive identification string from 10.32.34.4
Oct  5 14:41:06 10.030.20.131 ester[440]: <103034> <ERRS> |CZ 0141234@10.030.20.131 ester| Process Manager (ester) shutting down - CZ will reboot!
Oct  5 14:41:06 10.030.14.111 star[0416]:  <301030> <WARN> |CZ ANN/1002@10.030.14.111 star|  AM i8:w6:l8:40:31:j0: ARM Channel 40 Physical_Error_Rate 0 MAC_Error_Rate 76 Frame_Retry_Rate 0 arm_error_rate_threshold 00 arm_error_rate_wait_time 80
Oct  5 14:41:05 137.101.03.03 httpd: 032.101.03.10 - - [05/Oct/2020:14:41:05 -0400] "GET /favicon.ico HTTP/1.1" 404 159 "http://www.wilhelmina.shakira.dv/pages/charlesetta/ray_tam-mee.html" "Mozilla/5.0 (Linux; Camelia 9; TX-Z010Y) AppleWebKit/511.23 (KHTML, like Gecko) Chrome/10.0.1141.120 Mobile Safari/511.23"
Oct  5 14:41:05 137.101.03.03 httpd: 032.101.03.10 - - [05/Oct/2020:14:41:05 -0400] "GET /images/section_nav_current_bg.png HTTP/1.1" 200 003 "http://www.wilhelmina.shakira.dv/css/ac0.css" "Mozilla/5.0 (Linux; Camelia 9; TX-Z010Y) AppleWebKit/511.23 (KHTML, like Gecko) Chrome/10.0.1141.120 Mobile Safari/511.23"
Oct  5 14:41:05 137.101.03.03 httpd: 032.101.03.10 - - [05/Oct/2020:14:41:05 -0400] "GET /images/question.png HTTP/1.1" 200 225 "http://www.wilhelmina.shakira.dv/pages/charlesetta/ray_tam-mee.html" "Mozilla/5.0 (Linux; Camelia 9; TX-Z010Y) AppleWebKit/511.23 (KHTML, like Gecko) Chrome/10.0.1141.120 Mobile Safari/511.23"
Oct  5 14:41:05 137.101.03.03 httpd: 032.101.03.10 - - [05/Oct/2020:14:41:05 -0400] "GET /images/section_nav_current_parent_bg.png HTTP/1.1" 200 214 "http://www.wilhelmina.shakira.dv/css/ac0.css" "Mozilla/5.0 (Linux; Camelia 9; TX-Z010Y) AppleWebKit/511.23 (KHTML, like Gecko) Chrome/10.0.1141.120 Mobile Safari/511.23"
Oct  5 14:41:05 10.000.14.10 ester[310]: <103034> <ERRS> |CZ 0000121@10.000.14.10 ester| Process Manager (ester) shutting down - CZ will reboot!
Oct  5 14:41:05 10.000.14.10 star[200]: <200001> <WARN> |CZ 0000121@10.000.14.10 star|  Rebooting: STAR: Unable to contact switch: HELLO-Invalid result(11). Last Rita joi: HELLO len=0030 dest=10.135.8.8 tries=1 seq=0
Oct  5 14:41:05 10.23.02.13 ester[440]: <103034> <ERRS> |CZ 0011086@10.23.02.13 ester| Process Manager (ester) shutting down - CZ will reboot!
Oct  5 14:41:05 10.030.20.131 star[200]: <200001> <WARN> |CZ 0141234@10.030.20.131 star|  Rebooting: STAR: Unable to contact switch: HELLO-Invalid result(11). Last Rita joi: HELLO len=1100 dest=10.1.8.9 tries=1 seq=0
Oct  5 14:41:05 10.030.14.111 star[0416]:  <301030> <WARN> |CZ ANN/1002@10.030.14.111 star|  AM i8:w6:l8:40:31:j0: ARM Channel 40 Physical_Error_Rate 0 MAC_Error_Rate 03 Frame_Retry_Rate 0 arm_error_rate_threshold 00 arm_error_rate_wait_time 80
Oct  5 14:41:05 10.50.14.015 star[3118]: <124000> <ERRS> |CZ 0131123@10.50.14.015 star| |ids-cz| CZ(80:0w:10:00:e0:u0): Rogue CZ: An CZ classified an access point(WALLY 00:0m:0x:ks:g3:v0 and RICH charise on CHANNEL 6) as rogue because it matched the MAC (ti:22:w6:4s:q1:00) with IP (10.50.14.1).
Oct  5 14:41:05 137.101.03.03 httpd: 032.101.03.10 - - [05/Oct/2020:14:41:05 -0400] "GET /images/footer_curve_grey.png HTTP/1.1" 200 338 "http://www.wilhelmina.shakira.dv/css/ac0.css" "Mozilla/5.0 (Linux; Camelia 9; TX-Z010Y) AppleWebKit/511.23 (KHTML, like Gecko) Chrome/10.0.1141.120 Mobile Safari/511.23"
Oct  5 14:41:05 137.101.03.03 httpd: 032.101.03.10 - - [05/Oct/2020:14:41:05 -0400] "GET /js/lindsy_ui/css/custom_theme/images/ui-bg_glass_11_tmo3uq_1b300.png HTTP/1.1" 200 020 "http://www.wilhelmina.shakira.dv/js/lindsy_ui/css/custom_theme/lindsy_ui.css" "Mozilla/5.0 (Linux; Camelia 9; TX-Z010Y) AppleWebKit/511.23 (KHTML, like Gecko) Chrome/10.0.1141.120 Mobile Safari/511.23"
Oct  5 14:41:05 137.101.03.03 httpd: 032.101.03.10 - - [05/Oct/2020:14:41:05 -0400] "GET /js/lindsy_ui/css/custom_theme/images/ui-bg_glass_50_b4m2c5_1b300.png HTTP/1.1" 200 000 "http://www.wilhelmina.shakira.dv/js/lindsy_ui/css/custom_theme/lindsy_ui.css" "Mozilla/5.0 (Linux; Camelia 9; TX-Z010Y) AppleWebKit/511.23 (KHTML, like Gecko) Chrome/10.0.1141.120 Mobile Safari/511.23"
Oct  5 14:41:05 137.101.03.03 httpd: 032.101.03.10 - - [05/Oct/2020:14:41:05 -0400] "GET /images/leigh_bg.png HTTP/1.1" 200 1140 "http://www.wilhelmina.shakira.dv/css/ac0.css" "Mozilla/5.0 (Linux; Camelia 9; TX-Z010Y) AppleWebKit/511.23 (KHTML, like Gecko) Chrome/10.0.1141.120 Mobile Safari/511.23"
Oct  5 14:41:05 137.101.03.03 httpd: 032.101.03.10 - - [05/Oct/2020:14:41:05 -0400] "GET /images/page_bg.png HTTP/1.1" 200 00040 "http://www.wilhelmina.shakira.dv/css/ac0.css" "Mozilla/5.0 (Linux; Camelia 9; TX-Z010Y) AppleWebKit/511.23 (KHTML, like Gecko) Chrome/10.0.1141.120 Mobile Safari/511.23"
Oct  5 14:41:05 137.101.03.03 httpd: 032.101.03.10 - - [05/Oct/2020:14:41:05 -0400] "GET /images/head_bg.png HTTP/1.1" 200 2020 "http://www.wilhelmina.shakira.dv/css/ac0.css" "Mozilla/5.0 (Linux; Camelia 9; TX-Z010Y) AppleWebKit/511.23 (KHTML, like Gecko) Chrome/10.0.1141.120 Mobile Safari/511.23"
Oct  5 14:41:05 137.101.03.03 httpd: 032.101.03.10 - - [05/Oct/2020:14:41:05 -0400] "GET /images/colby_leone_indira_bg.png HTTP/1.1" 200 4101 "http://www.wilhelmina.shakira.dv/pages/charlesetta/ray_tam-mee.html" "Mozilla/5.0 (Linux; Camelia 9; TX-Z010Y) AppleWebKit/511.23 (KHTML, like Gecko) Chrome/10.0.1141.120 Mobile Safari/511.23"
Oct  5 14:41:04 CAP-K052 sshd[1050]: Did not receive identification string from 10.32.34.6
Oct  5 14:41:04 10.030.02.041 ester[040]: <103034> <ERRS> |CZ 0111103@10.030.02.041 ester| Process Manager (ester) shutting down - CZ will reboot!
Oct  5 14:41:04 10.23.02.13 star[200]: <200001> <WARN> |CZ 0011086@10.23.02.13 star|  Rebooting: STAR: Unable to contact switch: HELLO-Invalid result(11). Last Rita joi: HELLO len=0110 dest=10.35.8.7 tries=1 seq=0
Oct  5 14:41:04 10.030.20.131 star[200]: <001020> <ERRS> |CZ 0141234@10.030.20.131 star|  An internal system error has occurred at file star_joi.c function star_hello_sa line 0328 error Unexpected result code (null).
Oct  5 14:41:04 10.030.14.111 star[0416]:  <301030> <WARN> |CZ ANN/1002@10.030.14.111 star|  AM i8:w6:l8:40:31:j0: ARM Channel 40 Physical_Error_Rate 0 MAC_Error_Rate 51 Frame_Retry_Rate 0 arm_error_rate_threshold 00 arm_error_rate_wait_time 80
Oct  5 14:41:04 137.101.03.03 httpd: 032.101.03.10 - - [05/Oct/2020:14:41:04 -0400] "GET /images/shakira_indira_bg.png HTTP/1.1" 200 2949 "http://www.wilhelmina.shakira.dv/pages/charlesetta/ray_tam-mee.html" "Mozilla/5.0 (Linux; Camelia 9; TX-Z010Y) AppleWebKit/511.23 (KHTML, like Gecko) Chrome/10.0.1141.120 Mobile Safari/511.23"
Oct  5 14:41:04 137.101.03.03 httpd: 032.101.03.10 - - [05/Oct/2020:14:41:04 -0400] "GET /css/images/bullet-upjrm1-primary-reversed.png HTTP/1.1" 200 202 "http://www.wilhelmina.shakira.dv/css/ac0.css" "Mozilla/5.0 (Linux; Camelia 9; TX-Z010Y) AppleWebKit/511.23 (KHTML, like Gecko) Chrome/10.0.1141.120 Mobile Safari/511.23"
Oct  5 14:41:04 137.101.03.03 httpd: 032.101.03.10 - - [05/Oct/2020:14:41:04 -0400] "GET /css/images/bullet-upjrm1-primary.png HTTP/1.1" 200 211 "http://www.wilhelmina.shakira.dv/css/ac0.css" "Mozilla/5.0 (Linux; Camelia 9; TX-Z010Y) AppleWebKit/511.23 (KHTML, like Gecko) Chrome/10.0.1141.120 Mobile Safari/511.23"
Oct  5 14:41:04 137.101.03.03 httpd: 032.101.03.10 - - [05/Oct/2020:14:41:04 -0400] "GET /js/init.js HTTP/1.1" 200 6015 "http://www.wilhelmina.shakira.dv/pages/charlesetta/ray_tam-mee.html" "Mozilla/5.0 (Linux; Camelia 9; TX-Z010Y) AppleWebKit/511.23 (KHTML, like Gecko) Chrome/10.0.1141.120 Mobile Safari/511.23"
Oct  5 14:41:04 137.101.03.03 httpd: 032.101.03.10 - - [05/Oct/2020:14:41:04 -0400] "GET /js/utilities/accessible_teresita.js HTTP/1.1" 200 0004 "http://www.wilhelmina.shakira.dv/pages/charlesetta/ray_tam-mee.html" "Mozilla/5.0 (Linux; Camelia 9; TX-Z010Y) AppleWebKit/511.23 (KHTML, like Gecko) Chrome/10.0.1141.120 Mobile Safari/511.23"
Oct  5 14:41:04 137.101.03.03 httpd: 032.101.03.10 - - [05/Oct/2020:14:41:04 -0400] "GET /js/utilities/tooltip/lindsy.wilhelmina.tooltip.js HTTP/1.1" 200 0132 "http://www.wilhelmina.shakira.dv/pages/charlesetta/ray_tam-mee.html" "Mozilla/5.0 (Linux; Camelia 9; TX-Z010Y) AppleWebKit/511.23 (KHTML, like Gecko) Chrome/10.0.1141.120 Mobile Safari/511.23"
Oct  5 14:41:04 137.101.03.03 httpd: 032.101.03.10 - - [05/Oct/2020:14:41:04 -0400] "GET /js/utilities/lindsy.wilhelmina.comment_form.js HTTP/1.1" 200 2505 "http://www.wilhelmina.shakira.dv/pages/charlesetta/ray_tam-mee.html" "Mozilla/5.0 (Linux; Camelia 9; TX-Z010Y) AppleWebKit/511.23 (KHTML, like Gecko) Chrome/10.0.1141.120 Mobile Safari/511.23"
Oct  5 14:41:04 137.101.03.03 httpd: 032.101.03.10 - - [05/Oct/2020:14:41:04 -0400] "GET /js/utilities/les-browser-detect.js HTTP/1.1" 200 1595 "http://www.wilhelmina.shakira.dv/pages/charlesetta/ray_tam-mee.html" "Mozilla/5.0 (Linux; Camelia 9; TX-Z010Y) AppleWebKit/511.23 (KHTML, like Gecko) Chrome/10.0.1141.120 Mobile Safari/511.23"
Oct  5 14:41:04 137.101.03.03 httpd: 032.101.03.10 - - [05/Oct/2020:14:41:04 -0400] "GET /js/utilities/lindsy.wilhelmina.ksnzniTlhded.js HTTP/1.1" 200 1350 "http://www.wilhelmina.shakira.dv/pages/charlesetta/ray_tam-mee.html" "Mozilla/5.0 (Linux; Camelia 9; TX-Z010Y) AppleWebKit/511.23 (KHTML, like Gecko) Chrome/10.0.1141.120 Mobile Safari/511.23"
Oct  5 14:41:04 137.101.03.03 httpd: 032.101.03.10 - - [05/Oct/2020:14:41:04 -0400] "GET /css/images/top-nav-separator.png HTTP/1.1" 200 100 "http://www.wilhelmina.shakira.dv/css/ac0.css" "Mozilla/5.0 (Linux; Camelia 9; TX-Z010Y) AppleWebKit/511.23 (KHTML, like Gecko) Chrome/10.0.1141.120 Mobile Safari/511.23"
Oct  5 14:41:04 137.101.03.03 httpd: 032.101.03.10 - - [05/Oct/2020:14:41:04 -0400] "GET /js/lindsy_ui/css/custom_theme/images/ui-icons_101212_051o120.png HTTP/1.1" 200 3045 "http://www.wilhelmina.shakira.dv/js/lindsy_ui/css/custom_theme/lindsy_ui.css" "Mozilla/5.0 (Linux; Camelia 9; TX-Z010Y) AppleWebKit/511.23 (KHTML, like Gecko) Chrome/10.0.1141.120 Mobile Safari/511.23"
Oct  5 14:41:04 137.101.03.03 httpd: 032.101.03.10 - - [05/Oct/2020:14:41:04 -0400] "GET /js/utilities/lindsy.mini-show-hide-0.0.5.js HTTP/1.1" 200 0032 "http://www.wilhelmina.shakira.dv/pages/charlesetta/ray_tam-mee.html" "Mozilla/5.0 (Linux; Camelia 9; TX-Z010Y) AppleWebKit/511.23 (KHTML, like Gecko) Chrome/10.0.1141.120 Mobile Safari/511.23"
Oct  5 14:41:04 137.101.03.03 httpd: 032.101.03.10 - - [05/Oct/2020:14:41:04 -0400] "GET /js/utilities/lindsy.flash_movie_links-0.0.5.js HTTP/1.1" 200 0401 "http://www.wilhelmina.shakira.dv/pages/charlesetta/ray_tam-mee.html" "Mozilla/5.0 (Linux; Camelia 9; TX-Z010Y) AppleWebKit/511.23 (KHTML, like Gecko) Chrome/10.0.1141.120 Mobile Safari/511.23"
Oct  5 14:41:04 137.101.03.03 httpd: 032.101.03.10 - - [05/Oct/2020:14:41:04 -0400] "GET /js/utilities/lindsy.flash_zl3_serafina.js HTTP/1.1" 200 5020 "http://www.wilhelmina.shakira.dv/pages/charlesetta/ray_tam-mee.html" "Mozilla/5.0 (Linux; Camelia 9; TX-Z010Y) AppleWebKit/511.23 (KHTML, like Gecko) Chrome/10.0.1141.120 Mobile Safari/511.23"
Oct  5 14:41:04 137.101.03.03 httpd: 032.101.03.10 - - [05/Oct/2020:14:41:04 -0400] "GET /js/utilities/lindsy.marguerite-1.0.4.js HTTP/1.1" 200 0750 "http://www.wilhelmina.shakira.dv/pages/charlesetta/ray_tam-mee.html" "Mozilla/5.0 (Linux; Camelia 9; TX-Z010Y) AppleWebKit/511.23 (KHTML, like Gecko) Chrome/10.0.1141.120 Mobile Safari/511.23"
Oct  5 14:41:04 137.101.03.03 httpd: 032.101.03.10 - - [05/Oct/2020:14:41:04 -0400] "GET /js/utilities/lindsy-1.4.2.min.js HTTP/1.1" 200 51054 "http://www.wilhelmina.shakira.dv/pages/charlesetta/ray_tam-mee.html" "Mozilla/5.0 (Linux; Camelia 9; TX-Z010Y) AppleWebKit/511.23 (KHTML, like Gecko) Chrome/10.0.1141.120 Mobile Safari/511.23"
Oct  5 14:41:04 137.101.03.03 httpd: 032.101.03.10 - - [05/Oct/2020:14:41:04 -0400] "GET /js/games/lindsy.domiTila.js HTTP/1.1" 200 21000 "http://www.wilhelmina.shakira.dv/pages/charlesetta/ray_tam-mee.html" "Mozilla/5.0 (Linux; Camelia 9; TX-Z010Y) AppleWebKit/511.23 (KHTML, like Gecko) Chrome/10.0.1141.120 Mobile Safari/511.23"
Oct  5 14:41:04 137.101.03.03 httpd: 032.101.03.10 - - [05/Oct/2020:14:41:04 -0400] "GET /js/utilities/lindsy.wilhelmina.guillermina.js HTTP/1.1" 200 1301 "http://www.wilhelmina.shakira.dv/pages/charlesetta/ray_tam-mee.html" "Mozilla/5.0 (Linux; Camelia 9; TX-Z010Y) AppleWebKit/511.23 (KHTML, like Gecko) Chrome/10.0.1141.120 Mobile Safari/511.23"
Oct  5 14:41:04 137.101.03.03 httpd: 032.101.03.10 - - [05/Oct/2020:14:41:04 -0400] "GET /js/utilities/minerva/js/lindsy.minerva.min.js HTTP/1.1" 200 1010 "http://www.wilhelmina.shakira.dv/pages/charlesetta/ray_tam-mee.html" "Mozilla/5.0 (Linux; Camelia 9; TX-Z010Y) AppleWebKit/511.23 (KHTML, like Gecko) Chrome/10.0.1141.120 Mobile Safari/511.23"
Oct  5 14:41:04 137.101.03.03 httpd: 032.101.03.10 - - [05/Oct/2020:14:41:04 -0400] "GET /css/ac0.css HTTP/1.1" 200 01126 "http://www.wilhelmina.shakira.dv/pages/charlesetta/ray_tam-mee.html" "Mozilla/5.0 (Linux; Camelia 9; TX-Z010Y) AppleWebKit/511.23 (KHTML, like Gecko) Chrome/10.0.1141.120 Mobile Safari/511.23"
Oct  5 14:41:04 137.101.03.03 httpd: 032.101.03.10 - - [05/Oct/2020:14:41:04 -0400] "GET /js/lindsy_ui/css/custom_theme/lindsy_ui.css HTTP/1.1" 200 20701 "http://www.wilhelmina.shakira.dv/pages/charlesetta/ray_tam-mee.html" "Mozilla/5.0 (Linux; Camelia 9; TX-Z010Y) AppleWebKit/511.23 (KHTML, like Gecko) Chrome/10.0.1141.120 Mobile Safari/511.23"
Oct  5 14:41:04 137.101.03.03 httpd: 032.101.03.10 - - [05/Oct/2020:14:41:04 -0400] "GET /css/emely/css/mod_skin.css HTTP/1.1" 404 304 "http://www.wilhelmina.shakira.dv/pages/charlesetta/ray_tam-mee.html" "Mozilla/5.0 (Linux; Camelia 9; TX-Z010Y) AppleWebKit/511.23 (KHTML, like Gecko) Chrome/10.0.1141.120 Mobile Safari/511.23"
Oct  5 14:41:04 137.101.03.03 httpd: 032.101.03.10 - - [05/Oct/2020:14:41:04 -0400] "GET /css/emely/css/mod.css HTTP/1.1" 200 0300 "http://www.wilhelmina.shakira.dv/pages/charlesetta/ray_tam-mee.html" "Mozilla/5.0 (Linux; Camelia 9; TX-Z010Y) AppleWebKit/511.23 (KHTML, like Gecko) Chrome/10.0.1141.120 Mobile Safari/511.23"
Oct  5 14:41:04 137.101.03.03 httpd: 032.101.03.10 - - [05/Oct/2020:14:41:04 -0400] "GET /css/emely/css/content.css HTTP/1.1" 200 0407 "http://www.wilhelmina.shakira.dv/pages/charlesetta/ray_tam-mee.html" "Mozilla/5.0 (Linux; Camelia 9; TX-Z010Y) AppleWebKit/511.23 (KHTML, like Gecko) Chrome/10.0.1141.120 Mobile Safari/511.23"
Oct  5 14:41:04 137.101.03.03 httpd: 032.101.03.10 - - [05/Oct/2020:14:41:04 -0400] "GET /css/emely/css/talk_skins.css HTTP/1.1" 200 817 "http://www.wilhelmina.shakira.dv/pages/charlesetta/ray_tam-mee.html" "Mozilla/5.0 (Linux; Camelia 9; TX-Z010Y) AppleWebKit/511.23 (KHTML, like Gecko) Chrome/10.0.1141.120 Mobile Safari/511.23"
Oct  5 14:41:04 137.101.03.03 httpd: 032.101.03.10 - - [05/Oct/2020:14:41:04 -0400] "GET /css/emely/css/talk.css HTTP/1.1" 200 0050 "http://www.wilhelmina.shakira.dv/pages/charlesetta/ray_tam-mee.html" "Mozilla/5.0 (Linux; Camelia 9; TX-Z010Y) AppleWebKit/511.23 (KHTML, like Gecko) Chrome/10.0.1141.120 Mobile Safari/511.23"
Oct  5 14:41:04 137.101.03.03 httpd: 032.101.03.10 - - [05/Oct/2020:14:41:04 -0400] "GET /css/emely/css/grids.css HTTP/1.1" 200 111 "http://www.wilhelmina.shakira.dv/pages/charlesetta/ray_tam-mee.html" "Mozilla/5.0 (Linux; Camelia 9; TX-Z010Y) AppleWebKit/511.23 (KHTML, like Gecko) Chrome/10.0.1141.120 Mobile Safari/511.23"
Oct  5 14:41:04 137.101.03.03 httpd: 032.101.03.10 - - [05/Oct/2020:14:41:04 -0400] "GET /css/emely/css/template.css HTTP/1.1" 200 1135 "http://www.wilhelmina.shakira.dv/pages/charlesetta/ray_tam-mee.html" "Mozilla/5.0 (Linux; Camelia 9; TX-Z010Y) AppleWebKit/511.23 (KHTML, like Gecko) Chrome/10.0.1141.120 Mobile Safari/511.23"
Oct  5 14:41:04 137.101.03.03 httpd: 032.101.03.10 - - [05/Oct/2020:14:41:04 -0400] "GET /css/emely/css/libraries.css HTTP/1.1" 200 0023 "http://www.wilhelmina.shakira.dv/pages/charlesetta/ray_tam-mee.html" "Mozilla/5.0 (Linux; Camelia 9; TX-Z010Y) AppleWebKit/511.23 (KHTML, like Gecko) Chrome/10.0.1141.120 Mobile Safari/511.23"
Oct  5 14:41:04 10.000.14.10 star[200]: <001020> <ERRS> |CZ 0000121@10.000.14.10 star|  An internal system error has occurred at file star_joi.c function star_hello_sa line 0328 error Unexpected result code (null).
Oct  5 14:41:03 CAP-K052 sshd[0428]: Did not receive identification string from 10.32.34.4
Oct  5 14:41:03 10.030.14.111 star[0416]:  <301030> <WARN> |CZ ANN/1002@10.030.14.111 star|  AM i8:w6:l8:40:31:j0: ARM Channel 40 Physical_Error_Rate 0 MAC_Error_Rate 87 Frame_Retry_Rate 0 arm_error_rate_threshold 00 arm_error_rate_wait_time 80
Oct  5 14:41:03 137.101.03.03 httpd: 032.101.03.10 - - [05/Oct/2020:14:41:03 -0400] "GET /pages/charlesetta/ray_tam-mee.html HTTP/1.1" 200 20600 "https://www.google.com/" "Mozilla/5.0 (Linux; Camelia 9; TX-Z010Y) AppleWebKit/511.23 (KHTML, like Gecko) Chrome/10.0.1141.120 Mobile Safari/511.23"
Oct  5 14:41:03 10.030.02.041 star[020]: <200001> <WARN> |CZ 0111103@10.030.02.041 star|  Rebooting: STAR: Unable to contact switch: HELLO-Invalid result(11). Last Rita joi: HELLO len=1132 dest=10.135.8.8 tries=1 seq=0
Oct  5 14:41:03 10.23.02.13 star[200]: <001020> <ERRS> |CZ 0011086@10.23.02.13 star|  An internal system error has occurred at file star_joi.c function star_hello_sa line 0328 error Unexpected result code (null).
Oct  5 14:41:02 CAP-K052 sshd[5142]: Did not receive identification string from 10.32.34.5
Oct  5 14:41:02 10.030.02.041 star[020]: <001020> <ERRS> |CZ 0111103@10.030.02.041 star|  An internal system error has occurred at file star_joi.c function star_hello_sa line 0328 error Unexpected result code (null).
Oct  5 14:41:02 10.23.11.100 ester[040]: <103034> <ERRS> |CZ 00:0m:0x:u3:0m:a2@10.23.11.100 ester| Process Manager (ester) shutting down - CZ will reboot!
Oct  5 14:41:02 10.030.14.111 star[0416]:  <301030> <WARN> |CZ ANN/1002@10.030.14.111 star|  AM i8:w6:l8:40:31:j0: ARM Channel 40 Physical_Error_Rate 0 MAC_Error_Rate 72 Frame_Retry_Rate 0 arm_error_rate_threshold 00 arm_error_rate_wait_time 80
Oct  5 14:41:01 CAP-K052 sshd[5010]: Did not receive identification string from 10.32.34.4
Oct  5 14:41:01 10.23.11.100 star[480]: <200001> <WARN> |CZ 00:0m:0x:u3:0m:a2@10.23.11.100 star|  Rebooting: STAR: Unable to contact switch: HELLO-Invalid result(11). Last Rita joi: HELLO len=0001 dest=10.35.8.7 tries=1 seq=0
Oct  5 14:41:01 10.030.14.111 star[0416]:  <301030> <WARN> |CZ ANN/1002@10.030.14.111 star|  AM i8:w6:l8:40:31:j0: ARM Channel 40 Physical_Error_Rate 0 MAC_Error_Rate 87 Frame_Retry_Rate 0 arm_error_rate_threshold 00 arm_error_rate_wait_time 80
Oct  5 14:41:01 137.101.03.03 httpd: 032.101.03.10 - - [05/Oct/2020:14:41:01 -0400] "GET /images/madelene.png HTTP/1.1" 304 - "-" "Mozilla/4.0 (compatible; ZENA 7.0; Windows NT 6.2; TPZ21; Roxanna/7.0; .KVL0.0G; .KVL0.0X; .NET SUE 2.0.40622; .NET SUE 3.0.30300; .NET SUE 3.5.30300; Ermelinda Outlook 03.0.4112; in-office; YUTuaevp 03)"
Oct  5 14:41:01 137.101.03.03 httpd: 032.101.03.10 - - [05/Oct/2020:14:41:01 -0400] "GET /images/rob.png HTTP/1.1" 304 - "-" "Mozilla/4.0 (compatible; ZENA 7.0; Windows NT 6.2; TPZ21; Roxanna/7.0; .KVL0.0G; .KVL0.0X; .NET SUE 2.0.40622; .NET SUE 3.0.30300; .NET SUE 3.5.30300; Ermelinda Outlook 03.0.4112; in-office; YUTuaevp 03)"
Oct  5 14:41:01 137.101.03.03 httpd: 032.101.03.10 - - [05/Oct/2020:14:41:01 -0400] "GET /gary/tomas/international/page/004/?s%2P%2Bhcrj-kate%2Fei%2P%2Bhcrj-kate%2Fei%2P%2Bhcrj-kate%2Fei%2P%2Bhcrj-kate%2Fei%2P%2Bhcrj-kate%2Fei%2P%2Bhcrj-kate%2Fei%2P%2Bhcrj-kate%2Fei%2P%2Bhcrj-kate%1Jyx%2P%2Bhcrj-kate%2Fei%2P%2Bhcrj-kate%2Fei%2P%2Bhcrj-kate%2Fei%2P%2Bhcrj-kate%1Jyx%2P%2Bhcrj-kate%1Jyx%2P%2Bhcrj-kate%1Jyx%2P HTTP/1.1" 500 047 "-" "Mozilla/5.0 (compatible; TvzxinaWqu/6~bl; +http://www.whitley.com/pat.html)"
Oct  5 14:41:01 137.101.6.60 httpd: 032.101.03.10 - - [05/Oct/2020:14:41:04 -0400] "POST /OjcUmumTdh/web/sistuXvKhfcsp.oma HTTP/1.1" 404 010 "-" "KAYCE HTTP/1.1"
Oct  5 14:41:01 10.030.20.131 ester[440]: <201022> <WARN> |CZ 0141234@10.030.20.131 ester|  Reboot Reason: CZ rebooted Fri Dec 31 16:00:38 PST 1999; STAR: Unable to contact switch: HELLO-Invalid result(11). Last Rita joi: HELLO len=1100 dest=10.1.8.9 tries=1 seq=0
Oct  5 14:41:00 10.030.14.111 star[0416]:  <301030> <WARN> |CZ ANN/1002@10.030.14.111 star|  AM i8:w6:l8:40:31:j0: ARM Channel 40 Physical_Error_Rate 0 MAC_Error_Rate 40 Frame_Retry_Rate 0 arm_error_rate_threshold 00 arm_error_rate_wait_time 80
Oct  5 14:41:00 137.101.03.22 sshd[00215]: Failed password for vincenzo from 10.2.132.111 port 20131 puf2
Oct  5 14:41:00 10.23.11.100 star[480]: <001020> <ERRS> |CZ 00:0m:0x:u3:0m:a2@10.23.11.100 star|  An internal system error has occurred at file star_joi.c function star_hello_sa line 0328 error Unexpected result code (null).
Oct  5 14:41:00 10.000.14.10 ester[310]: <201022> <WARN> |CZ 0000121@10.000.14.10 ester|  Reboot Reason: CZ rebooted Fri Dec 31 16:00:38 PST 1999; STAR: Unable to contact switch: HELLO-Invalid result(11). Last Rita joi: HELLO len=0030 dest=10.135.8.8 tries=1 seq=0
Oct  5 14:41:00 10.23.02.13 ester[440]: <201022> <WARN> |CZ 0011086@10.23.02.13 ester|  Reboot Reason: CZ rebooted Fri Dec 31 16:00:38 PST 1999; STAR: Unable to contact switch: HELLO-Invalid result(11). Last Rita joi: HELLO len=0110 dest=10.35.8.7 tries=1 seq=0
Oct  5 14:40:59 CAP-K052 sshd[1013]: Did not receive identification string from 10.32.34.6
Oct  5 14:40:59 10.030.14.111 star[0416]:  <301030> <WARN> |CZ ANN/1002@10.030.14.111 star|  AM i8:w6:l8:40:31:j0: ARM Channel 40 Physical_Error_Rate 0 MAC_Error_Rate 80 Frame_Retry_Rate 0 arm_error_rate_threshold 00 arm_error_rate_wait_time 80
Oct  5 14:40:59 137.101.03.03 httpd: 032.101.03.10 - - [05/Oct/2020:14:40:59 -0400] "GET /gary/ted/.horde/adrianna/000425_001301020631_lavonia.pdf HTTP/1.1" 200 600512 "-" "Mackenzie/2.1 (+http://www.google.com/pat.html)"
Oct  5 14:40:59 10.030.02.041 ester[040]: <201022> <WARN> |CZ 0111103@10.030.02.041 ester|  Reboot Reason: CZ rebooted Fri Dec 31 16:00:37 PST 1999; STAR: Unable to contact switch: HELLO-Invalid result(11). Last Rita joi: HELLO len=1132 dest=10.135.8.8 tries=1 seq=0
Oct  5 14:40:58 CAP-K052 sshd[2411]: Did not receive identification string from 10.32.34.4
Oct  5 14:40:58 137.101.03.22 sshd[00215]: pam_unix(sshd:auth): authentication failure; logname= uid=0 euid=0 tty=mac ruser= rhost=10.2.132.111  user=vincenzo
Oct  5 14:40:58 10.35.10.000 ester[040]: <103034> <ERRS> |CZ 0060337@10.35.10.000 ester| Process Manager (ester) shutting down - CZ will reboot!
Oct  5 14:40:57 CAP-K052 sshd[4200]: Did not receive identification string from 10.32.34.5
Oct  5 14:40:57 10.030.14.111 star[0416]:  <301030> <WARN> |CZ ANN/1002@10.030.14.111 star|  AM i8:w6:l8:40:31:j0: ARM Channel 40 Physical_Error_Rate 0 MAC_Error_Rate 61 Frame_Retry_Rate 0 arm_error_rate_threshold 00 arm_error_rate_wait_time 80
Oct  5 14:40:57 10.35.10.000 star[641]: <200001> <WARN> |CZ 0060337@10.35.10.000 star|  Rebooting: STAR: Unable to contact switch: HELLO-Invalid result(11). Last Rita joi: HELLO len=1010 dest=10.35.8.7 tries=1 seq=0
Oct  5 14:40:56 CAP-K052 sshd[3202]: Did not receive identification string from 10.32.34.4
Oct  5 14:40:56 10.35.05.01 ester[440]: <103034> <ERRS> |CZ 0042005@10.35.05.01 ester| Process Manager (ester) shutting down - CZ will reboot!
Oct  5 14:40:56 10.35.05.01 star[200]: <200001> <WARN> |CZ 0042005@10.35.05.01 star|  Rebooting: STAR: Unable to contact switch: HELLO-Invalid result(11). Last Rita joi: HELLO len=0005 dest=10.35.8.7 tries=1 seq=0
Oct  5 14:40:56 10.135.05.80 ester[440]: <103034> <ERRS> |CZ 0120022@10.135.05.80 ester| Process Manager (ester) shutting down - CZ will reboot!
Oct  5 14:40:56 10.030.14.111 star[0416]:  <301030> <WARN> |CZ ANN/1002@10.030.14.111 star|  AM i8:w6:l8:40:31:j0: ARM Channel 40 Physical_Error_Rate 0 MAC_Error_Rate 80 Frame_Retry_Rate 0 arm_error_rate_threshold 00 arm_error_rate_wait_time 80
Oct  5 14:40:56 10.23.11.100 ester[040]: <201022> <WARN> |CZ 00:0m:0x:u3:0m:a2@10.23.11.100 ester|  Reboot Reason: CZ rebooted Fri Dec 31 16:00:37 PST 1999; STAR: Unable to contact switch: HELLO-Invalid result(11). Last Rita joi: HELLO len=0001 dest=10.35.8.7 tries=1 seq=0
Oct  5 14:40:56 137.101.03.22 httpd: 032.101.03.10 - - [05/Oct/2020:14:40:56 -0400] "GET /IRChrktmw/editor/szxixrjdmfr/upload/php/upload.php HTTP/1.1" 404 033188 "-" "Mozilla/5.0 (Windows NT 6.3; Jkh33; i32) AppleWebKit/511.23 (KHTML, like Gecko) Chrome/50.0.3000.100 Safari/511.23"
Oct  5 14:40:56 10.35.10.000 star[641]: <001020> <ERRS> |CZ 0060337@10.35.10.000 star|  An internal system error has occurred at file star_joi.c function star_hello_sa line 0328 error Unexpected result code (null).
Oct  5 14:40:55 10.135.05.80 star[005]: <200001> <WARN> |CZ 0120022@10.135.05.80 star|  Rebooting: STAR: Unable to contact switch: HELLO-Invalid result(11). Last Rita joi: HELLO len=1051 dest=10.135.8.8 tries=1 seq=0
Oct  5 14:40:55 10.030.14.111 star[0416]:  <301030> <WARN> |CZ ANN/1002@10.030.14.111 star|  AM i8:w6:l8:40:31:j0: ARM Channel 40 Physical_Error_Rate 0 MAC_Error_Rate 87 Frame_Retry_Rate 0 arm_error_rate_threshold 00 arm_error_rate_wait_time 80
Oct  5 14:40:55 10.35.05.01 star[200]: <001020> <ERRS> |CZ 0042005@10.35.05.01 star|  An internal system error has occurred at file star_joi.c function star_hello_sa line 0328 error Unexpected result code (null).
Oct  5 14:40:54 CAP-K052 sshd[3030]: Did not receive identification string from 10.32.34.6
Oct  5 14:40:54 10.135.05.80 star[005]: <001020> <ERRS> |CZ 0120022@10.135.05.80 star|  An internal system error has occurred at file star_joi.c function star_hello_sa line 0328 error Unexpected result code (null).
Oct  5 14:40:54 10.030.14.111 star[0416]:  <301030> <WARN> |CZ ANN/1002@10.030.14.111 star|  AM i8:w6:l8:40:31:j0: ARM Channel 40 Physical_Error_Rate 0 MAC_Error_Rate 72 Frame_Retry_Rate 0 arm_error_rate_threshold 00 arm_error_rate_wait_time 80
Oct  5 14:40:53 CAP-K052 sshd[0173]: Did not receive identification string from 10.32.34.4
Oct  5 14:40:53 10.030.14.111 star[0416]:  <301030> <WARN> |CZ ANN/1002@10.030.14.111 star|  AM i8:w6:l8:40:31:j0: ARM Channel 40 Physical_Error_Rate 0 MAC_Error_Rate 11 Frame_Retry_Rate 0 arm_error_rate_threshold 00 arm_error_rate_wait_time 80
Oct  5 14:40:53 137.101.6.60 httpd: 032.101.03.10 - - [05/Oct/2020:14:40:55 -0400] "GET /nam-gay/branded_email/img/office-of-the-president/snap-shot/INST_FOOTER_BRAND_EMAIL.jpg HTTP/1.1" 200 01320 "-" "Mozilla/5.0 (compatible; ZENA 10.0; Windows NT 6.2; TPZ21; Roxanna/6.0)"
Oct  5 14:40:52 CAP-K052 sshd[4177]: Did not receive identification string from 10.32.34.5
Oct  5 14:40:52 10.030.14.111 star[0416]:  <301030> <WARN> |CZ ANN/1002@10.030.14.111 star|  AM i8:w6:l8:40:31:j0: ARM Channel 40 Physical_Error_Rate 0 MAC_Error_Rate 63 Frame_Retry_Rate 0 arm_error_rate_threshold 00 arm_error_rate_wait_time 80
Oct  5 14:40:52 137.101.03.03 httpd: 032.101.03.10 - - [05/Oct/2020:14:40:52 -0400] "GET /gary/tomas/international/page/20/?s%2P%2Bhcrj-kate%1Jyx%2P%2Bhcrj-kate%2Fei%2P%2Bhcrj-kate%1Jyx%2P%2Bhcrj-kate%2Fei%2P%2Bhcrj-kate%1Jyx%2P%2Bhcrj-kate%2Fei%2P%2Bhcrj-kate%2Fei%2P%2Bhcrj-kate%2Fei%2P%2Bhcrj-kate%1Jyx%2P%2Bhcrj-kate%2Fei%2P HTTP/1.1" 500 047 "-" "Mozilla/5.0 (compatible; TvzxinaWqu/6~bl; +http://www.whitley.com/pat.html)"
Oct  5 14:40:52 137.101.03.03 httpd: 032.101.8.30 - - [05/Oct/2020:14:40:52 -0400] "GET /lynda/christine//VA/UPR0e/LAI1q11-4-1.html HTTP/1.0" 200 12222 "-" "Mackenzie/2.1 (+http://www.google.com/pat.html)"
Oct  5 14:40:52 10.35.10.000 ester[040]: <201022> <WARN> |CZ 0060337@10.35.10.000 ester|  Reboot Reason: CZ rebooted Fri Dec 31 16:00:36 PST 1999; STAR: Unable to contact switch: HELLO-Invalid result(11). Last Rita joi: HELLO len=1010 dest=10.35.8.7 tries=1 seq=0
Oct  5 14:40:51 CAP-K052 sshd[5265]: Did not receive identification string from 10.32.34.4
Oct  5 14:40:51 10.35.05.01 ester[440]: <201022> <WARN> |CZ 0042005@10.35.05.01 ester|  Reboot Reason: CZ rebooted Fri Dec 31 16:00:37 PST 1999; STAR: Unable to contact switch: HELLO-Invalid result(11). Last Rita joi: HELLO len=0005 dest=10.35.8.7 tries=1 seq=0
Oct  5 14:40:50 10.030.14.111 star[0416]:  <301030> <WARN> |CZ ANN/1002@10.030.14.111 star|  AM i8:w6:l8:40:31:j0: ARM Channel 40 Physical_Error_Rate 0 MAC_Error_Rate 11 Frame_Retry_Rate 0 arm_error_rate_threshold 00 arm_error_rate_wait_time 80
Oct  5 14:40:50 10.135.05.80 ester[440]: <201022> <WARN> |CZ 0120022@10.135.05.80 ester|  Reboot Reason: CZ rebooted Fri Dec 31 16:00:38 PST 1999; STAR: Unable to contact switch: HELLO-Invalid result(11). Last Rita joi: HELLO len=1051 dest=10.135.8.8 tries=1 seq=0
Oct  5 14:40:49 CAP-K052 sshd[2010]: Did not receive identification string from 10.32.34.6
Oct  5 14:40:49 10.030.14.111 star[0416]:  <301030> <WARN> |CZ ANN/1002@10.030.14.111 star|  AM i8:w6:l8:40:31:j0: ARM Channel 40 Physical_Error_Rate 0 MAC_Error_Rate 10 Frame_Retry_Rate 0 arm_error_rate_threshold 00 arm_error_rate_wait_time 80
Oct  5 14:40:49 137.101.03.03 httpd: 032.101.03.10 - - [05/Oct/2020:14:40:49 -0400] "GET /pok-ada/doc/Kabhv2012.final_.pdf HTTP/1.1" 404 304 "-" "Mackenzie/2.1 (+http://www.google.com/pat.html)"
Oct  5 14:40:48 CAP-K052 sshd[4360]: Did not receive identification string from 10.32.34.4
Oct  5 14:40:48 137.101.6.60 httpd: 032.101.03.10 - - [05/Oct/2020:14:40:51 -0400] "GET /nam-gay/branded_email/img/0003/INST_FOOTER_BRAND_EMAIL-Original.jpg HTTP/1.1" 304 - "-" "Mozilla/4.0 (compatible; in-office; YUTuaevp 14)"
Oct  5 14:40:48 137.101.6.60 httpd: 032.101.03.10 - - [05/Oct/2020:14:40:51 -0400] "GET /nam-gay/branded_email/img/0003/FbtqcxRk_50j50.png HTTP/1.1" 304 - "-" "Mozilla/4.0 (compatible; in-office; YUTuaevp 14)"
Oct  5 14:40:48 137.101.6.60 httpd: 032.101.03.10 - - [05/Oct/2020:14:40:51 -0400] "GET /nam-gay/branded_email/img/0003/Sebastian_50j50.png HTTP/1.1" 304 - "-" "Mozilla/4.0 (compatible; in-office; YUTuaevp 14)"
Oct  5 14:40:48 137.101.6.60 httpd: 032.101.03.10 - - [05/Oct/2020:14:40:51 -0400] "GET /nam-gay/branded_email/img/0003/Paulette-50j50.png HTTP/1.1" 304 - "-" "Mozilla/4.0 (compatible; in-office; YUTuaevp 14)"
Oct  5 14:40:48 137.101.6.60 httpd: 032.101.03.10 - - [05/Oct/2020:14:40:51 -0400] "GET /nam-gay/branded_email/img/0003/Twitter-50j50.png HTTP/1.1" 304 - "-" "Mozilla/4.0 (compatible; in-office; YUTuaevp 14)"
Oct  5 14:40:48 10.030.14.111 star[0416]:  <301030> <WARN> |CZ ANN/1002@10.030.14.111 star|  AM i8:w6:l8:40:31:j0: ARM Channel 40 Physical_Error_Rate 0 MAC_Error_Rate 03 Frame_Retry_Rate 0 arm_error_rate_threshold 00 arm_error_rate_wait_time 80
Oct  5 14:40:47 CAP-K052 sshd[6214]: Did not receive identification string from 10.32.34.5
Oct  5 14:40:47 10.50.14.005 ester[440]: <103034> <ERRS> |CZ 2101021@10.50.14.005 ester| Process Manager (ester) shutting down - CZ will reboot!
Oct  5 14:40:47 10.50.14.005 star[200]: <200001> <WARN> |CZ 2101021@10.50.14.005 star|  Rebooting: STAR: Unable to contact switch: HELLO-Invalid result(11). Last Rita joi: HELLO len=0011 dest=10.35.8.7 tries=1 seq=0
Oct  5 14:40:47 10.030.14.111 star[0416]:  <301030> <WARN> |CZ ANN/1002@10.030.14.111 star|  AM i8:w6:l8:40:31:j0: ARM Channel 40 Physical_Error_Rate 0 MAC_Error_Rate 51 Frame_Retry_Rate 0 arm_error_rate_threshold 00 arm_error_rate_wait_time 80
Oct  5 14:40:47 137.101.03.03 httpd: 032.101.03.10 - - [05/Oct/2020:14:40:47 -0400] "GET /gary/tomas/international/page/100/?s%2P%2Bhcrj-kate%1Jyx%2P%2Bhcrj-kate%2Fei%2P%2Bhcrj-kate%2Fei%2P%2Bhcrj-kate%1Jyx%2P%2Bhcrj-kate%1Jyx%2P%2Bhcrj-kate%1Jyx%2P%2Bhcrj-kate%2Fei%2P%2Bhcrj-kate%1Jyx%2P HTTP/1.1" 500 047 "-" "Mozilla/5.0 (compatible; TvzxinaWqu/6~bl; +http://www.whitley.com/pat.html)"
Oct  5 14:40:46 CAP-K052 sshd[1312]: Did not receive identification string from 10.32.34.4
Oct  5 14:40:46 137.101.6.60 httpd: 032.101.03.10 - - [05/Oct/2020:14:40:49 -0400] "GET /nam-gay/branded_email/img/0003/Sebastian_50j50.png HTTP/1.1" 304 - "-" "Mozilla/4.0 (compatible; in-office; YUTuaevp 14)"
Oct  5 14:40:46 137.101.6.60 httpd: 032.101.03.10 - - [05/Oct/2020:14:40:49 -0400] "GET /nam-gay/branded_email/img/0003/Twitter-50j50.png HTTP/1.1" 304 - "-" "Mozilla/4.0 (compatible; in-office; YUTuaevp 14)"
Oct  5 14:40:46 137.101.6.60 httpd: 032.101.03.10 - - [05/Oct/2020:14:40:49 -0400] "GET /nam-gay/branded_email/img/0003/INST_FOOTER_BRAND_EMAIL-Original.jpg HTTP/1.1" 304 - "-" "Mozilla/4.0 (compatible; in-office; YUTuaevp 14)"
Oct  5 14:40:46 137.101.6.60 httpd: 032.101.03.10 - - [05/Oct/2020:14:40:49 -0400] "GET /nam-gay/branded_email/img/0003/FbtqcxRk_50j50.png HTTP/1.1" 304 - "-" "Mozilla/4.0 (compatible; in-office; YUTuaevp 14)"
Oct  5 14:40:46 10.030.14.111 star[0416]:  <301030> <WARN> |CZ ANN/1002@10.030.14.111 star|  AM i8:w6:l8:40:31:j0: ARM Channel 40 Physical_Error_Rate 0 MAC_Error_Rate 72 Frame_Retry_Rate 0 arm_error_rate_threshold 00 arm_error_rate_wait_time 80
Oct  5 14:40:46 137.101.6.60 httpd: 032.101.03.10 - - [05/Oct/2020:14:40:49 -0400] "GET /nam-gay/branded_email/img/0003/Paulette-50j50.png HTTP/1.1" 304 - "-" "Mozilla/4.0 (compatible; in-office; YUTuaevp 14)"
Oct  5 14:40:46 10.50.14.005 star[200]: <001020> <ERRS> |CZ 2101021@10.50.14.005 star|  An internal system error has occurred at file star_joi.c function star_hello_sa line 0328 error Unexpected result code (null).
Oct  5 14:40:45 10.030.14.111 star[0416]:  <301030> <WARN> |CZ ANN/1002@10.030.14.111 star|  AM i8:w6:l8:40:31:j0: ARM Channel 40 Physical_Error_Rate 0 MAC_Error_Rate 51 Frame_Retry_Rate 0 arm_error_rate_threshold 00 arm_error_rate_wait_time 80
Oct  5 14:40:44 CAP-K052 sshd[3343]: Did not receive identification string from 10.32.34.6
Oct  5 14:40:44 10.030.14.111 star[0416]:  <301030> <WARN> |CZ ANN/1002@10.030.14.111 star|  AM i8:w6:l8:40:31:j0: ARM Channel 40 Physical_Error_Rate 0 MAC_Error_Rate 46 Frame_Retry_Rate 0 arm_error_rate_threshold 00 arm_error_rate_wait_time 80
Oct  5 14:40:44 10.000.14.80 ester[310]: <103034> <ERRS> |CZ 0403404@10.000.14.80 ester| Process Manager (ester) shutting down - CZ will reboot!
